[log] mirroring all output to /project/rise-batteries/Photonics_RISE/runs/ablation/kappa0_jitter_s015/logs/verify_candidates_20260804_052651.log
[verify] 20 candidates, jitter sigma=0.15, bank=/project/rise-batteries/Photonics_RISE/scripts/FDTD_solver/data_production, device=cuda
[verify] numerics: campaign wl grid, decay_tol=0.0003, cap=2500 (res60) -- identical to the bank
[verify] gates: floor 0.30 % (Test 9, res-120 referee); elite rung res 120
[bank cell] n=155  mean=2.6036  p95=2.6193  max=2.6283
[solve] candidate_0000 @ res 60  (~7 min)...
        E(res60) = 2.6497   (273s)
[solve] candidate_0001 @ res 60  (~7 min)...
        E(res60) = 2.6461   (243s)
[solve] candidate_0002 @ res 60  (~7 min)...
        E(res60) = 2.6492   (238s)
[solve] candidate_0003 @ res 60  (~7 min)...
        E(res60) = 2.6604   (252s)
[solve] candidate_0004 @ res 60  (~7 min)...
        E(res60) = 2.6468   (260s)
[solve] candidate_0005 @ res 60  (~7 min)...
        E(res60) = 2.6575   (222s)
[solve] candidate_0006 @ res 60  (~7 min)...
        E(res60) = 2.6566   (249s)
[solve] candidate_0007 @ res 60  (~7 min)...
        E(res60) = 2.6499   (223s)
[solve] candidate_0008 @ res 60  (~7 min)...
        E(res60) = 2.6221   (231s)
[solve] candidate_0009 @ res 60  (~7 min)...
        E(res60) = 2.6454   (234s)
[solve] candidate_0010 @ res 60  (~7 min)...
        E(res60) = 2.6491   (241s)
[solve] candidate_0011 @ res 60  (~7 min)...
        E(res60) = 2.6543   (245s)
[solve] candidate_0012 @ res 60  (~7 min)...
        E(res60) = 2.6506   (236s)
[solve] candidate_0013 @ res 60  (~7 min)...
        E(res60) = 2.6407   (216s)
[solve] candidate_0014 @ res 60  (~7 min)...
        E(res60) = 2.6534   (235s)
[solve] candidate_0015 @ res 60  (~7 min)...
        E(res60) = 2.6412   (223s)
[solve] candidate_0016 @ res 60  (~7 min)...
        E(res60) = 2.6615   (244s)
[solve] candidate_0017 @ res 60  (~7 min)...
        E(res60) = 2.6618   (224s)
[solve] candidate_0018 @ res 60  (~7 min)...
        E(res60) = 2.6536   (217s)
[solve] candidate_0019 @ res 60  (~7 min)...
        E(res60) = 2.6551   (240s)

============================================================================
VERIFICATION TABLE (res 60 -- same numerics as the bank)
============================================================================
  candidate        method     pred E  true E60 pred-true gain vs cell mean  verdict
  candidate_0017   gradient   2.6381    2.6618   -0.0237            +2.24%  CLAIMABLE
  candidate_0016   gradient   2.6381    2.6615   -0.0234            +2.22%  CLAIMABLE
  candidate_0003   cmaes      2.6406    2.6604   -0.0198            +2.18%  CLAIMABLE
  candidate_0005   cmaes      2.6404    2.6575   -0.0171            +2.07%  CLAIMABLE
  candidate_0006   cmaes      2.6401    2.6566   -0.0165            +2.04%  CLAIMABLE
  candidate_0019   gradient   2.6377    2.6551   -0.0174            +1.98%  CLAIMABLE
  candidate_0011   gradient   2.6391    2.6543   -0.0153            +1.95%  CLAIMABLE
  candidate_0018   gradient   2.6378    2.6536   -0.0158            +1.92%  CLAIMABLE
  candidate_0014   gradient   2.6387    2.6534   -0.0147            +1.91%  CLAIMABLE
  candidate_0012   gradient   2.6390    2.6506   -0.0116            +1.81%  CLAIMABLE
  candidate_0007   cmaes      2.6400    2.6499   -0.0099            +1.78%  CLAIMABLE
  candidate_0000   cmaes      2.6417    2.6497   -0.0080            +1.77%  CLAIMABLE
  candidate_0002   cmaes      2.6414    2.6492   -0.0078            +1.75%  CLAIMABLE
  candidate_0010   cmaes      2.6392    2.6491   -0.0098            +1.75%  CLAIMABLE
  candidate_0004   cmaes      2.6405    2.6468   -0.0063            +1.66%  CLAIMABLE
  candidate_0001   cmaes      2.6416    2.6461   -0.0045            +1.63%  CLAIMABLE
  candidate_0009   cmaes      2.6396    2.6454   -0.0058            +1.60%  CLAIMABLE
  candidate_0015   gradient   2.6384    2.6412   -0.0028            +1.44%  CLAIMABLE
  candidate_0013   cmaes      2.6389    2.6407   -0.0018            +1.42%  CLAIMABLE
  candidate_0008   cmaes      2.6397    2.6221   +0.0176            +0.71%  CLAIMABLE

  surrogate bias on champions (pred - true): -0.0107 (-0.40 %)  <- winner's-curse check
  rank agreement Spearman(pred, true): -0.236  (n=20)

  CHAMPION: candidate_0017  true E60 = 2.6618
    vs cell mean 2.6036: +2.24 % (floor 0.30 %)
    vs cell p95  2.6193: +1.63 %
    vs cell MAX  2.6283: +1.28 %  <- beats every random draw in the bank?
    candidates above the banked max: 19/20

[out] verification.csv + verdict JSON -> /project/rise-batteries/Photonics_RISE/runs/ablation/kappa0_jitter_s015
[out] 20 bank-schema records -> /project/rise-batteries/Photonics_RISE/runs/ablation/kappa0_jitter_s015/verified_samples (active learning; sample_id 900000+)
