[log] mirroring all output to runs/inverse/radius_s015/logs/verify_candidates_20260729_193652.log
[verify] 20 candidates, radius sigma=0.15, bank=/usr4/spclpgm/taikis/Photonics_RISE/scripts/FDTD_solver/data_production, device=cuda
[verify] numerics: campaign wl grid, decay_tol=0.0003, cap=2500 (res60) -- identical to the bank
[verify] gates: floor 0.30 % (Test 9, res-120 referee); elite rung res 120
[bank cell] n=155  mean=2.5995  p95=2.6153  max=2.6231
[solve] candidate_0000 @ res 60  (~7 min)...
        E(res60) = 2.6315   (267s)
[solve] candidate_0001 @ res 60  (~7 min)...
        E(res60) = 2.6356   (218s)
[solve] candidate_0002 @ res 60  (~7 min)...
        E(res60) = 2.6292   (235s)
[solve] candidate_0003 @ res 60  (~7 min)...
        E(res60) = 2.6449   (221s)
[solve] candidate_0004 @ res 60  (~7 min)...
        E(res60) = 2.6407   (240s)
[solve] candidate_0005 @ res 60  (~7 min)...
        E(res60) = 2.6386   (198s)
[solve] candidate_0006 @ res 60  (~7 min)...
        E(res60) = 2.6430   (206s)
[solve] candidate_0007 @ res 60  (~7 min)...
        E(res60) = 2.6404   (221s)
[solve] candidate_0008 @ res 60  (~7 min)...
        E(res60) = 2.6349   (241s)
[solve] candidate_0009 @ res 60  (~7 min)...
        E(res60) = 2.6412   (225s)
[solve] candidate_0010 @ res 60  (~7 min)...
        E(res60) = 2.6320   (223s)
[solve] candidate_0011 @ res 60  (~7 min)...
        E(res60) = 2.6347   (233s)
[solve] candidate_0012 @ res 60  (~7 min)...
        E(res60) = 2.6406   (225s)
[solve] candidate_0013 @ res 60  (~7 min)...
        E(res60) = 2.6307   (207s)
[solve] candidate_0014 @ res 60  (~7 min)...
        E(res60) = 2.6304   (203s)
[solve] candidate_0015 @ res 60  (~7 min)...
        E(res60) = 2.6478   (209s)
[solve] candidate_0016 @ res 60  (~7 min)...
        E(res60) = 2.6252   (212s)
[solve] candidate_0017 @ res 60  (~7 min)...
        E(res60) = 2.6311   (209s)
[solve] candidate_0018 @ res 60  (~7 min)...
        E(res60) = 2.6347   (224s)
[solve] candidate_0019 @ res 60  (~7 min)...
        E(res60) = 2.6384   (238s)

============================================================================
VERIFICATION TABLE (res 60 -- same numerics as the bank)
============================================================================
  candidate        method     pred E  true E60 pred-true gain vs cell mean  verdict
  candidate_0015   gradient   2.6280    2.6478   -0.0198            +1.86%  CLAIMABLE
  candidate_0003   cmaes      2.6298    2.6449   -0.0151            +1.75%  CLAIMABLE
  candidate_0006   cmaes      2.6295    2.6430   -0.0135            +1.68%  CLAIMABLE
  candidate_0009   cmaes      2.6291    2.6412   -0.0121            +1.61%  CLAIMABLE
  candidate_0004   cmaes      2.6300    2.6407   -0.0107            +1.58%  CLAIMABLE
  candidate_0012   gradient   2.6280    2.6406   -0.0126            +1.58%  CLAIMABLE
  candidate_0007   cmaes      2.6294    2.6404   -0.0111            +1.58%  CLAIMABLE
  candidate_0005   cmaes      2.6294    2.6386   -0.0092            +1.50%  CLAIMABLE
  candidate_0019   gradient   2.6269    2.6384   -0.0115            +1.50%  CLAIMABLE
  candidate_0001   cmaes      2.6297    2.6356   -0.0059            +1.39%  CLAIMABLE
  candidate_0008   cmaes      2.6294    2.6349   -0.0055            +1.36%  CLAIMABLE
  candidate_0011   gradient   2.6283    2.6347   -0.0064            +1.36%  CLAIMABLE
  candidate_0018   gradient   2.6270    2.6347   -0.0077            +1.35%  CLAIMABLE
  candidate_0010   cmaes      2.6281    2.6320   -0.0039            +1.25%  CLAIMABLE
  candidate_0000   cmaes      2.6298    2.6315   -0.0017            +1.23%  CLAIMABLE
  candidate_0017   gradient   2.6271    2.6311   -0.0039            +1.22%  CLAIMABLE
  candidate_0013   gradient   2.6274    2.6307   -0.0033            +1.20%  CLAIMABLE
  candidate_0014   cmaes      2.6273    2.6304   -0.0030            +1.19%  CLAIMABLE
  candidate_0002   cmaes      2.6303    2.6292   +0.0011            +1.14%  CLAIMABLE
  candidate_0016   gradient   2.6272    2.6252   +0.0020            +0.99%  CLAIMABLE

  surrogate bias on champions (pred - true): -0.0077 (-0.29 %)  <- winner's-curse check
  rank agreement Spearman(pred, true): +0.274  (n=20)

  CHAMPION: candidate_0015  true E60 = 2.6478
    vs cell mean 2.5995: +1.86 % (floor 0.30 %)
    vs cell p95  2.6153: +1.24 %
    vs cell MAX  2.6231: +0.94 %  <- beats every random draw in the bank?
    candidates above the banked max: 20/20

[out] verification.csv + verdict JSON -> runs/inverse/radius_s015
[out] 20 bank-schema records -> runs/inverse/radius_s015/verified_samples (active learning; sample_id 900000+)
