[log] mirroring all output to scripts/FDTD_solver/candidates/jitter_s008_currentbest/logs/verify_candidates_20260729_012928.log
[verify] 20 candidates, jitter sigma=0.08, bank=/project/rise-batteries/Photonics_RISE/scripts/FDTD_solver/data_production, device=cuda
[verify] numerics: campaign wl grid, decay_tol=0.0003, cap=2500 (res60) -- identical to the bank
[verify] gates: floor 0.30 % (Test 9, res-120 referee); elite rung res 120
[bank cell] n=155  mean=2.6239  p95=2.6375  max=2.6449
[solve] candidate_0000 @ res 60  (~7 min)...
        E(res60) = 2.6389   (307s)
[solve] candidate_0001 @ res 60  (~7 min)...
        E(res60) = 2.6457   (239s)
[solve] candidate_0002 @ res 60  (~7 min)...
        E(res60) = 2.6468   (233s)
[solve] candidate_0003 @ res 60  (~7 min)...
        E(res60) = 2.6345   (244s)
[solve] candidate_0004 @ res 60  (~7 min)...
        E(res60) = 2.6549   (264s)
[solve] candidate_0005 @ res 60  (~7 min)...
        E(res60) = 2.6377   (238s)
[solve] candidate_0006 @ res 60  (~7 min)...
        E(res60) = 2.6476   (229s)
[solve] candidate_0007 @ res 60  (~7 min)...
        E(res60) = 2.6374   (240s)
[solve] candidate_0008 @ res 60  (~7 min)...
        E(res60) = 2.6410   (218s)
[solve] candidate_0009 @ res 60  (~7 min)...
        E(res60) = 2.6525   (263s)
[solve] candidate_0010 @ res 60  (~7 min)...
        E(res60) = 2.6359   (236s)
[solve] candidate_0011 @ res 60  (~7 min)...
        E(res60) = 2.6387   (214s)
[solve] candidate_0012 @ res 60  (~7 min)...
        E(res60) = 2.6432   (237s)
[solve] candidate_0013 @ res 60  (~7 min)...
        E(res60) = 2.6545   (248s)
[solve] candidate_0014 @ res 60  (~7 min)...
        E(res60) = 2.6364   (253s)
[solve] candidate_0015 @ res 60  (~7 min)...
        E(res60) = 2.6347   (241s)
[solve] candidate_0016 @ res 60  (~7 min)...
        E(res60) = 2.6443   (213s)
[solve] candidate_0017 @ res 60  (~7 min)...
        E(res60) = 2.6423   (239s)
[solve] candidate_0018 @ res 60  (~7 min)...
        E(res60) = 2.6503   (266s)
[solve] candidate_0019 @ res 60  (~7 min)...
        E(res60) = 2.6485   (221s)

============================================================================
VERIFICATION TABLE (res 60 -- same numerics as the bank)
============================================================================
  candidate        method     pred E  true E60 pred-true gain vs cell mean  verdict
  candidate_0004   cmaes      2.6434    2.6549   -0.0115            +1.18%  CLAIMABLE
  candidate_0013   gradient   2.6410    2.6545   -0.0135            +1.17%  CLAIMABLE
  candidate_0009   cmaes      2.6433    2.6525   -0.0092            +1.09%  CLAIMABLE
  candidate_0018   gradient   2.6409    2.6503   -0.0094            +1.01%  CLAIMABLE
  candidate_0019   gradient   2.6408    2.6485   -0.0077            +0.94%  CLAIMABLE
  candidate_0006   cmaes      2.6435    2.6476   -0.0042            +0.90%  CLAIMABLE
  candidate_0002   cmaes      2.6440    2.6468   -0.0029            +0.87%  CLAIMABLE
  candidate_0001   cmaes      2.6439    2.6457   -0.0018            +0.83%  CLAIMABLE
  candidate_0016   gradient   2.6409    2.6443   -0.0034            +0.78%  CLAIMABLE
  candidate_0012   gradient   2.6412    2.6432   -0.0019            +0.73%  CLAIMABLE
  candidate_0017   gradient   2.6410    2.6423   -0.0013            +0.70%  CLAIMABLE
  candidate_0008   cmaes      2.6431    2.6410   +0.0021            +0.65%  CLAIMABLE
  candidate_0000   cmaes      2.6440    2.6389   +0.0051            +0.57%  CLAIMABLE
  candidate_0011   cmaes      2.6421    2.6387   +0.0034            +0.56%  CLAIMABLE
  candidate_0005   cmaes      2.6438    2.6377   +0.0062            +0.52%  CLAIMABLE
  candidate_0007   cmaes      2.6435    2.6374   +0.0060            +0.51%  CLAIMABLE
  candidate_0014   gradient   2.6409    2.6364   +0.0045            +0.47%  CLAIMABLE
  candidate_0010   cmaes      2.6430    2.6359   +0.0070            +0.46%  CLAIMABLE
  candidate_0015   gradient   2.6410    2.6347   +0.0063            +0.41%  CLAIMABLE
  candidate_0003   cmaes      2.6435    2.6345   +0.0090            +0.40%  CLAIMABLE

  surrogate bias on champions (pred - true): -0.0009 (-0.03 %)  <- winner's-curse check
  rank agreement Spearman(pred, true): -0.126  (n=20)

  CHAMPION: candidate_0004  true E60 = 2.6549
    vs cell mean 2.6239: +1.18 % (floor 0.30 %)
    vs cell p95  2.6375: +0.66 %
    vs cell MAX  2.6449: +0.38 %  <- beats every random draw in the bank?
    candidates above the banked max: 8/20

[out] verification.csv + verdict JSON -> scripts/FDTD_solver/candidates/jitter_s008_currentbest
[out] 20 bank-schema records -> scripts/FDTD_solver/candidates/jitter_s008_currentbest/verified_samples (active learning; sample_id 900000+)
