[log] mirroring all output to runs/inverse/jitter_s015/logs/verify_candidates_20260729_231633.log
[verify] 20 candidates, jitter sigma=0.15, bank=/project/rise-batteries/Photonics_RISE/scripts/FDTD_solver/data_production, device=cuda
[verify] numerics: campaign wl grid, decay_tol=0.0003, cap=2500 (res60) -- identical to the bank
[verify] gates: floor 0.30 % (Test 9, res-120 referee); elite rung res 120
[bank cell] n=155  mean=2.6036  p95=2.6193  max=2.6283
[solve] candidate_0000 @ res 60  (~7 min)...
        E(res60) = 2.6522   (244s)
[solve] candidate_0001 @ res 60  (~7 min)...
        E(res60) = 2.6548   (273s)
[solve] candidate_0002 @ res 60  (~7 min)...
        E(res60) = 2.6594   (233s)
[solve] candidate_0003 @ res 60  (~7 min)...
        E(res60) = 2.6674   (253s)
[solve] candidate_0004 @ res 60  (~7 min)...
        E(res60) = 2.6385   (237s)
[solve] candidate_0005 @ res 60  (~7 min)...
        E(res60) = 2.6440   (230s)
[solve] candidate_0006 @ res 60  (~7 min)...
        E(res60) = 2.6472   (228s)
[solve] candidate_0007 @ res 60  (~7 min)...
        E(res60) = 2.6547   (241s)
[solve] candidate_0008 @ res 60  (~7 min)...
        E(res60) = 2.6267   (220s)
[solve] candidate_0009 @ res 60  (~7 min)...
        E(res60) = 2.6562   (251s)
[solve] candidate_0010 @ res 60  (~7 min)...
        E(res60) = 2.6386   (233s)
[solve] candidate_0011 @ res 60  (~7 min)...
        E(res60) = 2.6579   (261s)
[solve] candidate_0012 @ res 60  (~7 min)...
        E(res60) = 2.6346   (257s)
[solve] candidate_0013 @ res 60  (~7 min)...
        E(res60) = 2.6454   (221s)
[solve] candidate_0014 @ res 60  (~7 min)...
        E(res60) = 2.6658   (234s)
[solve] candidate_0015 @ res 60  (~7 min)...
        E(res60) = 2.6414   (232s)
[solve] candidate_0016 @ res 60  (~7 min)...
        E(res60) = 2.6661   (259s)
[solve] candidate_0017 @ res 60  (~7 min)...
        E(res60) = 2.6522   (232s)
[solve] candidate_0018 @ res 60  (~7 min)...
        E(res60) = 2.6420   (236s)
[solve] candidate_0019 @ res 60  (~7 min)...
        E(res60) = 2.6506   (247s)

============================================================================
VERIFICATION TABLE (res 60 -- same numerics as the bank)
============================================================================
  candidate        method     pred E  true E60 pred-true gain vs cell mean  verdict
  candidate_0003   cmaes      2.6424    2.6674   -0.0250            +2.45%  CLAIMABLE
  candidate_0016   gradient   2.6397    2.6661   -0.0264            +2.40%  CLAIMABLE
  candidate_0014   gradient   2.6402    2.6658   -0.0256            +2.39%  CLAIMABLE
  candidate_0002   cmaes      2.6426    2.6594   -0.0168            +2.14%  CLAIMABLE
  candidate_0011   gradient   2.6409    2.6579   -0.0170            +2.09%  CLAIMABLE
  candidate_0009   gradient   2.6414    2.6562   -0.0148            +2.02%  CLAIMABLE
  candidate_0001   cmaes      2.6438    2.6548   -0.0110            +1.97%  CLAIMABLE
  candidate_0007   cmaes      2.6415    2.6547   -0.0132            +1.96%  CLAIMABLE
  candidate_0017   gradient   2.6392    2.6522   -0.0130            +1.87%  CLAIMABLE
  candidate_0000   cmaes      2.6443    2.6522   -0.0079            +1.87%  CLAIMABLE
  candidate_0019   gradient   2.6390    2.6506   -0.0116            +1.81%  CLAIMABLE
  candidate_0006   cmaes      2.6416    2.6472   -0.0055            +1.67%  CLAIMABLE
  candidate_0013   cmaes      2.6402    2.6454   -0.0051            +1.60%  CLAIMABLE
  candidate_0005   cmaes      2.6420    2.6440   -0.0021            +1.55%  CLAIMABLE
  candidate_0018   gradient   2.6393    2.6420   -0.0028            +1.48%  CLAIMABLE
  candidate_0015   gradient   2.6397    2.6414   -0.0017            +1.45%  CLAIMABLE
  candidate_0010   cmaes      2.6409    2.6386   +0.0023            +1.34%  CLAIMABLE
  candidate_0004   cmaes      2.6422    2.6385   +0.0037            +1.34%  CLAIMABLE
  candidate_0012   cmaes      2.6409    2.6346   +0.0063            +1.19%  CLAIMABLE
  candidate_0008   cmaes      2.6414    2.6267   +0.0148            +0.89%  CLAIMABLE

  surrogate bias on champions (pred - true): -0.0086 (-0.33 %)  <- winner's-curse check
  rank agreement Spearman(pred, true): +0.104  (n=20)

  CHAMPION: candidate_0003  true E60 = 2.6674
    vs cell mean 2.6036: +2.45 % (floor 0.30 %)
    vs cell p95  2.6193: +1.84 %
    vs cell MAX  2.6283: +1.49 %  <- beats every random draw in the bank?
    candidates above the banked max: 19/20

[out] verification.csv + verdict JSON -> runs/inverse/jitter_s015
[out] 20 bank-schema records -> runs/inverse/jitter_s015/verified_samples (active learning; sample_id 900000+)
