[log] mirroring all output to /project/rise-batteries/Photonics_RISE/runs/ablation/random_baseline/radius_s015/logs/verify_candidates_20260804_192536.log
[verify] 20 candidates, radius sigma=0.15, bank=/project/rise-batteries/Photonics_RISE/scripts/FDTD_solver/data_production, device=cuda
[verify] numerics: campaign wl grid, decay_tol=0.0003, cap=2500 (res60) -- identical to the bank
[verify] gates: floor 0.30 % (Test 9, res-120 referee); elite rung res 120
[bank cell] n=155  mean=2.5995  p95=2.6153  max=2.6231
[solve] candidate_0000 @ res 60  (~7 min)...
        E(res60) = 2.5974   (232s)
[solve] candidate_0001 @ res 60  (~7 min)...
        E(res60) = 2.6032   (233s)
[solve] candidate_0002 @ res 60  (~7 min)...
        E(res60) = 2.6117   (209s)
[solve] candidate_0003 @ res 60  (~7 min)...
        E(res60) = 2.5961   (217s)
[solve] candidate_0004 @ res 60  (~7 min)...
        E(res60) = 2.5989   (212s)
[solve] candidate_0005 @ res 60  (~7 min)...
        E(res60) = 2.6010   (219s)
[solve] candidate_0006 @ res 60  (~7 min)...
        E(res60) = 2.5911   (192s)
[solve] candidate_0007 @ res 60  (~7 min)...
        E(res60) = 2.5946   (204s)
[solve] candidate_0008 @ res 60  (~7 min)...
        E(res60) = 2.5913   (223s)
[solve] candidate_0009 @ res 60  (~7 min)...
        E(res60) = 2.5824   (234s)
[solve] candidate_0010 @ res 60  (~7 min)...
        E(res60) = 2.6057   (203s)
[solve] candidate_0011 @ res 60  (~7 min)...
        E(res60) = 2.6049   (213s)
[solve] candidate_0012 @ res 60  (~7 min)...
        E(res60) = 2.6091   (223s)
[solve] candidate_0013 @ res 60  (~7 min)...
        E(res60) = 2.5990   (256s)
[solve] candidate_0014 @ res 60  (~7 min)...
        E(res60) = 2.6014   (203s)
[solve] candidate_0015 @ res 60  (~7 min)...
        E(res60) = 2.6137   (196s)
[solve] candidate_0016 @ res 60  (~7 min)...
        E(res60) = 2.5991   (230s)
[solve] candidate_0017 @ res 60  (~7 min)...
        E(res60) = 2.6041   (209s)
[solve] candidate_0018 @ res 60  (~7 min)...
        E(res60) = 2.6162   (212s)
[solve] candidate_0019 @ res 60  (~7 min)...
        E(res60) = 2.5965   (211s)

============================================================================
VERIFICATION TABLE (res 60 -- same numerics as the bank)
============================================================================
  candidate        method     pred E  true E60 pred-true gain vs cell mean  verdict
  candidate_0018   random     2.6144    2.6162   -0.0018            +0.64%  CLAIMABLE
  candidate_0015   random     2.6103    2.6137   -0.0034            +0.55%  CLAIMABLE
  candidate_0002   random     2.6100    2.6117   -0.0017            +0.47%  CLAIMABLE
  candidate_0012   random     2.6134    2.6091   +0.0043            +0.37%  CLAIMABLE
  candidate_0010   random     2.6017    2.6057   -0.0040            +0.24%  ELITE-VERIFY
  candidate_0011   random     2.6092    2.6049   +0.0043            +0.21%  ELITE-VERIFY
  candidate_0017   random     2.6027    2.6041   -0.0013            +0.18%  ELITE-VERIFY
  candidate_0001   random     2.6016    2.6032   -0.0016            +0.14%  ELITE-VERIFY
  candidate_0014   random     2.5970    2.6014   -0.0044            +0.07%  ELITE-VERIFY
  candidate_0005   random     2.6035    2.6010   +0.0024            +0.06%  ELITE-VERIFY
  candidate_0016   random     2.5958    2.5991   -0.0033            -0.01%  below mean
  candidate_0013   random     2.5856    2.5990   -0.0134            -0.02%  below mean
  candidate_0004   random     2.5922    2.5989   -0.0066            -0.02%  below mean
  candidate_0000   random     2.6069    2.5974   +0.0095            -0.08%  below mean
  candidate_0019   random     2.5936    2.5965   -0.0029            -0.11%  below mean
  candidate_0003   random     2.5983    2.5961   +0.0023            -0.13%  below mean
  candidate_0007   random     2.5974    2.5946   +0.0028            -0.19%  below mean
  candidate_0008   random     2.5902    2.5913   -0.0011            -0.31%  below mean
  candidate_0006   random     2.5970    2.5911   +0.0058            -0.32%  below mean
  candidate_0009   random     2.5859    2.5824   +0.0035            -0.66%  below mean

  surrogate bias on champions (pred - true): -0.0005 (-0.02 %)  <- winner's-curse check
  rank agreement Spearman(pred, true): +0.782  (n=20)

  CHAMPION: candidate_0018  true E60 = 2.6162
    vs cell mean 2.5995: +0.64 % (floor 0.30 %)
    vs cell p95  2.6153: +0.03 %
    vs cell MAX  2.6231: -0.26 %  <- beats every random draw in the bank?
    candidates above the banked max: 0/20

[out] verification.csv + verdict JSON -> /project/rise-batteries/Photonics_RISE/runs/ablation/random_baseline/radius_s015
[out] 20 bank-schema records -> /project/rise-batteries/Photonics_RISE/runs/ablation/random_baseline/radius_s015/verified_samples (active learning; sample_id 900000+)
