[log] mirroring all output to /project/rise-batteries/Photonics_RISE/runs/ablation/random_baseline/logs/ablation_06_random_baseline_20260804_130347.log
[skip] jitter_s006: candidates already written
[skip] jitter_s008: candidates already written
[skip] jitter_s010: candidates already written
[skip] jitter_s0125: candidates already written
[skip] jitter_s015: candidates already written
[skip] radius_s015: candidates already written
[skip] radius_s020: candidates already written
[skip] radius_s025: candidates already written

################ verifying jitter_s006 ################
[cmd] PC_MODE=FULL PC_COMPILE=1 /project/rise-batteries/photonics-fdtd/bin/python3 -u scripts/FDTD_solver/verify_candidates.py --in-dir /project/rise-batteries/Photonics_RISE/runs/ablation/random_baseline/jitter_s006

################ verifying jitter_s008 ################
[cmd] PC_MODE=FULL PC_COMPILE=1 /project/rise-batteries/photonics-fdtd/bin/python3 -u scripts/FDTD_solver/verify_candidates.py --in-dir /project/rise-batteries/Photonics_RISE/runs/ablation/random_baseline/jitter_s008

################ verifying jitter_s010 ################
[cmd] PC_MODE=FULL PC_COMPILE=1 /project/rise-batteries/photonics-fdtd/bin/python3 -u scripts/FDTD_solver/verify_candidates.py --in-dir /project/rise-batteries/Photonics_RISE/runs/ablation/random_baseline/jitter_s010

################ verifying jitter_s0125 ################
[cmd] PC_MODE=FULL PC_COMPILE=1 /project/rise-batteries/photonics-fdtd/bin/python3 -u scripts/FDTD_solver/verify_candidates.py --in-dir /project/rise-batteries/Photonics_RISE/runs/ablation/random_baseline/jitter_s0125

################ verifying jitter_s015 ################
[cmd] PC_MODE=FULL PC_COMPILE=1 /project/rise-batteries/photonics-fdtd/bin/python3 -u scripts/FDTD_solver/verify_candidates.py --in-dir /project/rise-batteries/Photonics_RISE/runs/ablation/random_baseline/jitter_s015

################ verifying radius_s015 ################
[cmd] PC_MODE=FULL PC_COMPILE=1 /project/rise-batteries/photonics-fdtd/bin/python3 -u scripts/FDTD_solver/verify_candidates.py --in-dir /project/rise-batteries/Photonics_RISE/runs/ablation/random_baseline/radius_s015

################ verifying radius_s020 ################
[cmd] PC_MODE=FULL PC_COMPILE=1 /project/rise-batteries/photonics-fdtd/bin/python3 -u scripts/FDTD_solver/verify_candidates.py --in-dir /project/rise-batteries/Photonics_RISE/runs/ablation/random_baseline/radius_s020

################ verifying radius_s025 ################
[cmd] PC_MODE=FULL PC_COMPILE=1 /project/rise-batteries/photonics-fdtd/bin/python3 -u scripts/FDTD_solver/verify_candidates.py --in-dir /project/rise-batteries/Photonics_RISE/runs/ablation/random_baseline/radius_s025

=== random arm vs production optimizer arm (per cell) ===
  cell                rand mean+-SE  rand best       opt mean+-SE   opt best
  jitter_s006    2.6128+-0.0019         2.6242     2.6393+-0.0015     2.6508
  jitter_s008    2.6235+-0.0018         2.6341     2.6481+-0.0017     2.6657
  jitter_s010    2.6189+-0.0021         2.6351     2.6482+-0.0018     2.6626
  jitter_s0125   2.6148+-0.0020         2.6275     2.6450+-0.0017     2.6609
  jitter_s015    2.6029+-0.0021         2.6214     2.6472+-0.0025     2.6675
  radius_s015    2.6009+-0.0018         2.6162     2.6486+-0.0008     2.6547
  radius_s020    2.6034+-0.0020         2.6192     2.6510+-0.0016     2.6640
  radius_s025    2.5922+-0.0027         2.6215     2.6443+-0.0018     2.6564

VERDICT: all 8 cells verified -- this is the equal-budget (160 vs 160 solves) matched-per-cell baseline; quote best-of-20 vs top-20 within cells and arm means +- SE, never per-candidate sub-floor gaps.
