[log] mirroring all output to runs/inverse_v2/radius_s015/logs/verify_candidates_20260801_030052.log
[verify] 20 candidates, radius sigma=0.15, bank=/usr4/spclpgm/taikis/Photonics_RISE/scripts/FDTD_solver/data_production, device=cuda
[verify] numerics: campaign wl grid, decay_tol=0.0003, cap=2500 (res60) -- identical to the bank
[verify] gates: floor 0.30 % (Test 9, res-120 referee); elite rung res 120
[bank cell] n=155  mean=2.5995  p95=2.6153  max=2.6231
[solve] candidate_0000 @ res 60  (~7 min)...
        E(res60) = 2.6524   (228s)
[solve] candidate_0001 @ res 60  (~7 min)...
        E(res60) = 2.6511   (214s)
[solve] candidate_0002 @ res 60  (~7 min)...
        E(res60) = 2.6446   (218s)
[solve] candidate_0003 @ res 60  (~7 min)...
        E(res60) = 2.6456   (214s)
[solve] candidate_0004 @ res 60  (~7 min)...
        E(res60) = 2.6534   (262s)
[solve] candidate_0005 @ res 60  (~7 min)...
        E(res60) = 2.6542   (225s)
[solve] candidate_0006 @ res 60  (~7 min)...
        E(res60) = 2.6447   (205s)
[solve] candidate_0007 @ res 60  (~7 min)...
        E(res60) = 2.6547   (218s)
[solve] candidate_0008 @ res 60  (~7 min)...
        E(res60) = 2.6504   (217s)
[solve] candidate_0009 @ res 60  (~7 min)...
        E(res60) = 2.6443   (204s)
[solve] candidate_0010 @ res 60  (~7 min)...
        E(res60) = 2.6444   (209s)
[solve] candidate_0011 @ res 60  (~7 min)...
        E(res60) = 2.6524   (241s)
[solve] candidate_0012 @ res 60  (~7 min)...
        E(res60) = 2.6498   (223s)
[solve] candidate_0013 @ res 60  (~7 min)...
        E(res60) = 2.6462   (197s)
[solve] candidate_0014 @ res 60  (~7 min)...
        E(res60) = 2.6446   (215s)
[solve] candidate_0015 @ res 60  (~7 min)...
        E(res60) = 2.6487   (233s)
[solve] candidate_0016 @ res 60  (~7 min)...
        E(res60) = 2.6499   (207s)
[solve] candidate_0017 @ res 60  (~7 min)...
        E(res60) = 2.6466   (207s)
[solve] candidate_0018 @ res 60  (~7 min)...
        E(res60) = 2.6467   (214s)
[solve] candidate_0019 @ res 60  (~7 min)...
        E(res60) = 2.6463   (233s)

============================================================================
VERIFICATION TABLE (res 60 -- same numerics as the bank)
============================================================================
  candidate        method     pred E  true E60 pred-true gain vs cell mean  verdict
  candidate_0007   gradient   2.6338    2.6547   -0.0209            +2.13%  CLAIMABLE
  candidate_0005   cmaes      2.6342    2.6542   -0.0200            +2.11%  CLAIMABLE
  candidate_0004   cmaes      2.6348    2.6534   -0.0186            +2.07%  CLAIMABLE
  candidate_0011   gradient   2.6334    2.6524   -0.0191            +2.04%  CLAIMABLE
  candidate_0000   cmaes      2.6352    2.6524   -0.0172            +2.04%  CLAIMABLE
  candidate_0001   cmaes      2.6351    2.6511   -0.0160            +1.99%  CLAIMABLE
  candidate_0008   cmaes      2.6337    2.6504   -0.0167            +1.96%  CLAIMABLE
  candidate_0016   gradient   2.6322    2.6499   -0.0176            +1.94%  CLAIMABLE
  candidate_0012   cmaes      2.6332    2.6498   -0.0167            +1.94%  CLAIMABLE
  candidate_0015   gradient   2.6327    2.6487   -0.0160            +1.90%  CLAIMABLE
  candidate_0018   gradient   2.6318    2.6467   -0.0149            +1.82%  CLAIMABLE
  candidate_0017   cmaes      2.6321    2.6466   -0.0146            +1.82%  CLAIMABLE
  candidate_0019   cmaes      2.6310    2.6463   -0.0153            +1.80%  CLAIMABLE
  candidate_0013   gradient   2.6330    2.6462   -0.0131            +1.80%  CLAIMABLE
  candidate_0003   cmaes      2.6348    2.6456   -0.0108            +1.78%  CLAIMABLE
  candidate_0006   cmaes      2.6342    2.6447   -0.0105            +1.74%  CLAIMABLE
  candidate_0002   cmaes      2.6349    2.6446   -0.0097            +1.74%  CLAIMABLE
  candidate_0014   gradient   2.6330    2.6446   -0.0116            +1.73%  CLAIMABLE
  candidate_0010   gradient   2.6334    2.6444   -0.0110            +1.73%  CLAIMABLE
  candidate_0009   gradient   2.6335    2.6443   -0.0108            +1.73%  CLAIMABLE

  surrogate bias on champions (pred - true): -0.0151 (-0.57 %)  <- winner's-curse check
  rank agreement Spearman(pred, true): +0.232  (n=20)

  CHAMPION: candidate_0007  true E60 = 2.6547
    vs cell mean 2.5995: +2.13 % (floor 0.30 %)
    vs cell p95  2.6153: +1.51 %
    vs cell MAX  2.6231: +1.21 %  <- beats every random draw in the bank?
    candidates above the banked max: 20/20

[out] verification.csv + verdict JSON -> runs/inverse_v2/radius_s015
[out] 20 bank-schema records -> runs/inverse_v2/radius_s015/verified_samples (active learning; sample_id 900000+)
