[log] mirroring all output to runs/inverse/radius_s025/logs/verify_candidates_20260729_210444.log
[verify] 20 candidates, radius sigma=0.25, bank=/usr4/spclpgm/mcheung2/Photonics_RISE/scripts/FDTD_solver/data_production, device=cuda
[verify] numerics: campaign wl grid, decay_tol=0.0003, cap=2500 (res60) -- identical to the bank
[verify] gates: floor 0.30 % (Test 9, res-120 referee); elite rung res 120
[bank cell] n=155  mean=2.5896  p95=2.6103  max=2.6203
[solve] candidate_0000 @ res 60  (~7 min)...
        E(res60) = 2.6465   (468s)
[solve] candidate_0001 @ res 60  (~7 min)...
        E(res60) = 2.6401   (456s)
[solve] candidate_0002 @ res 60  (~7 min)...
        E(res60) = 2.6373   (485s)
[solve] candidate_0003 @ res 60  (~7 min)...
        E(res60) = 2.6401   (380s)
[solve] candidate_0004 @ res 60  (~7 min)...
        E(res60) = 2.6409   (380s)
[solve] candidate_0005 @ res 60  (~7 min)...
        E(res60) = 2.6365   (371s)
[solve] candidate_0006 @ res 60  (~7 min)...
        E(res60) = 2.6372   (438s)
[solve] candidate_0007 @ res 60  (~7 min)...
        E(res60) = 2.6284   (376s)
[solve] candidate_0008 @ res 60  (~7 min)...
        E(res60) = 2.6455   (450s)
[solve] candidate_0009 @ res 60  (~7 min)...
        E(res60) = 2.6397   (372s)
[solve] candidate_0010 @ res 60  (~7 min)...
        E(res60) = 2.6449   (397s)
[solve] candidate_0011 @ res 60  (~7 min)...
        E(res60) = 2.6414   (413s)
[solve] candidate_0012 @ res 60  (~7 min)...
        E(res60) = 2.6515   (368s)
[solve] candidate_0013 @ res 60  (~7 min)...
        E(res60) = 2.6320   (409s)
[solve] candidate_0014 @ res 60  (~7 min)...
        E(res60) = 2.6390   (386s)
[solve] candidate_0015 @ res 60  (~7 min)...
        E(res60) = 2.6360   (416s)
[solve] candidate_0016 @ res 60  (~7 min)...
        E(res60) = 2.6250   (436s)
[solve] candidate_0017 @ res 60  (~7 min)...
        E(res60) = 2.6314   (421s)
[solve] candidate_0018 @ res 60  (~7 min)...
        E(res60) = 2.6460   (405s)
[solve] candidate_0019 @ res 60  (~7 min)...
        E(res60) = 2.6378   (354s)

============================================================================
VERIFICATION TABLE (res 60 -- same numerics as the bank)
============================================================================
  candidate        method     pred E  true E60 pred-true gain vs cell mean  verdict
  candidate_0012   cmaes      2.6337    2.6515   -0.0179            +2.39%  CLAIMABLE
  candidate_0000   cmaes      2.6378    2.6465   -0.0087            +2.20%  CLAIMABLE
  candidate_0018   gradient   2.6317    2.6460   -0.0144            +2.18%  CLAIMABLE
  candidate_0008   cmaes      2.6345    2.6455   -0.0110            +2.16%  CLAIMABLE
  candidate_0010   cmaes      2.6345    2.6449   -0.0104            +2.14%  CLAIMABLE
  candidate_0011   gradient   2.6350    2.6414   -0.0064            +2.00%  CLAIMABLE
  candidate_0004   cmaes      2.6354    2.6409   -0.0055            +1.98%  CLAIMABLE
  candidate_0001   cmaes      2.6367    2.6401   -0.0034            +1.95%  CLAIMABLE
  candidate_0003   gradient   2.6356    2.6401   -0.0045            +1.95%  CLAIMABLE
  candidate_0009   cmaes      2.6343    2.6397   -0.0053            +1.93%  CLAIMABLE
  candidate_0014   gradient   2.6327    2.6390   -0.0063            +1.91%  CLAIMABLE
  candidate_0019   gradient   2.6317    2.6378   -0.0061            +1.86%  CLAIMABLE
  candidate_0002   cmaes      2.6358    2.6373   -0.0015            +1.85%  CLAIMABLE
  candidate_0006   cmaes      2.6357    2.6372   -0.0015            +1.84%  CLAIMABLE
  candidate_0005   cmaes      2.6352    2.6365   -0.0013            +1.81%  CLAIMABLE
  candidate_0015   gradient   2.6322    2.6360   -0.0038            +1.79%  CLAIMABLE
  candidate_0013   gradient   2.6329    2.6320   +0.0009            +1.64%  CLAIMABLE
  candidate_0017   cmaes      2.6318    2.6314   +0.0004            +1.62%  CLAIMABLE
  candidate_0007   cmaes      2.6352    2.6284   +0.0067            +1.50%  CLAIMABLE
  candidate_0016   gradient   2.6324    2.6250   +0.0074            +1.37%  CLAIMABLE

  surrogate bias on champions (pred - true): -0.0046 (-0.18 %)  <- winner's-curse check
  rank agreement Spearman(pred, true): +0.224  (n=20)

  CHAMPION: candidate_0012  true E60 = 2.6515
    vs cell mean 2.5896: +2.39 % (floor 0.30 %)
    vs cell p95  2.6103: +1.58 %
    vs cell MAX  2.6203: +1.19 %  <- beats every random draw in the bank?
    candidates above the banked max: 20/20

[out] verification.csv + verdict JSON -> runs/inverse/radius_s025
[out] 20 bank-schema records -> runs/inverse/radius_s025/verified_samples (active learning; sample_id 900000+)
