[log] mirroring all output to runs/interpretability/champ_v1/verify_export/logs/verify_candidates_20260811_191722.log
[verify] 4 candidates, jitter sigma=0.15, bank=/project/rise-batteries/Photonics_RISE/scripts/FDTD_solver/data_production, device=cuda
[verify] numerics: campaign wl grid, decay_tol=0.0003, cap=2500 (res60) -- identical to the bank
[verify] gates: floor 0.30 % (Test 9, res-120 referee); elite rung res 120
[bank cell] n=155  mean=2.6036  p95=2.6193  max=2.6283
[solve] candidate_0000 @ res 60  (~7 min)...
        E(res60) = 2.6674   (1056s)
[solve] candidate_0001 @ res 60  (~7 min)...
        E(res60) = 2.6612   (1004s)
[solve] candidate_0002 @ res 60  (~7 min)...
        E(res60) = 2.6394   (1047s)
[solve] candidate_0003 @ res 60  (~7 min)...
        E(res60) = 2.6417   (1116s)

============================================================================
VERIFICATION TABLE (res 60 -- same numerics as the bank)
============================================================================
  candidate        method     pred E  true E60 pred-true gain vs cell mean  verdict
  candidate_0000   reference   2.6370    2.6674   -0.0303            +2.45%  CLAIMABLE
  candidate_0001   occ_shift_all   2.6333    2.6612   -0.0279            +2.21%  CLAIMABLE
  candidate_0003   occ_remove   2.6297    2.6417   -0.0120            +1.46%  CLAIMABLE
  candidate_0002   occ_remove   2.6293    2.6394   -0.0100            +1.37%  CLAIMABLE

  surrogate bias on champions (pred - true): -0.0200 (-0.76 %)  <- winner's-curse check
  rank agreement Spearman(pred, true): +1.000  (n=4)

  CHAMPION: candidate_0000  true E60 = 2.6674
    vs cell mean 2.6036: +2.45 % (floor 0.30 %)
    vs cell p95  2.6193: +1.84 %
    vs cell MAX  2.6283: +1.49 %  <- beats every random draw in the bank?
    candidates above the banked max: 4/4

[out] verification.csv + verdict JSON -> runs/interpretability/champ_v1/verify_export
[out] 4 bank-schema records -> runs/interpretability/champ_v1/verify_export/verified_samples (active learning; sample_id 900000+)
