[log] mirroring all output to runs/inverse/jitter_s006/logs/verify_candidates_20260729_195619.log
[verify] 20 candidates, jitter sigma=0.06, bank=/project/rise-batteries/Photonics_RISE/scripts/FDTD_solver/data_production, device=cuda
[verify] numerics: campaign wl grid, decay_tol=0.0003, cap=2500 (res60) -- identical to the bank
[verify] gates: floor 0.30 % (Test 9, res-120 referee); elite rung res 120
[bank cell] n=155  mean=2.6160  p95=2.6271  max=2.6422
[solve] candidate_0000 @ res 60  (~7 min)...
        E(res60) = 2.6341   (249s)
[solve] candidate_0001 @ res 60  (~7 min)...
        E(res60) = 2.6280   (229s)
[solve] candidate_0002 @ res 60  (~7 min)...
        E(res60) = 2.6310   (248s)
[solve] candidate_0003 @ res 60  (~7 min)...
        E(res60) = 2.6283   (229s)
[solve] candidate_0004 @ res 60  (~7 min)...
        E(res60) = 2.6348   (235s)
[solve] candidate_0005 @ res 60  (~7 min)...
        E(res60) = 2.6345   (239s)
[solve] candidate_0006 @ res 60  (~7 min)...
        E(res60) = 2.6356   (239s)
[solve] candidate_0007 @ res 60  (~7 min)...
        E(res60) = 2.6298   (244s)
[solve] candidate_0008 @ res 60  (~7 min)...
        E(res60) = 2.6428   (227s)
[solve] candidate_0009 @ res 60  (~7 min)...
        E(res60) = 2.6304   (219s)
[solve] candidate_0010 @ res 60  (~7 min)...
        E(res60) = 2.6256   (241s)
[solve] candidate_0011 @ res 60  (~7 min)...
        E(res60) = 2.6317   (213s)
[solve] candidate_0012 @ res 60  (~7 min)...
        E(res60) = 2.6388   (227s)
[solve] candidate_0013 @ res 60  (~7 min)...
        E(res60) = 2.6316   (244s)
[solve] candidate_0014 @ res 60  (~7 min)...
        E(res60) = 2.6295   (220s)
[solve] candidate_0015 @ res 60  (~7 min)...
        E(res60) = 2.6283   (230s)
[solve] candidate_0016 @ res 60  (~7 min)...
        E(res60) = 2.6335   (218s)
[solve] candidate_0017 @ res 60  (~7 min)...
        E(res60) = 2.6382   (225s)
[solve] candidate_0018 @ res 60  (~7 min)...
        E(res60) = 2.6361   (229s)
[solve] candidate_0019 @ res 60  (~7 min)...
        E(res60) = 2.6321   (242s)

============================================================================
VERIFICATION TABLE (res 60 -- same numerics as the bank)
============================================================================
  candidate        method     pred E  true E60 pred-true gain vs cell mean  verdict
  candidate_0008   cmaes      2.6372    2.6428   -0.0055            +1.03%  CLAIMABLE
  candidate_0012   cmaes      2.6366    2.6388   -0.0022            +0.87%  CLAIMABLE
  candidate_0017   gradient   2.6353    2.6382   -0.0029            +0.85%  CLAIMABLE
  candidate_0018   gradient   2.6349    2.6361   -0.0012            +0.77%  CLAIMABLE
  candidate_0006   cmaes      2.6378    2.6356   +0.0022            +0.75%  CLAIMABLE
  candidate_0004   cmaes      2.6375    2.6348   +0.0026            +0.72%  CLAIMABLE
  candidate_0005   cmaes      2.6371    2.6345   +0.0026            +0.71%  CLAIMABLE
  candidate_0000   cmaes      2.6385    2.6341   +0.0044            +0.69%  CLAIMABLE
  candidate_0016   gradient   2.6351    2.6335   +0.0016            +0.67%  CLAIMABLE
  candidate_0019   gradient   2.6351    2.6321   +0.0030            +0.62%  CLAIMABLE
  candidate_0011   gradient   2.6363    2.6317   +0.0046            +0.60%  CLAIMABLE
  candidate_0013   gradient   2.6357    2.6316   +0.0041            +0.60%  CLAIMABLE
  candidate_0002   cmaes      2.6380    2.6310   +0.0070            +0.58%  CLAIMABLE
  candidate_0009   cmaes      2.6372    2.6304   +0.0068            +0.55%  CLAIMABLE
  candidate_0007   cmaes      2.6369    2.6298   +0.0071            +0.53%  CLAIMABLE
  candidate_0014   gradient   2.6351    2.6295   +0.0057            +0.52%  CLAIMABLE
  candidate_0015   gradient   2.6349    2.6283   +0.0066            +0.47%  CLAIMABLE
  candidate_0003   cmaes      2.6375    2.6283   +0.0092            +0.47%  CLAIMABLE
  candidate_0001   cmaes      2.6381    2.6280   +0.0101            +0.46%  CLAIMABLE
  candidate_0010   cmaes      2.6374    2.6256   +0.0117            +0.37%  CLAIMABLE

  surrogate bias on champions (pred - true): +0.0039 (+0.15 %)  <- winner's-curse check
  rank agreement Spearman(pred, true): -0.113  (n=20)

  CHAMPION: candidate_0008  true E60 = 2.6428
    vs cell mean 2.6160: +1.03 % (floor 0.30 %)
    vs cell p95  2.6271: +0.60 %
    vs cell MAX  2.6422: +0.02 %  <- beats every random draw in the bank?
    candidates above the banked max: 1/20

[out] verification.csv + verdict JSON -> runs/inverse/jitter_s006
[out] 20 bank-schema records -> runs/inverse/jitter_s006/verified_samples (active learning; sample_id 900000+)
