[log] mirroring all output to runs/inverse/radius_s020/logs/verify_candidates_20260729_132135.log
[verify] 20 candidates, radius sigma=0.2, bank=/project/rise-batteries/Photonics_RISE/scripts/FDTD_solver/data_production, device=cuda
[verify] numerics: campaign wl grid, decay_tol=0.0003, cap=2500 (res60) -- identical to the bank
[verify] gates: floor 0.30 % (Test 9, res-120 referee); elite rung res 120
[bank cell] n=155  mean=2.6038  p95=2.6179  max=2.6278
[solve] candidate_0000 @ res 60  (~7 min)...
        E(res60) = 2.6457   (230s)
[solve] candidate_0001 @ res 60  (~7 min)...
        E(res60) = 2.6411   (260s)
[solve] candidate_0002 @ res 60  (~7 min)...
        E(res60) = 2.6543   (225s)
[solve] candidate_0003 @ res 60  (~7 min)...
        E(res60) = 2.6444   (241s)
[solve] candidate_0004 @ res 60  (~7 min)...
        E(res60) = 2.6676   (234s)
[solve] candidate_0005 @ res 60  (~7 min)...
        E(res60) = 2.6426   (273s)
[solve] candidate_0006 @ res 60  (~7 min)...
        E(res60) = 2.6398   (250s)
[solve] candidate_0007 @ res 60  (~7 min)...
        E(res60) = 2.6361   (207s)
[solve] candidate_0008 @ res 60  (~7 min)...
        E(res60) = 2.6392   (243s)
[solve] candidate_0009 @ res 60  (~7 min)...
        E(res60) = 2.6485   (259s)
[solve] candidate_0010 @ res 60  (~7 min)...
        E(res60) = 2.6407   (210s)
[solve] candidate_0011 @ res 60  (~7 min)...
        E(res60) = 2.6522   (220s)
[solve] candidate_0012 @ res 60  (~7 min)...
        E(res60) = 2.6435   (229s)
[solve] candidate_0013 @ res 60  (~7 min)...
        E(res60) = 2.6455   (262s)
[solve] candidate_0014 @ res 60  (~7 min)...
        E(res60) = 2.6431   (232s)
[solve] candidate_0015 @ res 60  (~7 min)...
        E(res60) = 2.6457   (243s)
[solve] candidate_0016 @ res 60  (~7 min)...
        E(res60) = 2.6369   (257s)
[solve] candidate_0017 @ res 60  (~7 min)...
        E(res60) = 2.6629   (240s)
[solve] candidate_0018 @ res 60  (~7 min)...
        E(res60) = 2.6361   (259s)
[solve] candidate_0019 @ res 60  (~7 min)...
        E(res60) = 2.6387   (246s)

============================================================================
VERIFICATION TABLE (res 60 -- same numerics as the bank)
============================================================================
  candidate        method     pred E  true E60 pred-true gain vs cell mean  verdict
  candidate_0004   cmaes      2.6366    2.6676   -0.0310            +2.45%  CLAIMABLE
  candidate_0017   gradient   2.6344    2.6629   -0.0285            +2.27%  CLAIMABLE
  candidate_0002   cmaes      2.6374    2.6543   -0.0169            +1.94%  CLAIMABLE
  candidate_0011   gradient   2.6352    2.6522   -0.0171            +1.86%  CLAIMABLE
  candidate_0009   cmaes      2.6362    2.6485   -0.0122            +1.72%  CLAIMABLE
  candidate_0000   cmaes      2.6373    2.6457   -0.0084            +1.61%  CLAIMABLE
  candidate_0015   gradient   2.6349    2.6457   -0.0108            +1.61%  CLAIMABLE
  candidate_0013   gradient   2.6352    2.6455   -0.0104            +1.60%  CLAIMABLE
  candidate_0003   cmaes      2.6367    2.6444   -0.0077            +1.56%  CLAIMABLE
  candidate_0012   cmaes      2.6355    2.6435   -0.0080            +1.53%  CLAIMABLE
  candidate_0014   cmaes      2.6349    2.6431   -0.0081            +1.51%  CLAIMABLE
  candidate_0005   cmaes      2.6363    2.6426   -0.0063            +1.49%  CLAIMABLE
  candidate_0001   cmaes      2.6373    2.6411   -0.0038            +1.43%  CLAIMABLE
  candidate_0010   gradient   2.6351    2.6407   -0.0056            +1.42%  CLAIMABLE
  candidate_0006   cmaes      2.6357    2.6398   -0.0041            +1.39%  CLAIMABLE
  candidate_0008   cmaes      2.6365    2.6392   -0.0027            +1.36%  CLAIMABLE
  candidate_0019   gradient   2.6336    2.6387   -0.0051            +1.34%  CLAIMABLE
  candidate_0016   gradient   2.6346    2.6369   -0.0023            +1.27%  CLAIMABLE
  candidate_0018   gradient   2.6340    2.6361   -0.0022            +1.24%  CLAIMABLE
  candidate_0007   cmaes      2.6360    2.6361   -0.0000            +1.24%  CLAIMABLE

  surrogate bias on champions (pred - true): -0.0096 (-0.36 %)  <- winner's-curse check
  rank agreement Spearman(pred, true): +0.322  (n=20)

  CHAMPION: candidate_0004  true E60 = 2.6676
    vs cell mean 2.6038: +2.45 % (floor 0.30 %)
    vs cell p95  2.6179: +1.90 %
    vs cell MAX  2.6278: +1.51 %  <- beats every random draw in the bank?
    candidates above the banked max: 20/20

[out] verification.csv + verdict JSON -> runs/inverse/radius_s020
[out] 20 bank-schema records -> runs/inverse/radius_s020/verified_samples (active learning; sample_id 900000+)
