[log] mirroring all output to /project/rise-batteries/Photonics_RISE/runs/ablation/random_baseline/jitter_s015/logs/verify_candidates_20260804_180652.log
[verify] 20 candidates, jitter sigma=0.15, bank=/project/rise-batteries/Photonics_RISE/scripts/FDTD_solver/data_production, device=cuda
[verify] numerics: campaign wl grid, decay_tol=0.0003, cap=2500 (res60) -- identical to the bank
[verify] gates: floor 0.30 % (Test 9, res-120 referee); elite rung res 120
[bank cell] n=155  mean=2.6036  p95=2.6193  max=2.6283
[solve] candidate_0000 @ res 60  (~7 min)...
        E(res60) = 2.6204   (257s)
[solve] candidate_0001 @ res 60  (~7 min)...
        E(res60) = 2.5903   (227s)
[solve] candidate_0002 @ res 60  (~7 min)...
        E(res60) = 2.6101   (227s)
[solve] candidate_0003 @ res 60  (~7 min)...
        E(res60) = 2.6106   (228s)
[solve] candidate_0004 @ res 60  (~7 min)...
        E(res60) = 2.6018   (242s)
[solve] candidate_0005 @ res 60  (~7 min)...
        E(res60) = 2.6051   (223s)
[solve] candidate_0006 @ res 60  (~7 min)...
        E(res60) = 2.6069   (219s)
[solve] candidate_0007 @ res 60  (~7 min)...
        E(res60) = 2.5907   (224s)
[solve] candidate_0008 @ res 60  (~7 min)...
        E(res60) = 2.6020   (238s)
[solve] candidate_0009 @ res 60  (~7 min)...
        E(res60) = 2.6091   (213s)
[solve] candidate_0010 @ res 60  (~7 min)...
        E(res60) = 2.6214   (272s)
[solve] candidate_0011 @ res 60  (~7 min)...
        E(res60) = 2.5955   (260s)
[solve] candidate_0012 @ res 60  (~7 min)...
        E(res60) = 2.6068   (233s)
[solve] candidate_0013 @ res 60  (~7 min)...
        E(res60) = 2.5917   (227s)
[solve] candidate_0014 @ res 60  (~7 min)...
        E(res60) = 2.5915   (208s)
[solve] candidate_0015 @ res 60  (~7 min)...
        E(res60) = 2.6006   (272s)
[solve] candidate_0016 @ res 60  (~7 min)...
        E(res60) = 2.6019   (250s)
[solve] candidate_0017 @ res 60  (~7 min)...
        E(res60) = 2.5919   (253s)
[solve] candidate_0018 @ res 60  (~7 min)...
        E(res60) = 2.5985   (209s)
[solve] candidate_0019 @ res 60  (~7 min)...
        E(res60) = 2.6101   (236s)

============================================================================
VERIFICATION TABLE (res 60 -- same numerics as the bank)
============================================================================
  candidate        method     pred E  true E60 pred-true gain vs cell mean  verdict
  candidate_0010   random     2.6121    2.6214   -0.0093            +0.68%  CLAIMABLE
  candidate_0000   random     2.6089    2.6204   -0.0115            +0.65%  CLAIMABLE
  candidate_0003   random     2.6039    2.6106   -0.0066            +0.27%  ELITE-VERIFY
  candidate_0002   random     2.6031    2.6101   -0.0071            +0.25%  ELITE-VERIFY
  candidate_0019   random     2.6078    2.6101   -0.0023            +0.25%  ELITE-VERIFY
  candidate_0009   random     2.6043    2.6091   -0.0048            +0.21%  ELITE-VERIFY
  candidate_0006   random     2.6119    2.6069   +0.0049            +0.13%  ELITE-VERIFY
  candidate_0012   random     2.6086    2.6068   +0.0018            +0.12%  ELITE-VERIFY
  candidate_0005   random     2.5971    2.6051   -0.0080            +0.06%  ELITE-VERIFY
  candidate_0008   random     2.6036    2.6020   +0.0016            -0.06%  below mean
  candidate_0016   random     2.6010    2.6019   -0.0009            -0.07%  below mean
  candidate_0004   random     2.6059    2.6018   +0.0041            -0.07%  below mean
  candidate_0015   random     2.5974    2.6006   -0.0033            -0.11%  below mean
  candidate_0018   random     2.6059    2.5985   +0.0073            -0.19%  below mean
  candidate_0011   random     2.6024    2.5955   +0.0070            -0.31%  below mean
  candidate_0017   random     2.6040    2.5919   +0.0121            -0.45%  below mean
  candidate_0013   random     2.5936    2.5917   +0.0019            -0.46%  below mean
  candidate_0014   random     2.5973    2.5915   +0.0058            -0.47%  below mean
  candidate_0007   random     2.6011    2.5907   +0.0104            -0.49%  below mean
  candidate_0001   random     2.6015    2.5903   +0.0112            -0.51%  below mean

  surrogate bias on champions (pred - true): +0.0007 (+0.03 %)  <- winner's-curse check
  rank agreement Spearman(pred, true): +0.621  (n=20)

  CHAMPION: candidate_0010  true E60 = 2.6214
    vs cell mean 2.6036: +0.68 % (floor 0.30 %)
    vs cell p95  2.6193: +0.08 %
    vs cell MAX  2.6283: -0.26 %  <- beats every random draw in the bank?
    candidates above the banked max: 0/20

[out] verification.csv + verdict JSON -> /project/rise-batteries/Photonics_RISE/runs/ablation/random_baseline/jitter_s015
[out] 20 bank-schema records -> /project/rise-batteries/Photonics_RISE/runs/ablation/random_baseline/jitter_s015/verified_samples (active learning; sample_id 900000+)
