[log] mirroring all output to /project/rise-batteries/Photonics_RISE/scripts/FDTD_solver/data_production/logs/d4_check_20260811_220910.log
================================================================
D4 AUGMENTATION VALIDITY CHECK
================================================================
mode=FULL  solver=torch-FDTD(GPU)  supercell=7x7 (a_super=4550 nm)  res=60/um  decay_tol=0.0003  cap=2500  grid=12/2.5 nm  stack=air/Si(300)/ZnO(80)/Ag  device=auto fp32
layout: class=jitter sigma=0.1 seed=21300709  (49 holes, fill=0.3848)

[stage 1: isometry invariants across all 8 ops]
    base: fill=0.384845100065  min wall=79.671 nm (constraint 50 nm)
    identity : |dfill|=0.00e+00  max|d gap spectrum|=0.00e+00 nm  -> OK
    rot90    : |dfill|=0.00e+00  max|d gap spectrum|=6.82e-13 nm  -> OK
    rot180   : |dfill|=0.00e+00  max|d gap spectrum|=9.09e-13 nm  -> OK
    rot270   : |dfill|=0.00e+00  max|d gap spectrum|=6.82e-13 nm  -> OK
    mirror_x : |dfill|=0.00e+00  max|d gap spectrum|=6.82e-13 nm  -> OK
    mirror_y : |dfill|=0.00e+00  max|d gap spectrum|=6.82e-13 nm  -> OK
    diag     : |dfill|=0.00e+00  max|d gap spectrum|=0.00e+00 nm  -> OK
    antidiag : |dfill|=0.00e+00  max|d gap spectrum|=9.09e-13 nm  -> OK

[stage 2: raster commutation at IMG_SIZE=128 (the CNN input)]
    geometry op -> matching numpy array op on the base raster
    identity  -> as-is              (max|dpixel|=0.00e+00)  -> OK
    rot90     -> np.rot90(M, 1)     (max|dpixel|=0.00e+00)  -> OK
    rot180    -> np.rot90(M, 2)     (max|dpixel|=0.00e+00)  -> OK
    rot270    -> np.rot90(M, 3)     (max|dpixel|=0.00e+00)  -> OK
    mirror_x  -> np.flipud(M)       (max|dpixel|=0.00e+00)  -> OK
    mirror_y  -> np.fliplr(M)       (max|dpixel|=0.00e+00)  -> OK
    diag      -> M.T                (max|dpixel|=0.00e+00)  -> OK
    antidiag  -> np.rot90(M, 2).T   (max|dpixel|=0.00e+00)  -> OK
    (this table is the augmentation lookup for the ML stage,
     for [x, y]-indexed rasters as rasterize_mask emits them)

stages 1-2 PASS: the D4 ops are exact isometries and the raster
commutes with pure numpy array ops (table -> /project/rise-batteries/Photonics_RISE/scripts/FDTD_solver/data_production/d4_check/augmentation_table.json).

[stage 3: FDTD on all 8 copies]  device=cuda
    numerics: mode=FULL  solver=torch-FDTD(GPU)  supercell=7x7 (a_super=4550 nm)  res=60/um  decay_tol=0.0003  cap=2500  grid=12/2.5 nm  stack=air/Si(300)/ZnO(80)/Ag  device=auto fp32
    cost: 8 structures x 6 band/pol runs each, sequential -- expect ~8x one campaign sample.
      run  1/48  elapsed    0.9 min  ETA   42.7 min
      run  2/48  elapsed    1.2 min  ETA   27.6 min
      run  3/48  elapsed    2.5 min  ETA   37.2 min
      run  4/48  elapsed    3.7 min  ETA   40.8 min
      run  5/48  elapsed    5.3 min  ETA   45.8 min
      run  6/48  elapsed    7.4 min  ETA   51.5 min
      run  7/48  elapsed    7.6 min  ETA   44.5 min
      run  8/48  elapsed    7.8 min  ETA   39.2 min
      run  9/48  elapsed    9.0 min  ETA   39.1 min
      run 10/48  elapsed   10.2 min  ETA   38.8 min
      run 11/48  elapsed   12.3 min  ETA   41.2 min
      run 12/48  elapsed   13.9 min  ETA   41.6 min
      run 13/48  elapsed   14.1 min  ETA   38.0 min
      run 14/48  elapsed   14.3 min  ETA   34.8 min
      run 15/48  elapsed   15.6 min  ETA   34.2 min
      run 16/48  elapsed   16.7 min  ETA   33.5 min
      run 17/48  elapsed   18.3 min  ETA   33.5 min
      run 18/48  elapsed   20.4 min  ETA   34.0 min
      run 19/48  elapsed   20.6 min  ETA   31.5 min
      run 20/48  elapsed   20.9 min  ETA   29.2 min
      run 21/48  elapsed   22.0 min  ETA   28.3 min
      run 22/48  elapsed   23.2 min  ETA   27.5 min
      run 23/48  elapsed   25.3 min  ETA   27.5 min
      run 24/48  elapsed   26.9 min  ETA   26.9 min
      run 25/48  elapsed   27.1 min  ETA   25.0 min
      run 26/48  elapsed   27.4 min  ETA   23.2 min
      run 27/48  elapsed   28.6 min  ETA   22.2 min
      run 28/48  elapsed   29.7 min  ETA   21.2 min
      run 29/48  elapsed   31.4 min  ETA   20.6 min
      run 30/48  elapsed   33.4 min  ETA   20.0 min
      run 31/48  elapsed   33.6 min  ETA   18.4 min
      run 32/48  elapsed   33.9 min  ETA   16.9 min
      run 33/48  elapsed   35.1 min  ETA   15.9 min
      run 34/48  elapsed   36.3 min  ETA   14.9 min
      run 35/48  elapsed   37.9 min  ETA   14.1 min
      run 36/48  elapsed   39.9 min  ETA   13.3 min
      run 37/48  elapsed   40.1 min  ETA   11.9 min
      run 38/48  elapsed   40.4 min  ETA   10.6 min
      run 39/48  elapsed   41.6 min  ETA    9.6 min
      run 40/48  elapsed   42.8 min  ETA    8.6 min
      run 41/48  elapsed   44.8 min  ETA    7.7 min
      run 42/48  elapsed   46.4 min  ETA    6.6 min
      run 43/48  elapsed   46.7 min  ETA    5.4 min
      run 44/48  elapsed   46.9 min  ETA    4.3 min
      run 45/48  elapsed   48.1 min  ETA    3.2 min
      run 46/48  elapsed   49.3 min  ETA    2.1 min
      run 47/48  elapsed   51.3 min  ETA    1.1 min
      run 48/48  elapsed   52.9 min  ETA    0.0 min

================================================================
D4 SYMMETRY LEDGER
================================================================
    op                E  dE vs identity       rel  gate
    identity    2.63109        +0.00000   +0.000%  clean
    rot90       2.63109        +0.00000   +0.000%  clean
    rot180      2.63109        -0.00000   -0.000%  clean
    rot270      2.63109        +0.00000   +0.000%  clean
    mirror_x    2.63109        -0.00000   -0.000%  clean
    mirror_y    2.63109        -0.00000   -0.000%  clean
    diag        2.63109        +0.00000   +0.000%  clean
    antidiag    2.63109        +0.00000   +0.000%  clean

    clean copies: 8/8   max spread dE = 0.00000  (0.000% of mean)

VERDICT
    PASS (discretely exact).  The engine's staircase + Yee
    discretization commutes with D4 to <0.1%.  D4 augmentation is
    unconditionally valid; reuse the original E for all 8 copies.
================================================================

artifacts: /project/rise-batteries/Photonics_RISE/scripts/FDTD_solver/data_production/d4_check/d4_results.csv, d4_spectra.npz, augmentation_table.json
