[log] mirroring all output to gpu_out_n8r60/logs/dataset_shard2_20260727_010043.log
================================================================
DATASET GENERATION (GPU FDTD)  [mode=FULL  solver=torch-FDTD(GPU)  supercell=7x7 (a_super=4550 nm)  res=60/um  decay_tol=0.0003  cap=2500  grid=12/2.5 nm  stack=air/Si(300)/ZnO(80)/Ag  device=auto fp32]
grid: 2 classes x 10 sigmas x 75 seeds + 50 random + ordered
================================================================
[device] cuda

[pre-flight validation]
[Drude-Lorentz fit ledger  (per band, fit vs table)]
    si    400- 700 nm: max|dn|=1.41e-02  max|dk|=9.25e-03  (rel k err where k>1e-3: 7.35%)  -> OK
    si    700- 950 nm: max|dn|=1.53e-03  max|dk|=7.12e-04  (rel k err where k>1e-3: 8.43%)  -> OK
    si    950-1100 nm: max|dn|=3.12e-03  max|dk|=3.64e-04  (rel k err where k>1e-3: 32.49%)  -> OK
    zno   400- 700 nm: max|dn|=2.47e-05  max|dk|=3.94e-09  (rel k err where k>1e-3: 0.00%)  -> OK
    zno   700- 950 nm: max|dn|=4.08e-06  max|dk|=6.92e-10  (rel k err where k>1e-3: 0.00%)  -> OK
    zno   950-1100 nm: max|dn|=7.02e-06  max|dk|=4.41e-10  (rel k err where k>1e-3: 0.00%)  -> OK
    ag    400- 700 nm: max|dn|=1.09e-03  max|dk|=4.06e-03  (rel k err where k>1e-3: 0.17%)  -> OK
    ag    700- 950 nm: max|dn|=2.21e-03  max|dk|=4.65e-03  (rel k err where k>1e-3: 0.08%)  -> OK
    ag    950-1100 nm: max|dn|=2.71e-03  max|dk|=7.93e-03  (rel k err where k>1e-3: 0.10%)  -> OK
    LABEL GATE planar: eta(table)=0.13968  eta(fit)=0.13853  (-0.82%, gate 1%)   max|dA_si|=2.429e-02
    LABEL GATE trapping (L_eff=15um): eta(table)=0.69847  eta(fit)=0.69512  (-0.48%, gate 2.5%)
[pseudo-1D planar stack: torch-FDTD vs fitted-material TMM, res=500/um, device=cuda]
    band 400-700 nm: max|dA_si| = 4.51e-03  (R err 4.51e-03, A_par err 1.84e-04)  -> OK
    band 700-950 nm: max|dA_si| = 3.43e-04  (R err 3.63e-04, A_par err 2.74e-05)  -> OK
    band 950-1100 nm: max|dA_si| = 2.54e-05  (R err 4.27e-05, A_par err 4.10e-05)  -> OK
[3D uniform slab @ res=120, cell=650 nm]
    band 400-700: max|dA_si| = 5.95e-02 (gate 8e-02)  -> OK
    band 700-950: max|dA_si| = 2.53e-03 (gate 2e-02)  -> OK
    band 950-1100: max|dA_si| = 2.35e-04 (gate 1e-02)  -> OK
  NOTE: skipping 53 previously QUARANTINED samples in this shard;
  inspect gpu_out_n8r60/quarantine and delete their files to force a re-solve.

shard 2/3: 232 samples to solve, one at a time on cuda
    QUARANTINED sample 2456 (radius, sigma=0.04): A_si out of [0,1]: [0.0451,3.12e+06]
  [    1/232] sample   2456 (radius  s=0.04) E=3.788  1100.0s  ->  shard ETA 70.6 h
  [    2/232] sample   2459 (radius  s=0.04) E=2.511   461.4s  ->  shard ETA 49.9 h
  [    3/232] sample   2462 (radius  s=0.04) E=2.515   438.4s  ->  shard ETA 42.4 h
    QUARANTINED sample 2465 (radius, sigma=0.04): A_si out of [0,1]: [0.0451,1.09e+06]
  [    4/232] sample   2465 (radius  s=0.04) E=3.795   826.0s  ->  shard ETA 44.7 h
    QUARANTINED sample 2468 (radius, sigma=0.04): A_si out of [0,1]: [0.0448,2.41e+06]
  [    5/232] sample   2468 (radius  s=0.04) E=3.792  1069.0s  ->  shard ETA 49.1 h
  [    6/232] sample   2471 (radius  s=0.04) E=2.502   464.9s  ->  shard ETA 45.6 h
  [    7/232] sample   2474 (radius  s=0.04) E=2.506   472.7s  ->  shard ETA 43.1 h
    QUARANTINED sample 2477 (radius, sigma=0.04): A_si out of [0,1]: [0.0435,2.63e+07]
  [    8/232] sample   2477 (radius  s=0.04) E=3.781  1085.2s  ->  shard ETA 46.0 h
    QUARANTINED sample 2480 (radius, sigma=0.04): A_si out of [0,1]: [0.0456,1.07e+06]
  [    9/232] sample   2480 (radius  s=0.04) E=3.786  1086.7s  ->  shard ETA 48.2 h
    QUARANTINED sample 2483 (radius, sigma=0.04): A_si out of [0,1]: [0.0443,9.46e+06]
  [   10/232] sample   2483 (radius  s=0.04) E=3.780   753.3s  ->  shard ETA 47.8 h
    QUARANTINED sample 2486 (radius, sigma=0.04): A_si out of [0,1]: [0.0437,7.25e+06]
  [   11/232] sample   2486 (radius  s=0.04) E=3.782   796.0s  ->  shard ETA 47.7 h
  [   12/232] sample   2489 (radius  s=0.04) E=2.499   493.3s  ->  shard ETA 46.1 h
    QUARANTINED sample 2492 (radius, sigma=0.04): A_si out of [0,1]: [0.044,1.03e+06]
  [   13/232] sample   2492 (radius  s=0.04) E=3.772   773.5s  ->  shard ETA 46.0 h
  [   14/232] sample   2495 (radius  s=0.04) E=2.503   513.2s  ->  shard ETA 44.7 h
    QUARANTINED sample 2498 (radius, sigma=0.04): A_si out of [0,1]: [0.0446,1.37e+05]
  [   15/232] sample   2498 (radius  s=0.04) E=3.242   741.3s  ->  shard ETA 44.5 h
  [   16/232] sample   2501 (radius  s=0.04) E=2.496   454.9s  ->  shard ETA 43.2 h
    QUARANTINED sample 2504 (radius, sigma=0.04): A_si out of [0,1]: [0.0449,8.36e+05]
  [   17/232] sample   2504 (radius  s=0.04) E=3.786  1087.4s  ->  shard ETA 44.3 h
  [   18/232] sample   2507 (radius  s=0.04) E=2.510   472.5s  ->  shard ETA 43.2 h
    QUARANTINED sample 2510 (radius, sigma=0.04): A_si out of [0,1]: [0.0437,3.26e+05]
  [   19/232] sample   2510 (radius  s=0.04) E=3.745   796.6s  ->  shard ETA 43.2 h
    QUARANTINED sample 2513 (radius, sigma=0.06): A_si out of [0,1]: [0.0483,1.66e+05]
  [   20/232] sample   2513 (radius  s=0.06) E=3.245   772.3s  ->  shard ETA 43.2 h
  [   21/232] sample   2516 (radius  s=0.06) E=2.545   489.2s  ->  shard ETA 42.3 h
    QUARANTINED sample 2519 (radius, sigma=0.06): A_si out of [0,1]: [-0.0048,4.7e+03]
  [   22/232] sample   2519 (radius  s=0.06) E=2.841   834.4s  ->  shard ETA 42.4 h
  [   23/232] sample   2522 (radius  s=0.06) E=2.542   463.9s  ->  shard ETA 41.5 h
    QUARANTINED sample 2525 (radius, sigma=0.06): A_si out of [0,1]: [0.0484,1.47e+05]
  [   24/232] sample   2525 (radius  s=0.06) E=3.501   748.0s  ->  shard ETA 41.4 h
  [   25/232] sample   2528 (radius  s=0.06) E=2.540   435.6s  ->  shard ETA 40.5 h
  [   26/232] sample   2531 (radius  s=0.06) E=2.556   487.8s  ->  shard ETA 39.9 h
    QUARANTINED sample 2534 (radius, sigma=0.06): A_si out of [0,1]: [0.0491,5.02e+04]
  [   27/232] sample   2534 (radius  s=0.06) E=3.179  1033.6s  ->  shard ETA 40.4 h
    QUARANTINED sample 2537 (radius, sigma=0.06): A_si out of [0,1]: [0.0473,1.93e+08]
  [   28/232] sample   2537 (radius  s=0.06) E=3.805   761.1s  ->  shard ETA 40.3 h
  [   29/232] sample   2540 (radius  s=0.06) E=2.531   461.6s  ->  shard ETA 39.6 h
    QUARANTINED sample 2543 (radius, sigma=0.06): A_si out of [0,1]: [0.042,4.68e+04]
  [   30/232] sample   2543 (radius  s=0.06) E=3.155   733.5s  ->  shard ETA 39.5 h
    QUARANTINED sample 2546 (radius, sigma=0.06): A_si out of [0,1]: [0.0491,2.36e+05]
  [   31/232] sample   2546 (radius  s=0.06) E=3.361  1044.3s  ->  shard ETA 39.9 h
  [   32/232] sample   2549 (radius  s=0.06) E=2.543   553.1s  ->  shard ETA 39.4 h
    QUARANTINED sample 2552 (radius, sigma=0.06): A_si out of [0,1]: [0.0503,5e+04]
  [   33/232] sample   2552 (radius  s=0.06) E=3.244  1040.3s  ->  shard ETA 39.8 h
  [   34/232] sample   2555 (radius  s=0.06) E=2.531   486.0s  ->  shard ETA 39.2 h
  [   35/232] sample   2558 (radius  s=0.06) E=2.542   432.0s  ->  shard ETA 38.6 h
    QUARANTINED sample 2561 (radius, sigma=0.06): A_si out of [0,1]: [0.048,1.97e+06]
  [   36/232] sample   2561 (radius  s=0.06) E=3.804  1037.6s  ->  shard ETA 38.9 h
    QUARANTINED sample 2564 (radius, sigma=0.06): A_si out of [0,1]: [0.00494,620]
  [   37/232] sample   2564 (radius  s=0.06) E=2.728  1040.8s  ->  shard ETA 39.1 h
    QUARANTINED sample 2567 (radius, sigma=0.06): A_si out of [0,1]: [0.0492,3.11e+06]
  [   38/232] sample   2567 (radius  s=0.06) E=3.816  1073.0s  ->  shard ETA 39.4 h
    QUARANTINED sample 2570 (radius, sigma=0.06): A_si out of [0,1]: [0.0141,9.42e+03]
  [   39/232] sample   2570 (radius  s=0.06) E=2.909  1028.9s  ->  shard ETA 39.7 h
    QUARANTINED sample 2573 (radius, sigma=0.06): A_si out of [0,1]: [0.046,8.97e+06]
  [   40/232] sample   2573 (radius  s=0.06) E=3.813   769.1s  ->  shard ETA 39.5 h
  [   41/232] sample   2576 (radius  s=0.06) E=2.544   497.4s  ->  shard ETA 39.0 h
    QUARANTINED sample 2579 (radius, sigma=0.06): A_si out of [0,1]: [0.0449,2.9e+07]
  [   42/232] sample   2579 (radius  s=0.06) E=3.799   741.9s  ->  shard ETA 38.8 h
  [   43/232] sample   2582 (radius  s=0.06) E=2.552   456.3s  ->  shard ETA 38.2 h
    QUARANTINED sample 2585 (radius, sigma=0.06): A_si out of [0,1]: [0.0473,3.53e+07]
  [   44/232] sample   2585 (radius  s=0.06) E=3.800  1104.5s  ->  shard ETA 38.5 h
  [   45/232] sample   2588 (radius  s=0.06) E=2.533   492.5s  ->  shard ETA 38.0 h
  [   46/232] sample   2591 (radius  s=0.08) E=2.555   461.2s  ->  shard ETA 37.5 h
  [   47/232] sample   2594 (radius  s=0.08) E=2.550   435.7s  ->  shard ETA 37.0 h
  [   48/232] sample   2597 (radius  s=0.08) E=2.567   448.3s  ->  shard ETA 36.5 h
  [   49/232] sample   2600 (radius  s=0.08) E=2.550   417.1s  ->  shard ETA 36.0 h
    QUARANTINED sample 2603 (radius, sigma=0.08): A_si out of [0,1]: [0.0558,3.42e+04]
  [   50/232] sample   2603 (radius  s=0.08) E=3.254   754.0s  ->  shard ETA 35.8 h
    QUARANTINED sample 2606 (radius, sigma=0.08): A_si out of [0,1]: [0.0556,2.66e+05]
  [   51/232] sample   2606 (radius  s=0.08) E=3.673  1030.7s  ->  shard ETA 35.9 h
    QUARANTINED sample 2609 (radius, sigma=0.08): A_si out of [0,1]: [0.00361,216]
  [   52/232] sample   2609 (radius  s=0.08) E=2.713   761.9s  ->  shard ETA 35.8 h
  [   53/232] sample   2612 (radius  s=0.08) E=2.553   388.5s  ->  shard ETA 35.3 h
  [   54/232] sample   2615 (radius  s=0.08) E=2.559   436.9s  ->  shard ETA 34.8 h
  [   55/232] sample   2618 (radius  s=0.08) E=2.550   471.2s  ->  shard ETA 34.4 h
    QUARANTINED sample 2621 (radius, sigma=0.08): A_si out of [0,1]: [0.00529,5.68e+03]
  [   56/232] sample   2621 (radius  s=0.08) E=2.872   721.7s  ->  shard ETA 34.3 h
  [   57/232] sample   2624 (radius  s=0.08) E=2.568   421.0s  ->  shard ETA 33.8 h
  [   58/232] sample   2627 (radius  s=0.08) E=2.552   405.4s  ->  shard ETA 33.4 h
    QUARANTINED sample 2630 (radius, sigma=0.08): A_si out of [0,1]: [0.00126,444]
  [   59/232] sample   2630 (radius  s=0.08) E=2.751   820.3s  ->  shard ETA 33.3 h
  [   60/232] sample   2633 (radius  s=0.08) E=2.560   516.5s  ->  shard ETA 33.0 h
  [   61/232] sample   2636 (radius  s=0.08) E=2.547   478.0s  ->  shard ETA 32.6 h
    QUARANTINED sample 2639 (radius, sigma=0.08): A_si out of [0,1]: [0.00919,6.03e+03]
  [   62/232] sample   2639 (radius  s=0.08) E=2.971   814.8s  ->  shard ETA 32.5 h
  [   63/232] sample   2642 (radius  s=0.08) E=2.557   624.9s  ->  shard ETA 32.3 h
  [   64/232] sample   2645 (radius  s=0.08) E=2.582   435.6s  ->  shard ETA 31.9 h
  [   65/232] sample   2648 (radius  s=0.08) E=2.558   467.3s  ->  shard ETA 31.6 h
  [   66/232] sample   2651 (radius  s=0.08) E=2.564   401.4s  ->  shard ETA 31.2 h
  [   67/232] sample   2654 (radius  s=0.08) E=2.537   423.3s  ->  shard ETA 30.8 h
  [   68/232] sample   2657 (radius  s=0.08) E=2.552   457.4s  ->  shard ETA 30.5 h
  [   69/232] sample   2660 (radius  s=0.08) E=2.554   432.2s  ->  shard ETA 30.1 h
    QUARANTINED sample 2663 (radius, sigma=0.08): A_si out of [0,1]: [0.048,1.39e+05]
  [   70/232] sample   2663 (radius  s=0.08) E=3.462   805.4s  ->  shard ETA 30.0 h
    QUARANTINED sample 2666 (radius, sigma=0.08): A_si out of [0,1]: [0.00332,2.2e+04]
  [   71/232] sample   2666 (radius  s=0.08) E=2.979  1022.0s  ->  shard ETA 30.1 h
  [   72/232] sample   2669 (radius  s=0.08) E=2.566   477.1s  ->  shard ETA 29.8 h
  [   73/232] sample   2672 (radius  s=0.1) E=2.574   453.9s  ->  shard ETA 29.5 h
  [   74/232] sample   2675 (radius  s=0.1) E=2.583   408.9s  ->  shard ETA 29.1 h
  [   75/232] sample   2678 (radius  s=0.1) E=2.581   493.2s  ->  shard ETA 28.8 h
Traceback (most recent call last):
  File "/project/rise-batteries/Photonics_RISE/scripts/FDTD_GPU_test/run_dataset.py", line 833, in <module>
    main()
    ~~~~^^
  File "/project/rise-batteries/Photonics_RISE/scripts/FDTD_GPU_test/run_dataset.py", line 828, in main
    {"generate": cmd_generate, "plan": cmd_plan,
    ~~~~~~~~~~~~~~~~~~~~~~~~~~~~~~~~~~~~~~~~~~~~
     "analyze": cmd_analyze, "verify": cmd_verify}[cmd](args)
     ~~~~~~~~~~~~~~~~~~~~~~~~~~~~~~~~~~~~~~~~~~~~~~~~~~^^^^^^
  File "/project/rise-batteries/Photonics_RISE/scripts/FDTD_GPU_test/run_dataset.py", line 298, in cmd_generate
    A_si, A_par, info = solve_one(rec, wl, device)
                        ~~~~~~~~~^^^^^^^^^^^^^^^^^
  File "/project/rise-batteries/Photonics_RISE/scripts/FDTD_GPU_test/run_dataset.py", line 210, in solve_one
    return broadband_absorption_many(
        [holes], rec.get("a_super_nm", C.A_SUPER_NM), C.THICKNESS_NM, wl,
        m["fits"], C.BUFFER_NM, resolution or C.RESOLUTION,
        decay_tol or C.DECAY_TOL, max_time or C.MAX_TIME, NORM_DIR,
        device=device, n_cells_tag=f"sc{C.N_CELLS}")
  File "/project/rise-batteries/Photonics_RISE/scripts/FDTD_GPU_test/fdtd_torch.py", line 945, in broadband_absorption_many
    Rb, Ab, dt_s, cap, ns = run_single(
                            ~~~~~~~~~~^
        holes_list[g], a_super_nm, thickness_nm, buffer_nm, resolution,
        ^^^^^^^^^^^^^^^^^^^^^^^^^^^^^^^^^^^^^^^^^^^^^^^^^^^^^^^^^^^^^^^
        b, p, wl[idx], fits, norm_dir, device, bits, decay_tol,
        ^^^^^^^^^^^^^^^^^^^^^^^^^^^^^^^^^^^^^^^^^^^^^^^^^^^^^^^
        max_time, n_cells_tag)
        ^^^^^^^^^^^^^^^^^^^^^^
  File "/project/rise-batteries/Photonics_RISE/scripts/FDTD_GPU_test/fdtd_torch.py", line 877, in run_single
    res = sim.run(decay_tol=decay_tol, max_time=max_time)
  File "/project/rise-batteries/Photonics_RISE/scripts/FDTD_GPU_test/fdtd_torch.py", line 749, in run
    self._step(n)
    ~~~~~~~~~~^^^
  File "/project/rise-batteries/Photonics_RISE/scripts/FDTD_GPU_test/fdtd_torch.py", line 715, in _step
    (self._core_e_c or self._core_e)(self._g)
    ~~~~~~~~~~~~~~~~~~~~~~~~~~~~~~~~^^^^^^^^^
  File "/project/rise-batteries/photonics-fdtd/lib/python3.13/site-packages/torch/_dynamo/eval_frame.py", line 1166, in compile_wrapper
    result = fn(*args, **kwargs)
  File "/project/rise-batteries/Photonics_RISE/scripts/FDTD_GPU_test/fdtd_torch.py", line 654, in _core_e
    def _core_e(self, g):
  File "/project/rise-batteries/photonics-fdtd/lib/python3.13/site-packages/torch/_dynamo/eval_frame.py", line 1446, in _fn
    return fn(*args, **kwargs)
  File "/project/rise-batteries/photonics-fdtd/lib/python3.13/site-packages/torch/_functorch/aot_autograd.py", line 1277, in forward
    return compiled_fn(full_args)
  File "/project/rise-batteries/photonics-fdtd/lib/python3.13/site-packages/torch/_functorch/_aot_autograd/runtime_wrappers.py", line 2548, in __call__
    return self.compiled_fn(*args, **kwargs)
           ~~~~~~~~~~~~~~~~^^^^^^^^^^^^^^^^^
  File "/project/rise-batteries/photonics-fdtd/lib/python3.13/site-packages/torch/_functorch/_aot_autograd/runtime_wrappers.py", line 1141, in runtime_wrapper
    result = _codegen_runtime_wrapper(
        _inner_compiled_fn,
    ...<2 lines>...
        args,
    )
  File "/project/rise-batteries/photonics-fdtd/lib/python3.13/site-packages/torch/_functorch/_aot_autograd/subclass_codegen.py:codegen(runtime_wrapper_orchestration)", line 9, in _runtime_wrapper
  File "/project/rise-batteries/photonics-fdtd/lib/python3.13/site-packages/torch/_inductor/output_code.py", line 763, in __call__
    return self.current_callable(inputs)
           ~~~~~~~~~~~~~~~~~~~~~^^^^^^^^
  File "/project/rise-batteries/photonics-fdtd/lib/python3.13/site-packages/torch/_inductor/utils.py", line 3835, in run
    out = model(new_inputs)
  File "/scratch/6903681.1.rp6k/torchinductor_jkopel/k3/ck32xfo5trlkjhhahtvuw5focpsypll6btsizdhzdefpoeo3z74w.py", line 1496, in call
    triton_poi_fused__to_copy_add_mul_slice_3.run(arg60_1, arg58_1, arg61_1, arg62_1, arg63_1, arg16_1, arg59_1, buf13, 4918914, stream=raw_stream0)
    ~~~~~~~~~~~~~~~~~~~~~~~~~~~~~~~~~~~~~~~~~~~~~^^^^^^^^^^^^^^^^^^^^^^^^^^^^^^^^^^^^^^^^^^^^^^^^^^^^^^^^^^^^^^^^^^^^^^^^^^^^^^^^^^^^^^^^^^^^^^^^^^^
  File "/project/rise-batteries/photonics-fdtd/lib/python3.13/site-packages/torch/_inductor/runtime/triton_heuristics.py", line 2086, in run
    return fast(*args, stream=stream)
  File "<string>", line 5, in launcher
KeyboardInterrupt
