[log] mirroring all output to gpu_out_n8r60/logs/dataset_shard2_20260726_033826.log
================================================================
DATASET GENERATION (GPU FDTD)  [mode=FULL  solver=torch-FDTD(GPU)  supercell=7x7 (a_super=4550 nm)  res=60/um  decay_tol=0.0003  cap=2500  grid=12/2.5 nm  stack=air/Si(300)/ZnO(80)/Ag  device=auto fp32]
grid: 2 classes x 10 sigmas x 75 seeds + 50 random + ordered
================================================================
[device] cuda

[pre-flight validation]
[Drude-Lorentz fit ledger  (per band, fit vs table)]
    si    400- 700 nm: max|dn|=1.41e-02  max|dk|=9.25e-03  (rel k err where k>1e-3: 7.35%)  -> OK
    si    700- 950 nm: max|dn|=1.53e-03  max|dk|=7.12e-04  (rel k err where k>1e-3: 8.43%)  -> OK
    si    950-1100 nm: max|dn|=3.12e-03  max|dk|=3.64e-04  (rel k err where k>1e-3: 32.49%)  -> OK
    zno   400- 700 nm: max|dn|=2.47e-05  max|dk|=3.94e-09  (rel k err where k>1e-3: 0.00%)  -> OK
    zno   700- 950 nm: max|dn|=4.08e-06  max|dk|=6.92e-10  (rel k err where k>1e-3: 0.00%)  -> OK
    zno   950-1100 nm: max|dn|=7.02e-06  max|dk|=4.41e-10  (rel k err where k>1e-3: 0.00%)  -> OK
    ag    400- 700 nm: max|dn|=1.09e-03  max|dk|=4.06e-03  (rel k err where k>1e-3: 0.17%)  -> OK
    ag    700- 950 nm: max|dn|=2.21e-03  max|dk|=4.65e-03  (rel k err where k>1e-3: 0.08%)  -> OK
    ag    950-1100 nm: max|dn|=2.71e-03  max|dk|=7.93e-03  (rel k err where k>1e-3: 0.10%)  -> OK
    LABEL GATE planar: eta(table)=0.13968  eta(fit)=0.13853  (-0.82%, gate 1%)   max|dA_si|=2.429e-02
    LABEL GATE trapping (L_eff=15um): eta(table)=0.69847  eta(fit)=0.69512  (-0.48%, gate 2.5%)
[pseudo-1D planar stack: torch-FDTD vs fitted-material TMM, res=500/um, device=cuda]
    band 400-700 nm: max|dA_si| = 4.51e-03  (R err 4.51e-03, A_par err 1.84e-04)  -> OK
    band 700-950 nm: max|dA_si| = 3.43e-04  (R err 3.63e-04, A_par err 2.74e-05)  -> OK
    band 950-1100 nm: max|dA_si| = 2.54e-05  (R err 4.27e-05, A_par err 4.10e-05)  -> OK
[3D uniform slab @ res=120, cell=650 nm]
    band 400-700: max|dA_si| = 5.95e-02 (gate 8e-02)  -> OK
    band 700-950: max|dA_si| = 2.53e-03 (gate 2e-02)  -> OK
    band 950-1100: max|dA_si| = 2.35e-04 (gate 1e-02)  -> OK
  NOTE: skipping 46 previously QUARANTINED samples in this shard;
  inspect gpu_out_n8r60/quarantine and delete their files to force a re-solve.

shard 2/3: 264 samples to solve, one at a time on cuda
  [    1/264] sample   2279 (jitter  s=0.3) E=2.583   599.1s  ->  shard ETA 43.8 h
  [    2/264] sample   2282 (jitter  s=0.3) E=2.578   522.2s  ->  shard ETA 40.8 h
  [    3/264] sample   2285 (jitter  s=0.3) E=2.593   583.0s  ->  shard ETA 41.2 h
  [    4/264] sample   2288 (jitter  s=0.3) E=2.585   645.4s  ->  shard ETA 42.4 h
  [    5/264] sample   2291 (jitter  s=0.3) E=2.592   622.2s  ->  shard ETA 42.8 h
  [    6/264] sample   2294 (jitter  s=0.3) E=2.563   578.3s  ->  shard ETA 42.4 h
  [    7/264] sample   2297 (jitter  s=0.3) E=2.560   661.6s  ->  shard ETA 43.0 h
  [    8/264] sample   2300 (jitter  s=0.3) E=2.566   520.5s  ->  shard ETA 42.1 h
  [    9/264] sample   2303 (jitter  s=0.3) E=2.577   562.7s  ->  shard ETA 41.7 h
  [   10/264] sample   2306 (jitter  s=0.3) E=2.571   632.4s  ->  shard ETA 41.8 h
  [   11/264] sample   2309 (jitter  s=0.3) E=2.566   614.6s  ->  shard ETA 41.8 h
  [   12/264] sample   2312 (jitter  s=0.3) E=2.559   581.2s  ->  shard ETA 41.6 h
  [   13/264] sample   2315 (jitter  s=0.3) E=2.571   630.0s  ->  shard ETA 41.6 h
  [   14/264] sample   2318 (jitter  s=0.3) E=2.573   615.8s  ->  shard ETA 41.5 h
  [   15/264] sample   2321 (jitter  s=0.3) E=2.579   665.6s  ->  shard ETA 41.7 h
  [   16/264] sample   2324 (jitter  s=0.3) E=2.575   551.0s  ->  shard ETA 41.3 h
  [   17/264] sample   2327 (jitter  s=0.3) E=2.573   624.9s  ->  shard ETA 41.2 h
  [   18/264] sample   2330 (jitter  s=0.3) E=2.575   599.4s  ->  shard ETA 41.0 h
  [   19/264] sample   2333 (jitter  s=0.3) E=2.582   494.6s  ->  shard ETA 40.5 h
  [   20/264] sample   2336 (jitter  s=0.3) E=2.569   402.0s  ->  shard ETA 39.7 h
  [   21/264] sample   2339 (jitter  s=0.3) E=2.582   529.3s  ->  shard ETA 39.3 h
  [   22/264] sample   2342 (jitter  s=0.3) E=2.555   405.7s  ->  shard ETA 38.6 h
  [   23/264] sample   2345 (jitter  s=0.3) E=2.571   453.6s  ->  shard ETA 38.1 h
  [   24/264] sample   2348 (jitter  s=0.3) E=2.577   488.0s  ->  shard ETA 37.7 h
    QUARANTINED sample 2432 (radius, sigma=0.04): A_si out of [0,1]: [0.0446,3.06e+07]
  [   25/264] sample   2432 (radius  s=0.04) E=3.784  1232.8s  ->  shard ETA 39.3 h
    QUARANTINED sample 2435 (radius, sigma=0.04): A_si out of [0,1]: [0.0442,1.01e+07]
  [   26/264] sample   2435 (radius  s=0.04) E=3.784   862.4s  ->  shard ETA 39.9 h
  [   27/264] sample   2438 (radius  s=0.04) E=2.519   557.7s  ->  shard ETA 39.6 h
    QUARANTINED sample 2441 (radius, sigma=0.04): A_si out of [0,1]: [0.044,7.04e+07]
  [   28/264] sample   2441 (radius  s=0.04) E=3.781  1245.7s  ->  shard ETA 40.9 h
    QUARANTINED sample 2444 (radius, sigma=0.04): A_si out of [0,1]: [0.0449,1.03e+07]
  [   29/264] sample   2444 (radius  s=0.04) E=3.796  1226.2s  ->  shard ETA 42.1 h
    QUARANTINED sample 2447 (radius, sigma=0.04): A_si out of [0,1]: [0.0446,1.53e+08]
  [   30/264] sample   2447 (radius  s=0.04) E=3.783  1235.3s  ->  shard ETA 43.2 h
    QUARANTINED sample 2450 (radius, sigma=0.04): A_si out of [0,1]: [0.0439,9.01e+05]
  [   31/264] sample   2450 (radius  s=0.04) E=3.774   902.0s  ->  shard ETA 43.5 h
    QUARANTINED sample 2453 (radius, sigma=0.04): A_si out of [0,1]: [0.044,3.77e+06]
  [   32/264] sample   2453 (radius  s=0.04) E=3.779   873.1s  ->  shard ETA 43.7 h
