[log] mirroring all output to gpu_out_n8r60/logs/dataset_shard0_20260719_035520.log
================================================================
DATASET GENERATION (GPU FDTD)  [mode=FULL  solver=torch-FDTD(GPU)  supercell=7x7 (a_super=4550 nm)  res=60/um  decay_tol=0.0003  cap=2500  grid=12/2.5 nm  stack=air/Si(300)/ZnO(80)/Ag  device=auto fp32]
grid: 2 classes x 10 sigmas x 75 seeds + 50 random + ordered
================================================================
[device] cuda

[pre-flight validation]
[Drude-Lorentz fit ledger  (per band, fit vs table)]
    si    400- 700 nm: max|dn|=1.41e-02  max|dk|=9.25e-03  (rel k err where k>1e-3: 7.35%)  -> OK
    si    700- 950 nm: max|dn|=1.53e-03  max|dk|=7.12e-04  (rel k err where k>1e-3: 8.43%)  -> OK
    si    950-1100 nm: max|dn|=3.12e-03  max|dk|=3.64e-04  (rel k err where k>1e-3: 32.49%)  -> OK
    zno   400- 700 nm: max|dn|=2.47e-05  max|dk|=3.94e-09  (rel k err where k>1e-3: 0.00%)  -> OK
    zno   700- 950 nm: max|dn|=4.08e-06  max|dk|=6.92e-10  (rel k err where k>1e-3: 0.00%)  -> OK
    zno   950-1100 nm: max|dn|=7.02e-06  max|dk|=4.41e-10  (rel k err where k>1e-3: 0.00%)  -> OK
    ag    400- 700 nm: max|dn|=1.09e-03  max|dk|=4.06e-03  (rel k err where k>1e-3: 0.17%)  -> OK
    ag    700- 950 nm: max|dn|=2.21e-03  max|dk|=4.65e-03  (rel k err where k>1e-3: 0.08%)  -> OK
    ag    950-1100 nm: max|dn|=2.71e-03  max|dk|=7.93e-03  (rel k err where k>1e-3: 0.10%)  -> OK
    LABEL GATE planar: eta(table)=0.13968  eta(fit)=0.13853  (-0.82%, gate 1%)   max|dA_si|=2.429e-02
    LABEL GATE trapping (L_eff=15um): eta(table)=0.69847  eta(fit)=0.69512  (-0.48%, gate 2.5%)
[pseudo-1D planar stack: torch-FDTD vs fitted-material TMM, res=500/um, device=cuda]
    band 400-700 nm: max|dA_si| = 4.51e-03  (R err 4.51e-03, A_par err 1.84e-04)  -> OK
    band 700-950 nm: max|dA_si| = 3.43e-04  (R err 3.63e-04, A_par err 2.74e-05)  -> OK
    band 950-1100 nm: max|dA_si| = 2.54e-05  (R err 4.27e-05, A_par err 4.10e-05)  -> OK
[3D uniform slab @ res=120, cell=650 nm]
    band 400-700: max|dA_si| = 5.95e-02 (gate 8e-02)  -> OK
    band 700-950: max|dA_si| = 2.53e-03 (gate 2e-02)  -> OK
    band 950-1100: max|dA_si| = 2.35e-04 (gate 1e-02)  -> OK
  NOTE: skipping 40 previously QUARANTINED samples in this shard;
  inspect gpu_out_n8r60/quarantine and delete their files to force a re-solve.

shard 0/3: 694 samples to solve, one at a time on cuda
  [    1/694] sample    990 (radius  s=0.08) E=2.548  1493.2s  ->  shard ETA 287.5 h
  [    2/694] sample    993 (radius  s=0.08) E=2.546  1669.3s  ->  shard ETA 304.0 h
  [    3/694] sample    996 (radius  s=0.08) E=2.576  1402.7s  ->  shard ETA 292.1 h
    QUARANTINED sample 999 (radius, sigma=0.08): A_si out of [0,1]: [0.00313,652]
  [    4/694] sample    999 (radius  s=0.08) E=2.749  2678.9s  ->  shard ETA 347.1 h
  [    5/694] sample   1002 (radius  s=0.08) E=2.563  1741.8s  ->  shard ETA 344.0 h
  [    6/694] sample   1005 (radius  s=0.08) E=2.565  1417.7s  ->  shard ETA 331.4 h
  [    7/694] sample   1008 (radius  s=0.08) E=2.548  1770.0s  ->  shard ETA 331.9 h
  [    8/694] sample   1011 (radius  s=0.08) E=2.561  1469.2s  ->  shard ETA 325.0 h
  [    9/694] sample   1014 (radius  s=0.08) E=2.550  1418.4s  ->  shard ETA 318.4 h
  [   10/694] sample   1017 (radius  s=0.08) E=2.553  1622.8s  ->  shard ETA 317.0 h
  [   11/694] sample   1020 (radius  s=0.08) E=2.566  1484.6s  ->  shard ETA 313.4 h
  [   12/694] sample   1023 (radius  s=0.08) E=2.568  1434.9s  ->  shard ETA 309.5 h
    QUARANTINED sample 1026 (radius, sigma=0.08): A_si out of [0,1]: [0.00315,23.3]
  [   13/694] sample   1026 (radius  s=0.08) E=2.648  2634.8s  ->  shard ETA 323.6 h
  [   14/694] sample   1029 (radius  s=0.08) E=2.561  1588.9s  ->  shard ETA 321.5 h
  [   15/694] sample   1032 (radius  s=0.08) E=2.554  1568.5s  ->  shard ETA 319.3 h
  [   16/694] sample   1035 (radius  s=0.08) E=2.548  1661.1s  ->  shard ETA 318.5 h
    QUARANTINED sample 1038 (radius, sigma=0.08): A_si out of [0,1]: [0.048,7.87e+05]
  [   17/694] sample   1038 (radius  s=0.08) E=3.812  2772.6s  ->  shard ETA 330.0 h
  [   18/694] sample   1041 (radius  s=0.08) E=2.573  1468.2s  ->  shard ETA 326.5 h
  [   19/694] sample   1044 (radius  s=0.08) E=2.563  1293.3s  ->  shard ETA 321.6 h
