[log] mirroring all output to gpu_out_n8r60/logs/dataset_shard2_20260717_142515.log
================================================================
DATASET GENERATION (GPU FDTD)  [mode=FULL  solver=torch-FDTD(GPU)  supercell=7x7 (a_super=4550 nm)  res=60/um  decay_tol=0.0003  cap=2500  grid=12/2.5 nm  stack=air/Si(300)/ZnO(80)/Ag  device=auto fp32]
grid: 2 classes x 10 sigmas x 75 seeds + 50 random + ordered
================================================================
[device] cuda

[pre-flight validation]
[Drude-Lorentz fit ledger  (per band, fit vs table)]
    si    400- 700 nm: max|dn|=1.41e-02  max|dk|=9.25e-03  (rel k err where k>1e-3: 7.35%)  -> OK
    si    700- 950 nm: max|dn|=1.53e-03  max|dk|=7.12e-04  (rel k err where k>1e-3: 8.43%)  -> OK
    si    950-1100 nm: max|dn|=3.12e-03  max|dk|=3.64e-04  (rel k err where k>1e-3: 32.49%)  -> OK
    zno   400- 700 nm: max|dn|=2.47e-05  max|dk|=3.94e-09  (rel k err where k>1e-3: 0.00%)  -> OK
    zno   700- 950 nm: max|dn|=4.08e-06  max|dk|=6.92e-10  (rel k err where k>1e-3: 0.00%)  -> OK
    zno   950-1100 nm: max|dn|=7.02e-06  max|dk|=4.41e-10  (rel k err where k>1e-3: 0.00%)  -> OK
    ag    400- 700 nm: max|dn|=1.09e-03  max|dk|=4.06e-03  (rel k err where k>1e-3: 0.17%)  -> OK
    ag    700- 950 nm: max|dn|=2.21e-03  max|dk|=4.65e-03  (rel k err where k>1e-3: 0.08%)  -> OK
    ag    950-1100 nm: max|dn|=2.71e-03  max|dk|=7.93e-03  (rel k err where k>1e-3: 0.10%)  -> OK
    LABEL GATE planar: eta(table)=0.13968  eta(fit)=0.13853  (-0.82%, gate 1%)   max|dA_si|=2.429e-02
    LABEL GATE trapping (L_eff=15um): eta(table)=0.69847  eta(fit)=0.69512  (-0.48%, gate 2.5%)
[pseudo-1D planar stack: torch-FDTD vs fitted-material TMM, res=500/um, device=cuda]
    band 400-700 nm: max|dA_si| = 4.51e-03  (R err 4.51e-03, A_par err 1.84e-04)  -> OK
    band 700-950 nm: max|dA_si| = 3.43e-04  (R err 3.63e-04, A_par err 2.74e-05)  -> OK
    band 950-1100 nm: max|dA_si| = 2.54e-05  (R err 4.27e-05, A_par err 4.10e-05)  -> OK
[3D uniform slab @ res=120, cell=650 nm]
    band 400-700: max|dA_si| = 5.95e-02 (gate 8e-02)  -> OK
    band 700-950: max|dA_si| = 2.53e-03 (gate 2e-02)  -> OK
    band 950-1100: max|dA_si| = 2.35e-04 (gate 1e-02)  -> OK
  NOTE: skipping 39 previously QUARANTINED samples in this shard;
  inspect gpu_out_n8r60/quarantine and delete their files to force a re-solve.

shard 2/3: 695 samples to solve, one at a time on cuda
  [    1/695] sample    986 (radius  s=0.08) E=2.539   431.1s  ->  shard ETA 83.1 h
  [    2/695] sample    989 (radius  s=0.08) E=2.553   353.9s  ->  shard ETA 75.6 h
  [    3/695] sample    992 (radius  s=0.08) E=2.558   323.6s  ->  shard ETA 71.0 h
  [    4/695] sample    995 (radius  s=0.08) E=2.566   330.7s  ->  shard ETA 69.1 h
  [    5/695] sample    998 (radius  s=0.08) E=2.545   395.2s  ->  shard ETA 70.3 h
  [    6/695] sample   1001 (radius  s=0.08) E=2.555   350.3s  ->  shard ETA 69.7 h
    QUARANTINED sample 1004 (radius, sigma=0.08): A_si out of [0,1]: [0.0505,3.32e+05]
  [    7/695] sample   1004 (radius  s=0.08) E=3.471   631.9s  ->  shard ETA 76.9 h
  [    8/695] sample   1007 (radius  s=0.08) E=2.555   398.1s  ->  shard ETA 76.7 h
  [    9/695] sample   1010 (radius  s=0.08) E=2.551   360.3s  ->  shard ETA 75.7 h
  [   10/695] sample   1013 (radius  s=0.08) E=2.552   313.0s  ->  shard ETA 74.0 h
    QUARANTINED sample 1016 (radius, sigma=0.08): A_si out of [0,1]: [0.0506,5.26e+06]
  [   11/695] sample   1016 (radius  s=0.08) E=3.821   847.1s  ->  shard ETA 81.8 h
  [   12/695] sample   1019 (radius  s=0.08) E=2.566   316.2s  ->  shard ETA 79.9 h
  [   13/695] sample   1022 (radius  s=0.08) E=2.548   406.6s  ->  shard ETA 79.5 h
  [   14/695] sample   1025 (radius  s=0.08) E=2.546   374.7s  ->  shard ETA 78.8 h
  [   15/695] sample   1028 (radius  s=0.08) E=2.544   336.4s  ->  shard ETA 77.7 h
  [   16/695] sample   1031 (radius  s=0.08) E=2.552   394.0s  ->  shard ETA 77.4 h
  [   17/695] sample   1034 (radius  s=0.08) E=2.563   323.5s  ->  shard ETA 76.3 h
  [   18/695] sample   1037 (radius  s=0.08) E=2.557   302.2s  ->  shard ETA 75.1 h
    QUARANTINED sample 1040 (radius, sigma=0.08): A_si out of [0,1]: [0.0541,2.08e+05]
  [   19/695] sample   1040 (radius  s=0.08) E=3.447   416.9s  ->  shard ETA 75.2 h
  [   20/695] sample   1043 (radius  s=0.08) E=2.569   220.8s  ->  shard ETA 73.4 h
  [   21/695] sample   1046 (radius  s=0.08) E=2.549   272.2s  ->  shard ETA 72.2 h
  [   22/695] sample   1049 (radius  s=0.08) E=2.559   253.9s  ->  shard ETA 71.0 h
  [   23/695] sample   1052 (radius  s=0.1) E=2.586   231.7s  ->  shard ETA 69.7 h
  [   24/695] sample   1055 (radius  s=0.1) E=2.575   265.2s  ->  shard ETA 68.7 h
  [   25/695] sample   1058 (radius  s=0.1) E=2.585   231.6s  ->  shard ETA 67.6 h
  [   26/695] sample   1061 (radius  s=0.1) E=2.568   208.4s  ->  shard ETA 66.4 h
  [   27/695] sample   1064 (radius  s=0.1) E=2.564   251.5s  ->  shard ETA 65.6 h
    QUARANTINED sample 1067 (radius, sigma=0.1): A_si out of [0,1]: [0.00169,46.6]
  [   28/695] sample   1067 (radius  s=0.1) E=2.671   466.5s  ->  shard ETA 66.2 h
  [   29/695] sample   1070 (radius  s=0.1) E=2.570   238.4s  ->  shard ETA 65.4 h
  [   30/695] sample   1073 (radius  s=0.1) E=2.567   241.0s  ->  shard ETA 64.6 h
  [   31/695] sample   1076 (radius  s=0.1) E=2.559   240.9s  ->  shard ETA 63.8 h
  [   32/695] sample   1079 (radius  s=0.1) E=2.560   281.8s  ->  shard ETA 63.4 h
  [   33/695] sample   1082 (radius  s=0.1) E=2.555   265.1s  ->  shard ETA 62.8 h
  [   34/695] sample   1085 (radius  s=0.1) E=2.588   219.3s  ->  shard ETA 62.1 h
  [   35/695] sample   1088 (radius  s=0.1) E=2.573   234.6s  ->  shard ETA 61.4 h
    QUARANTINED sample 1091 (radius, sigma=0.1): A_si out of [0,1]: [-0.0139,0.777]
  [   36/695] sample   1091 (radius  s=0.1) E=2.566   216.7s  ->  shard ETA 60.7 h
  [   37/695] sample   1094 (radius  s=0.1) E=2.581   211.3s  ->  shard ETA 60.1 h
  [   38/695] sample   1097 (radius  s=0.1) E=2.580   248.3s  ->  shard ETA 59.6 h
  [   39/695] sample   1100 (radius  s=0.1) E=2.594   219.2s  ->  shard ETA 59.0 h
  [   40/695] sample   1103 (radius  s=0.1) E=2.573   223.2s  ->  shard ETA 58.4 h
  [   41/695] sample   1106 (radius  s=0.1) E=2.573   222.0s  ->  shard ETA 57.9 h
  [   42/695] sample   1109 (radius  s=0.1) E=2.563   247.6s  ->  shard ETA 57.5 h
  [   43/695] sample   1112 (radius  s=0.1) E=2.576   258.8s  ->  shard ETA 57.2 h
  [   44/695] sample   1115 (radius  s=0.1) E=2.583   239.3s  ->  shard ETA 56.8 h
  [   45/695] sample   1118 (radius  s=0.1) E=2.564   319.3s  ->  shard ETA 56.7 h
  [   46/695] sample   1121 (radius  s=0.1) E=2.574   236.4s  ->  shard ETA 56.3 h
  [   47/695] sample   1124 (radius  s=0.1) E=2.583   234.5s  ->  shard ETA 55.9 h
  [   48/695] sample   1127 (radius  s=0.125) E=2.594   232.7s  ->  shard ETA 55.6 h
  [   49/695] sample   1130 (radius  s=0.125) E=2.586   241.5s  ->  shard ETA 55.2 h
  [   50/695] sample   1133 (radius  s=0.125) E=2.583   228.9s  ->  shard ETA 54.9 h
  [   51/695] sample   1136 (radius  s=0.125) E=2.584   212.4s  ->  shard ETA 54.4 h
  [   52/695] sample   1139 (radius  s=0.125) E=2.591   237.1s  ->  shard ETA 54.1 h
  [   53/695] sample   1142 (radius  s=0.125) E=2.585   245.8s  ->  shard ETA 53.9 h
  [   54/695] sample   1145 (radius  s=0.125) E=2.584   236.7s  ->  shard ETA 53.6 h
  [   55/695] sample   1148 (radius  s=0.125) E=2.602   245.1s  ->  shard ETA 53.3 h
  [   56/695] sample   1151 (radius  s=0.125) E=2.594   284.0s  ->  shard ETA 53.2 h
  [   57/695] sample   1154 (radius  s=0.125) E=2.598   223.6s  ->  shard ETA 52.8 h
  [   58/695] sample   1157 (radius  s=0.125) E=2.571   233.3s  ->  shard ETA 52.6 h
  [   59/695] sample   1160 (radius  s=0.125) E=2.589   215.9s  ->  shard ETA 52.2 h
  [   60/695] sample   1163 (radius  s=0.125) E=2.575   280.0s  ->  shard ETA 52.1 h
  [   61/695] sample   1166 (radius  s=0.125) E=2.592   202.0s  ->  shard ETA 51.8 h
  [   62/695] sample   1169 (radius  s=0.125) E=2.573   242.0s  ->  shard ETA 51.5 h
  [   63/695] sample   1172 (radius  s=0.125) E=2.600   254.0s  ->  shard ETA 51.3 h
  [   64/695] sample   1175 (radius  s=0.125) E=2.608   209.4s  ->  shard ETA 51.0 h
  [   65/695] sample   1178 (radius  s=0.125) E=2.584   247.9s  ->  shard ETA 50.8 h
  [   66/695] sample   1181 (radius  s=0.125) E=2.578   265.5s  ->  shard ETA 50.7 h
  [   67/695] sample   1184 (radius  s=0.125) E=2.592   222.3s  ->  shard ETA 50.4 h
  [   68/695] sample   1187 (radius  s=0.125) E=2.598   230.4s  ->  shard ETA 50.2 h
  [   69/695] sample   1190 (radius  s=0.125) E=2.589   233.7s  ->  shard ETA 50.0 h
  [   70/695] sample   1193 (radius  s=0.125) E=2.604   211.8s  ->  shard ETA 49.7 h
  [   71/695] sample   1196 (radius  s=0.125) E=2.574   250.4s  ->  shard ETA 49.5 h
  [   72/695] sample   1199 (radius  s=0.125) E=2.585   202.2s  ->  shard ETA 49.3 h
  [   73/695] sample   1202 (radius  s=0.15) E=2.593   226.2s  ->  shard ETA 49.0 h
  [   74/695] sample   1205 (radius  s=0.15) E=2.598   228.5s  ->  shard ETA 48.8 h
  [   75/695] sample   1208 (radius  s=0.15) E=2.586   229.1s  ->  shard ETA 48.6 h
  [   76/695] sample   1211 (radius  s=0.15) E=2.590   236.0s  ->  shard ETA 48.5 h
  [   77/695] sample   1214 (radius  s=0.15) E=2.601   213.7s  ->  shard ETA 48.2 h
  [   78/695] sample   1217 (radius  s=0.15) E=2.608   211.7s  ->  shard ETA 48.0 h
  [   79/695] sample   1220 (radius  s=0.15) E=2.597   226.2s  ->  shard ETA 47.8 h
