[log] mirroring all output to gpu_out_n8r60/logs/dataset_shard1_20260723_160110.log
================================================================
DATASET GENERATION (GPU FDTD)  [mode=FULL  solver=torch-FDTD(GPU)  supercell=7x7 (a_super=4550 nm)  res=60/um  decay_tol=0.0003  cap=2500  grid=12/2.5 nm  stack=air/Si(300)/ZnO(80)/Ag  device=auto fp32]
grid: 2 classes x 10 sigmas x 75 seeds + 50 random + ordered
================================================================
[device] cuda

[pre-flight validation]
[Drude-Lorentz fit ledger  (per band, fit vs table)]
    si    400- 700 nm: max|dn|=1.41e-02  max|dk|=9.25e-03  (rel k err where k>1e-3: 7.35%)  -> OK
    si    700- 950 nm: max|dn|=1.53e-03  max|dk|=7.12e-04  (rel k err where k>1e-3: 8.43%)  -> OK
    si    950-1100 nm: max|dn|=3.12e-03  max|dk|=3.64e-04  (rel k err where k>1e-3: 32.49%)  -> OK
    zno   400- 700 nm: max|dn|=2.47e-05  max|dk|=3.94e-09  (rel k err where k>1e-3: 0.00%)  -> OK
    zno   700- 950 nm: max|dn|=4.08e-06  max|dk|=6.92e-10  (rel k err where k>1e-3: 0.00%)  -> OK
    zno   950-1100 nm: max|dn|=7.02e-06  max|dk|=4.41e-10  (rel k err where k>1e-3: 0.00%)  -> OK
    ag    400- 700 nm: max|dn|=1.09e-03  max|dk|=4.06e-03  (rel k err where k>1e-3: 0.17%)  -> OK
    ag    700- 950 nm: max|dn|=2.21e-03  max|dk|=4.65e-03  (rel k err where k>1e-3: 0.08%)  -> OK
    ag    950-1100 nm: max|dn|=2.71e-03  max|dk|=7.93e-03  (rel k err where k>1e-3: 0.10%)  -> OK
    LABEL GATE planar: eta(table)=0.13968  eta(fit)=0.13853  (-0.82%, gate 1%)   max|dA_si|=2.429e-02
    LABEL GATE trapping (L_eff=15um): eta(table)=0.69847  eta(fit)=0.69512  (-0.48%, gate 2.5%)
[pseudo-1D planar stack: torch-FDTD vs fitted-material TMM, res=500/um, device=cuda]
    band 400-700 nm: max|dA_si| = 4.51e-03  (R err 4.51e-03, A_par err 1.84e-04)  -> OK
    band 700-950 nm: max|dA_si| = 3.43e-04  (R err 3.63e-04, A_par err 2.74e-05)  -> OK
    band 950-1100 nm: max|dA_si| = 2.54e-05  (R err 4.27e-05, A_par err 4.10e-05)  -> OK
[3D uniform slab @ res=120, cell=650 nm]
    band 400-700: max|dA_si| = 5.95e-02 (gate 8e-02)  -> OK
    band 700-950: max|dA_si| = 2.53e-03 (gate 2e-02)  -> OK
    band 950-1100: max|dA_si| = 2.35e-04 (gate 1e-02)  -> OK
  NOTE: skipping 91 previously QUARANTINED samples in this shard;
  inspect gpu_out_n8r60/quarantine and delete their files to force a re-solve.

shard 1/3: 186 samples to solve, one at a time on cuda
  [    1/186] sample   2593 (radius  s=0.08) E=2.568   698.1s  ->  shard ETA 35.9 h
  [    2/186] sample   2596 (radius  s=0.08) E=2.559   658.0s  ->  shard ETA 34.7 h
  [    3/186] sample   2599 (radius  s=0.08) E=2.575   751.0s  ->  shard ETA 35.7 h
  [    4/186] sample   2602 (radius  s=0.08) E=2.546   820.6s  ->  shard ETA 37.0 h
  [    5/186] sample   2605 (radius  s=0.08) E=2.544   653.4s  ->  shard ETA 36.0 h
  [    6/186] sample   2608 (radius  s=0.08) E=2.553   649.7s  ->  shard ETA 35.3 h
  [    7/186] sample   2611 (radius  s=0.08) E=2.572   676.9s  ->  shard ETA 34.9 h
  [    8/186] sample   2614 (radius  s=0.08) E=2.558   651.7s  ->  shard ETA 34.4 h
  [    9/186] sample   2617 (radius  s=0.08) E=2.545   729.1s  ->  shard ETA 34.4 h
  [   10/186] sample   2620 (radius  s=0.08) E=2.569   673.9s  ->  shard ETA 34.0 h
  [   11/186] sample   2623 (radius  s=0.08) E=2.554   675.7s  ->  shard ETA 33.8 h
  [   12/186] sample   2626 (radius  s=0.08) E=2.554   705.0s  ->  shard ETA 33.6 h
  [   13/186] sample   2629 (radius  s=0.08) E=2.536   703.8s  ->  shard ETA 33.4 h
    QUARANTINED sample 2632 (radius, sigma=0.08): A_si out of [0,1]: [-0.064,6.07e+03]
  [   14/186] sample   2632 (radius  s=0.08) E=2.881  1199.5s  ->  shard ETA 35.0 h
  [   15/186] sample   2635 (radius  s=0.08) E=2.534   667.2s  ->  shard ETA 34.6 h
  [   16/186] sample   2638 (radius  s=0.08) E=2.562   661.9s  ->  shard ETA 34.2 h
  [   17/186] sample   2641 (radius  s=0.08) E=2.566   721.4s  ->  shard ETA 34.0 h
    QUARANTINED sample 2644 (radius, sigma=0.08): A_si out of [0,1]: [-0.0198,0.762]
  [   18/186] sample   2644 (radius  s=0.08) E=2.569   629.6s  ->  shard ETA 33.5 h
  [   19/186] sample   2647 (radius  s=0.08) E=2.551   608.1s  ->  shard ETA 33.0 h
  [   20/186] sample   2650 (radius  s=0.08) E=2.565   517.9s  ->  shard ETA 32.4 h
  [   21/186] sample   2653 (radius  s=0.08) E=2.547   511.1s  ->  shard ETA 31.8 h
  [   22/186] sample   2656 (radius  s=0.08) E=2.561   457.8s  ->  shard ETA 31.1 h
  [   23/186] sample   2659 (radius  s=0.08) E=2.558   658.7s  ->  shard ETA 30.9 h
    QUARANTINED sample 2662 (radius, sigma=0.08): A_si out of [0,1]: [0.0193,5e+04]
  [   24/186] sample   2662 (radius  s=0.08) E=3.095   942.3s  ->  shard ETA 31.2 h
  [   25/186] sample   2665 (radius  s=0.08) E=2.539   603.0s  ->  shard ETA 30.8 h
  [   26/186] sample   2668 (radius  s=0.08) E=2.542   515.9s  ->  shard ETA 30.3 h
  [   27/186] sample   2671 (radius  s=0.1) E=2.560   540.0s  ->  shard ETA 29.9 h
  [   28/186] sample   2674 (radius  s=0.1) E=2.583   497.3s  ->  shard ETA 29.4 h
  [   29/186] sample   2677 (radius  s=0.1) E=2.559   553.6s  ->  shard ETA 29.1 h
  [   30/186] sample   2680 (radius  s=0.1) E=2.582   470.1s  ->  shard ETA 28.6 h
  [   31/186] sample   2683 (radius  s=0.1) E=2.558   564.5s  ->  shard ETA 28.3 h
  [   32/186] sample   2686 (radius  s=0.1) E=2.580   457.1s  ->  shard ETA 27.8 h
  [   33/186] sample   2689 (radius  s=0.1) E=2.582   454.2s  ->  shard ETA 27.4 h
  [   34/186] sample   2692 (radius  s=0.1) E=2.577   478.8s  ->  shard ETA 27.0 h
  [   35/186] sample   2695 (radius  s=0.1) E=2.578   572.9s  ->  shard ETA 26.8 h
  [   36/186] sample   2698 (radius  s=0.1) E=2.556   585.5s  ->  shard ETA 26.5 h
  [   37/186] sample   2701 (radius  s=0.1) E=2.568   521.3s  ->  shard ETA 26.2 h
  [   38/186] sample   2704 (radius  s=0.1) E=2.569   528.6s  ->  shard ETA 25.9 h
  [   39/186] sample   2707 (radius  s=0.1) E=2.572   607.6s  ->  shard ETA 25.7 h
  [   40/186] sample   2710 (radius  s=0.1) E=2.573   517.5s  ->  shard ETA 25.4 h
  [   41/186] sample   2713 (radius  s=0.1) E=2.583   430.6s  ->  shard ETA 25.1 h
  [   42/186] sample   2716 (radius  s=0.1) E=2.580   481.8s  ->  shard ETA 24.8 h
  [   43/186] sample   2719 (radius  s=0.1) E=2.549   538.1s  ->  shard ETA 24.5 h
  [   44/186] sample   2722 (radius  s=0.1) E=2.568   587.0s  ->  shard ETA 24.3 h
  [   45/186] sample   2725 (radius  s=0.1) E=2.561   564.0s  ->  shard ETA 24.1 h
  [   46/186] sample   2728 (radius  s=0.1) E=2.581   463.4s  ->  shard ETA 23.8 h
  [   47/186] sample   2731 (radius  s=0.1) E=2.562   572.4s  ->  shard ETA 23.6 h
  [   48/186] sample   2734 (radius  s=0.1) E=2.565   518.6s  ->  shard ETA 23.4 h
  [   49/186] sample   2737 (radius  s=0.1) E=2.578   484.2s  ->  shard ETA 23.1 h
  [   50/186] sample   2740 (radius  s=0.1) E=2.583   524.7s  ->  shard ETA 22.9 h
  [   51/186] sample   2743 (radius  s=0.1) E=2.576   469.4s  ->  shard ETA 22.6 h
  [   52/186] sample   2746 (radius  s=0.1) E=2.578   489.2s  ->  shard ETA 22.3 h
  [   53/186] sample   2749 (radius  s=0.1) E=2.566   645.9s  ->  shard ETA 22.2 h
  [   54/186] sample   2752 (radius  s=0.125) E=2.582   486.0s  ->  shard ETA 22.0 h
  [   55/186] sample   2755 (radius  s=0.125) E=2.587   460.4s  ->  shard ETA 21.7 h
  [   56/186] sample   2758 (radius  s=0.125) E=2.578   440.6s  ->  shard ETA 21.4 h
  [   57/186] sample   2761 (radius  s=0.125) E=2.581   437.5s  ->  shard ETA 21.2 h
  [   58/186] sample   2764 (radius  s=0.125) E=2.616   447.4s  ->  shard ETA 20.9 h
  [   59/186] sample   2767 (radius  s=0.125) E=2.591   410.2s  ->  shard ETA 20.7 h
  [   60/186] sample   2770 (radius  s=0.125) E=2.588   442.3s  ->  shard ETA 20.4 h
  [   61/186] sample   2773 (radius  s=0.125) E=2.588   429.0s  ->  shard ETA 20.2 h
  [   62/186] sample   2776 (radius  s=0.125) E=2.581   423.2s  ->  shard ETA 19.9 h
  [   63/186] sample   2779 (radius  s=0.125) E=2.580   523.1s  ->  shard ETA 19.7 h
  [   64/186] sample   2782 (radius  s=0.125) E=2.592   457.3s  ->  shard ETA 19.5 h
  [   65/186] sample   2785 (radius  s=0.125) E=2.579   438.4s  ->  shard ETA 19.3 h
  [   66/186] sample   2788 (radius  s=0.125) E=2.590   479.6s  ->  shard ETA 19.1 h
  [   67/186] sample   2791 (radius  s=0.125) E=2.584   452.6s  ->  shard ETA 18.8 h
  [   68/186] sample   2794 (radius  s=0.125) E=2.597   403.6s  ->  shard ETA 18.6 h
  [   69/186] sample   2797 (radius  s=0.125) E=2.591   485.5s  ->  shard ETA 18.4 h
  [   70/186] sample   2800 (radius  s=0.125) E=2.605   404.8s  ->  shard ETA 18.2 h
  [   71/186] sample   2803 (radius  s=0.125) E=2.577   456.4s  ->  shard ETA 18.0 h
  [   72/186] sample   2806 (radius  s=0.125) E=2.574   483.3s  ->  shard ETA 17.8 h
  [   73/186] sample   2809 (radius  s=0.125) E=2.595   436.7s  ->  shard ETA 17.6 h
  [   74/186] sample   2812 (radius  s=0.125) E=2.593   459.5s  ->  shard ETA 17.4 h
  [   75/186] sample   2815 (radius  s=0.125) E=2.579   507.6s  ->  shard ETA 17.2 h
  [   76/186] sample   2818 (radius  s=0.125) E=2.599   418.5s  ->  shard ETA 17.0 h
  [   77/186] sample   2821 (radius  s=0.125) E=2.569   457.8s  ->  shard ETA 16.8 h
  [   78/186] sample   2824 (radius  s=0.125) E=2.575   516.9s  ->  shard ETA 16.6 h
  [   79/186] sample   2827 (radius  s=0.125) E=2.589   471.6s  ->  shard ETA 16.4 h
  [   80/186] sample   2830 (radius  s=0.125) E=2.582   539.5s  ->  shard ETA 16.3 h
  [   81/186] sample   2833 (radius  s=0.15) E=2.592   422.2s  ->  shard ETA 16.1 h
  [   82/186] sample   2836 (radius  s=0.15) E=2.592   507.1s  ->  shard ETA 15.9 h
  [   83/186] sample   2839 (radius  s=0.15) E=2.591   414.9s  ->  shard ETA 15.7 h
  [   84/186] sample   2842 (radius  s=0.15) E=2.607   441.3s  ->  shard ETA 15.5 h
  [   85/186] sample   2845 (radius  s=0.15) E=2.607   425.8s  ->  shard ETA 15.3 h
  [   86/186] sample   2848 (radius  s=0.15) E=2.610   424.6s  ->  shard ETA 15.1 h
  [   87/186] sample   2851 (radius  s=0.15) E=2.597   435.0s  ->  shard ETA 15.0 h
  [   88/186] sample   2854 (radius  s=0.15) E=2.608   431.0s  ->  shard ETA 14.8 h
  [   89/186] sample   2857 (radius  s=0.15) E=2.593   401.3s  ->  shard ETA 14.6 h
  [   90/186] sample   2860 (radius  s=0.15) E=2.584   434.6s  ->  shard ETA 14.4 h
  [   91/186] sample   2863 (radius  s=0.15) E=2.609   428.4s  ->  shard ETA 14.2 h
  [   92/186] sample   2866 (radius  s=0.15) E=2.596   469.0s  ->  shard ETA 14.0 h
  [   93/186] sample   2869 (radius  s=0.15) E=2.595   445.7s  ->  shard ETA 13.9 h
  [   94/186] sample   2872 (radius  s=0.15) E=2.594   537.0s  ->  shard ETA 13.7 h
  [   95/186] sample   2875 (radius  s=0.15) E=2.579   432.5s  ->  shard ETA 13.5 h
  [   96/186] sample   2878 (radius  s=0.15) E=2.615   469.1s  ->  shard ETA 13.4 h
  [   97/186] sample   2881 (radius  s=0.15) E=2.602   421.6s  ->  shard ETA 13.2 h
  [   98/186] sample   2884 (radius  s=0.15) E=2.588   478.3s  ->  shard ETA 13.0 h
  [   99/186] sample   2887 (radius  s=0.15) E=2.606   452.2s  ->  shard ETA 12.9 h
  [  100/186] sample   2890 (radius  s=0.15) E=2.596   441.0s  ->  shard ETA 12.7 h
  [  101/186] sample   2893 (radius  s=0.15) E=2.612   421.0s  ->  shard ETA 12.5 h
  [  102/186] sample   2896 (radius  s=0.15) E=2.601   420.4s  ->  shard ETA 12.4 h
  [  103/186] sample   2899 (radius  s=0.15) E=2.585   506.2s  ->  shard ETA 12.2 h
  [  104/186] sample   2902 (radius  s=0.15) E=2.600   418.5s  ->  shard ETA 12.0 h
  [  105/186] sample   2905 (radius  s=0.15) E=2.597   454.2s  ->  shard ETA 11.9 h
  [  106/186] sample   2908 (radius  s=0.15) E=2.589   470.2s  ->  shard ETA 11.7 h
  [  107/186] sample   2911 (radius  s=0.2) E=2.600   431.1s  ->  shard ETA 11.5 h
  [  108/186] sample   2914 (radius  s=0.2) E=2.600   408.3s  ->  shard ETA 11.4 h
  [  109/186] sample   2917 (radius  s=0.2) E=2.604   414.8s  ->  shard ETA 11.2 h
  [  110/186] sample   2920 (radius  s=0.2) E=2.618   468.0s  ->  shard ETA 11.0 h
  [  111/186] sample   2923 (radius  s=0.2) E=2.605   462.1s  ->  shard ETA 10.9 h
  [  112/186] sample   2926 (radius  s=0.2) E=2.609   416.9s  ->  shard ETA 10.7 h
  [  113/186] sample   2929 (radius  s=0.2) E=2.587   428.1s  ->  shard ETA 10.6 h
  [  114/186] sample   2932 (radius  s=0.2) E=2.606   439.3s  ->  shard ETA 10.4 h
  [  115/186] sample   2935 (radius  s=0.2) E=2.602   426.1s  ->  shard ETA 10.2 h
  [  116/186] sample   2938 (radius  s=0.2) E=2.613   450.1s  ->  shard ETA 10.1 h
  [  117/186] sample   2941 (radius  s=0.2) E=2.591   435.8s  ->  shard ETA 9.9 h
  [  118/186] sample   2944 (radius  s=0.2) E=2.609   410.4s  ->  shard ETA 9.8 h
  [  119/186] sample   2947 (radius  s=0.2) E=2.618   462.6s  ->  shard ETA 9.6 h
  [  120/186] sample   2950 (radius  s=0.2) E=2.606   434.3s  ->  shard ETA 9.5 h
  [  121/186] sample   2953 (radius  s=0.2) E=2.620   471.7s  ->  shard ETA 9.3 h
  [  122/186] sample   2956 (radius  s=0.2) E=2.613   441.0s  ->  shard ETA 9.2 h
  [  123/186] sample   2959 (radius  s=0.2) E=2.605   442.2s  ->  shard ETA 9.0 h
  [  124/186] sample   2962 (radius  s=0.2) E=2.611   408.8s  ->  shard ETA 8.8 h
  [  125/186] sample   2965 (radius  s=0.2) E=2.606   433.4s  ->  shard ETA 8.7 h
  [  126/186] sample   2968 (radius  s=0.2) E=2.608   447.5s  ->  shard ETA 8.5 h
  [  127/186] sample   2971 (radius  s=0.2) E=2.595   425.6s  ->  shard ETA 8.4 h
  [  128/186] sample   2974 (radius  s=0.2) E=2.604   506.7s  ->  shard ETA 8.2 h
  [  129/186] sample   2977 (radius  s=0.2) E=2.598   455.2s  ->  shard ETA 8.1 h
  [  130/186] sample   2980 (radius  s=0.2) E=2.606   439.4s  ->  shard ETA 7.9 h
  [  131/186] sample   2983 (radius  s=0.2) E=2.606   425.0s  ->  shard ETA 7.8 h
  [  132/186] sample   2986 (radius  s=0.2) E=2.601   426.9s  ->  shard ETA 7.6 h
  [  133/186] sample   2989 (radius  s=0.2) E=2.608   461.1s  ->  shard ETA 7.5 h
  [  134/186] sample   2992 (radius  s=0.25) E=2.599   438.3s  ->  shard ETA 7.3 h
  [  135/186] sample   2995 (radius  s=0.25) E=2.586   418.9s  ->  shard ETA 7.2 h
  [  136/186] sample   2998 (radius  s=0.25) E=2.613   487.3s  ->  shard ETA 7.1 h
  [  137/186] sample   3001 (radius  s=0.25) E=2.593   422.6s  ->  shard ETA 6.9 h
  [  138/186] sample   3004 (radius  s=0.25) E=2.538   429.2s  ->  shard ETA 6.8 h
  [  139/186] sample   3007 (radius  s=0.25) E=2.578   408.9s  ->  shard ETA 6.6 h
  [  140/186] sample   3010 (radius  s=0.25) E=2.592   417.0s  ->  shard ETA 6.5 h
  [  141/186] sample   3013 (radius  s=0.25) E=2.588   548.7s  ->  shard ETA 6.3 h
  [  142/186] sample   3016 (radius  s=0.25) E=2.577   494.2s  ->  shard ETA 6.2 h
  [  143/186] sample   3019 (radius  s=0.25) E=2.619   513.7s  ->  shard ETA 6.0 h
  [  144/186] sample   3022 (radius  s=0.25) E=2.574   452.7s  ->  shard ETA 5.9 h
  [  145/186] sample   3025 (radius  s=0.25) E=2.592   454.8s  ->  shard ETA 5.7 h
  [  146/186] sample   3028 (radius  s=0.25) E=2.565   464.2s  ->  shard ETA 5.6 h
  [  147/186] sample   3031 (radius  s=0.25) E=2.590   587.0s  ->  shard ETA 5.5 h
  [  148/186] sample   3034 (radius  s=0.25) E=2.576   463.8s  ->  shard ETA 5.3 h
  [  149/186] sample   3037 (radius  s=0.25) E=2.595   488.5s  ->  shard ETA 5.2 h
  [  150/186] sample   3040 (radius  s=0.25) E=2.587   461.2s  ->  shard ETA 5.0 h
  [  151/186] sample   3043 (radius  s=0.25) E=2.564   440.5s  ->  shard ETA 4.9 h
  [  152/186] sample   3046 (radius  s=0.25) E=2.592   472.4s  ->  shard ETA 4.8 h
  [  153/186] sample   3049 (radius  s=0.25) E=2.588   431.8s  ->  shard ETA 4.6 h
  [  154/186] sample   3052 (radius  s=0.25) E=2.598   496.6s  ->  shard ETA 4.5 h
  [  155/186] sample   3055 (radius  s=0.25) E=2.587   428.9s  ->  shard ETA 4.3 h
  [  156/186] sample   3058 (radius  s=0.25) E=2.579   457.6s  ->  shard ETA 4.2 h
  [  157/186] sample   3061 (radius  s=0.25) E=2.617   496.7s  ->  shard ETA 4.0 h
  [  158/186] sample   3064 (radius  s=0.25) E=2.574   488.5s  ->  shard ETA 3.9 h
  [  159/186] sample   3067 (radius  s=0.25) E=2.574   526.2s  ->  shard ETA 3.8 h
  [  160/186] sample   3070 (radius  s=0.25) E=2.595   453.0s  ->  shard ETA 3.6 h
  [  161/186] sample   3073 (radius  s=0.3) E=2.561   519.6s  ->  shard ETA 3.5 h
  [  162/186] sample   3076 (radius  s=0.3) E=2.557   517.2s  ->  shard ETA 3.3 h
  [  163/186] sample   3079 (radius  s=0.3) E=2.554   420.8s  ->  shard ETA 3.2 h
  [  164/186] sample   3082 (radius  s=0.3) E=2.565   482.8s  ->  shard ETA 3.1 h
  [  165/186] sample   3085 (radius  s=0.3) E=2.567   481.2s  ->  shard ETA 2.9 h
  [  166/186] sample   3088 (radius  s=0.3) E=2.555   523.4s  ->  shard ETA 2.8 h
  [  167/186] sample   3091 (radius  s=0.3) E=2.539   414.2s  ->  shard ETA 2.6 h
