[log] mirroring all output to gpu_out_n8r60/logs/dataset_shard2_20260727_152836.log
================================================================
DATASET GENERATION (GPU FDTD)  [mode=FULL  solver=torch-FDTD(GPU)  supercell=7x7 (a_super=4550 nm)  res=60/um  decay_tol=0.0003  cap=2500  grid=12/2.5 nm  stack=air/Si(300)/ZnO(80)/Ag  device=auto fp32]
grid: 2 classes x 10 sigmas x 75 seeds + 50 random + ordered
================================================================
[device] cpu
  WARNING: running on CPU -- fine for FAKE/SMOKE plumbing tests, hopeless for FULL.

[pre-flight validation]
[Drude-Lorentz fit ledger  (per band, fit vs table)]
    si    400- 700 nm: max|dn|=1.41e-02  max|dk|=9.25e-03  (rel k err where k>1e-3: 7.35%)  -> OK
    si    700- 950 nm: max|dn|=1.53e-03  max|dk|=7.12e-04  (rel k err where k>1e-3: 8.43%)  -> OK
    si    950-1100 nm: max|dn|=3.12e-03  max|dk|=3.64e-04  (rel k err where k>1e-3: 32.49%)  -> OK
    zno   400- 700 nm: max|dn|=2.47e-05  max|dk|=3.94e-09  (rel k err where k>1e-3: 0.00%)  -> OK
    zno   700- 950 nm: max|dn|=4.08e-06  max|dk|=6.92e-10  (rel k err where k>1e-3: 0.00%)  -> OK
    zno   950-1100 nm: max|dn|=7.02e-06  max|dk|=4.41e-10  (rel k err where k>1e-3: 0.00%)  -> OK
    ag    400- 700 nm: max|dn|=1.09e-03  max|dk|=4.06e-03  (rel k err where k>1e-3: 0.17%)  -> OK
    ag    700- 950 nm: max|dn|=2.21e-03  max|dk|=4.65e-03  (rel k err where k>1e-3: 0.08%)  -> OK
    ag    950-1100 nm: max|dn|=2.71e-03  max|dk|=7.93e-03  (rel k err where k>1e-3: 0.10%)  -> OK
    LABEL GATE planar: eta(table)=0.13968  eta(fit)=0.13853  (-0.82%, gate 1%)   max|dA_si|=2.429e-02
    LABEL GATE trapping (L_eff=15um): eta(table)=0.69847  eta(fit)=0.69512  (-0.48%, gate 2.5%)
[pseudo-1D planar stack: torch-FDTD vs fitted-material TMM, res=500/um, device=cpu]
    band 400-700 nm: max|dA_si| = 4.50e-03  (R err 4.51e-03, A_par err 1.86e-04)  -> OK
    band 700-950 nm: max|dA_si| = 3.49e-04  (R err 3.64e-04, A_par err 2.75e-05)  -> OK
    band 950-1100 nm: max|dA_si| = 3.67e-05  (R err 4.22e-05, A_par err 3.97e-05)  -> OK
[3D uniform slab @ res=120, cell=650 nm]
Traceback (most recent call last):
  File "/project/rise-batteries/Photonics_RISE/scripts/FDTD_GPU_test/run_dataset.py", line 833, in <module>
    main()
    ~~~~^^
  File "/project/rise-batteries/Photonics_RISE/scripts/FDTD_GPU_test/run_dataset.py", line 828, in main
    {"generate": cmd_generate, "plan": cmd_plan,
    ~~~~~~~~~~~~~~~~~~~~~~~~~~~~~~~~~~~~~~~~~~~~
     "analyze": cmd_analyze, "verify": cmd_verify}[cmd](args)
     ~~~~~~~~~~~~~~~~~~~~~~~~~~~~~~~~~~~~~~~~~~~~~~~~~~^^^^^^
  File "/project/rise-batteries/Photonics_RISE/scripts/FDTD_GPU_test/run_dataset.py", line 255, in cmd_generate
    ok = run_all_validations(
        m["fits"], m["adapters"], (m["si"], m["zno"], m["ag"]),
        C.THICKNESS_NM, C.BUFFER_NM, C.RESOLUTION_UNIT, C.DECAY_TOL,
        C.MAX_TIME, NORM_DIR, a_super_3d_nm=C.A_NM, device=device)
  File "/project/rise-batteries/Photonics_RISE/scripts/FDTD_GPU_test/fdtd_torch.py", line 1068, in run_all_validations
    ok &= validate_uniform_3d(fits, adapters, a_super_3d_nm, thickness_nm,
          ~~~~~~~~~~~~~~~~~~~^^^^^^^^^^^^^^^^^^^^^^^^^^^^^^^^^^^^^^^^^^^^^
                              buffer_nm, resolution_3d, decay_tol,
                              ^^^^^^^^^^^^^^^^^^^^^^^^^^^^^^^^^^^^
                              max_time, norm_dir,
                              ^^^^^^^^^^^^^^^^^^^
                              tol_bands=_C.GATE_3D_TOLS,
                              ^^^^^^^^^^^^^^^^^^^^^^^^^^
                              device=device, bits=bits)
                              ^^^^^^^^^^^^^^^^^^^^^^^^^
  File "/project/rise-batteries/Photonics_RISE/scripts/FDTD_GPU_test/fdtd_torch.py", line 1036, in validate_uniform_3d
    A_si, A_par, _ = broadband_absorption_many(
                     ~~~~~~~~~~~~~~~~~~~~~~~~~^
        [[]], a_super_nm, thickness_nm, wl, fits, buffer_nm,
        ^^^^^^^^^^^^^^^^^^^^^^^^^^^^^^^^^^^^^^^^^^^^^^^^^^^^
        resolution, decay_tol, max_time, norm_dir, device=device,
        ^^^^^^^^^^^^^^^^^^^^^^^^^^^^^^^^^^^^^^^^^^^^^^^^^^^^^^^^^
        bits=bits, pols=("x",), n_cells_tag=n_cells_tag)
        ^^^^^^^^^^^^^^^^^^^^^^^^^^^^^^^^^^^^^^^^^^^^^^^^
  File "/project/rise-batteries/Photonics_RISE/scripts/FDTD_GPU_test/fdtd_torch.py", line 945, in broadband_absorption_many
    Rb, Ab, dt_s, cap, ns = run_single(
                            ~~~~~~~~~~^
        holes_list[g], a_super_nm, thickness_nm, buffer_nm, resolution,
        ^^^^^^^^^^^^^^^^^^^^^^^^^^^^^^^^^^^^^^^^^^^^^^^^^^^^^^^^^^^^^^^
        b, p, wl[idx], fits, norm_dir, device, bits, decay_tol,
        ^^^^^^^^^^^^^^^^^^^^^^^^^^^^^^^^^^^^^^^^^^^^^^^^^^^^^^^
        max_time, n_cells_tag)
        ^^^^^^^^^^^^^^^^^^^^^^
  File "/project/rise-batteries/Photonics_RISE/scripts/FDTD_GPU_test/fdtd_torch.py", line 877, in run_single
    res = sim.run(decay_tol=decay_tol, max_time=max_time)
  File "/project/rise-batteries/Photonics_RISE/scripts/FDTD_GPU_test/fdtd_torch.py", line 749, in run
    self._step(n)
    ~~~~~~~~~~^^^
  File "/project/rise-batteries/Photonics_RISE/scripts/FDTD_GPU_test/fdtd_torch.py", line 715, in _step
    (self._core_e_c or self._core_e)(self._g)
    ~~~~~~~~~~~~~~~~~~~~~~~~~~~~~~~~^^^^^^^^^
  File "/project/rise-batteries/photonics-fdtd/lib/python3.13/site-packages/torch/_dynamo/eval_frame.py", line 1166, in compile_wrapper
    result = fn(*args, **kwargs)
  File "/project/rise-batteries/photonics-fdtd/lib/python3.13/site-packages/torch/_dynamo/convert_frame.py", line 2628, in __call__
    result = self._torchdynamo_orig_backend(
        frame, cache_entry, self.hooks, frame_state, skip=1
    )
  File "/project/rise-batteries/photonics-fdtd/lib/python3.13/site-packages/torch/_dynamo/convert_frame.py", line 2319, in __call__
    result = self._inner_convert(
        frame, cache_entry, hooks, frame_state, skip=skip + 1
    )
  File "/project/rise-batteries/photonics-fdtd/lib/python3.13/site-packages/torch/_dynamo/convert_frame.py", line 777, in __call__
    result = _compile(
        frame.f_code,
    ...<18 lines>...
        convert_frame_box=self._box,
    )
  File "/project/rise-batteries/photonics-fdtd/lib/python3.13/site-packages/torch/_dynamo/convert_frame.py", line 2102, in _compile
    guarded_code, tracer_output = compile_inner(code, one_graph, hooks)
                                  ~~~~~~~~~~~~~^^^^^^^^^^^^^^^^^^^^^^^^
  File "/project/rise-batteries/photonics-fdtd/lib/python3.13/site-packages/torch/_utils_internal.py", line 96, in wrapper_function
    return function(*args, **kwargs)
  File "/project/rise-batteries/photonics-fdtd/lib/python3.13/site-packages/torch/_dynamo/convert_frame.py", line 1687, in compile_inner
    result = _compile_inner(code, one_graph, hooks)
  File "/project/rise-batteries/photonics-fdtd/lib/python3.13/site-packages/torch/_dynamo/convert_frame.py", line 1747, in _compile_inner
    dynamo_output = compile_frame(
        code,
    ...<11 lines>...
        package=package,
    )
  File "/project/rise-batteries/photonics-fdtd/lib/python3.13/site-packages/torch/_dynamo/convert_frame.py", line 1584, in compile_frame
    bytecode, tracer_output = transform_code_object(code, transform)
                              ~~~~~~~~~~~~~~~~~~~~~^^^^^^^^^^^^^^^^^
  File "/project/rise-batteries/photonics-fdtd/lib/python3.13/site-packages/torch/_dynamo/bytecode_transformation.py", line 1821, in transform_code_object
    tracer_output = transformations(instructions, code_options)
  File "/project/rise-batteries/photonics-fdtd/lib/python3.13/site-packages/torch/_dynamo/convert_frame.py", line 1555, in transform
    tracer_output = trace_frame(
        code,
    ...<14 lines>...
        package=package,
    )
  File "/project/rise-batteries/photonics-fdtd/lib/python3.13/site-packages/torch/_dynamo/convert_frame.py", line 368, in _fn
    return fn(*args, **kwargs)
  File "/project/rise-batteries/photonics-fdtd/lib/python3.13/site-packages/torch/_dynamo/convert_frame.py", line 954, in trace_frame
    run_tracer()
    ~~~~~~~~~~^^
  File "/project/rise-batteries/photonics-fdtd/lib/python3.13/site-packages/torch/_dynamo/convert_frame.py", line 935, in run_tracer
    tracer.run()
    ~~~~~~~~~~^^
  File "/project/rise-batteries/photonics-fdtd/lib/python3.13/site-packages/torch/_dynamo/symbolic_convert.py", line 1950, in run
    while self.step():
          ~~~~~~~~~^^
  File "/project/rise-batteries/photonics-fdtd/lib/python3.13/site-packages/torch/_dynamo/symbolic_convert.py", line 1603, in step
    self.dispatch_table[inst.opcode](self, inst)
    ~~~~~~~~~~~~~~~~~~~~~~~~~~~~~~~~^^^^^^^^^^^^
  File "/project/rise-batteries/photonics-fdtd/lib/python3.13/site-packages/torch/_dynamo/symbolic_convert.py", line 5619, in RETURN_CONST
    self._return(inst)
    ~~~~~~~~~~~~^^^^^^
  File "/project/rise-batteries/photonics-fdtd/lib/python3.13/site-packages/torch/_dynamo/symbolic_convert.py", line 5589, in _return
    all_stack_locals_metadata = self.output.compile_subgraph(
        self,
    ...<4 lines>...
        stack_pops=1 if inst.opname == "RETURN_VALUE" else 0,
    )
  File "/project/rise-batteries/photonics-fdtd/lib/python3.13/site-packages/torch/_dynamo/output_graph.py", line 2234, in compile_subgraph
    instructions, subgraph_pycode = self.compile_and_call_fx_graph(
                                    ~~~~~~~~~~~~~~~~~~~~~~~~~~~~~~^
        tx, pass2.graph_output_vars(), root
        ^^^^^^^^^^^^^^^^^^^^^^^^^^^^^^^^^^^
    )
    ^
  File "/project/rise-batteries/photonics-fdtd/lib/python3.13/site-packages/torch/_dynamo/output_graph.py", line 2880, in compile_and_call_fx_graph
    compiled_fn = self.call_user_compiler(gm, self.example_inputs())
  File "/project/rise-batteries/photonics-fdtd/lib/python3.13/site-packages/torch/_dynamo/output_graph.py", line 3057, in call_user_compiler
    return self._call_user_compiler(gm, example_inputs)
           ~~~~~~~~~~~~~~~~~~~~~~~~^^^^^^^^^^^^^^^^^^^^
  File "/project/rise-batteries/photonics-fdtd/lib/python3.13/site-packages/torch/_dynamo/output_graph.py", line 3119, in _call_user_compiler
    compiled_fn = compiler_fn(gm, example_inputs)
  File "/project/rise-batteries/photonics-fdtd/lib/python3.13/site-packages/torch/_dynamo/repro/after_dynamo.py", line 159, in __call__
    compiled_gm = compiler_fn(gm, example_inputs)
  File "/project/rise-batteries/photonics-fdtd/lib/python3.13/site-packages/torch/__init__.py", line 2489, in __call__
    return compile_fx(
        model_,
    ...<2 lines>...
        compile_region_name=self.name,
    )
  File "/project/rise-batteries/photonics-fdtd/lib/python3.13/site-packages/torch/_inductor/compile_fx.py", line 2782, in compile_fx
    return _maybe_wrap_and_compile_fx_main(
        model_,
    ...<4 lines>...
        compile_region_name=compile_region_name,
    )
  File "/project/rise-batteries/photonics-fdtd/lib/python3.13/site-packages/torch/_inductor/compile_fx.py", line 2863, in _maybe_wrap_and_compile_fx_main
    return _compile_fx_main(
        model_,
    ...<4 lines>...
        compile_region_name=compile_region_name,
    )
  File "/project/rise-batteries/photonics-fdtd/lib/python3.13/site-packages/torch/_inductor/compile_fx.py", line 3061, in _compile_fx_main
    return dynamo_common.aot_autograd(
           ~~~~~~~~~~~~~~~~~~~~~~~~~~~
    ...<9 lines>...
        compile_region_name=compile_region_name,
        ~~~~~~~~~~~~~~~~~~~~~~~~~~~~~~~~~~~~~~~~
    )(model_, example_inputs_)
    ~^^^^^^^^^^^^^^^^^^^^^^^^^
  File "/project/rise-batteries/photonics-fdtd/lib/python3.13/site-packages/torch/_dynamo/backends/common.py", line 123, in __call__
    cg = aot_module_simplified(gm, example_inputs, **self.kwargs)
  File "/project/rise-batteries/photonics-fdtd/lib/python3.13/site-packages/torch/_functorch/aot_autograd.py", line 1238, in aot_module_simplified
    compiled_fn, _ = aot_stage2_compile(
                     ~~~~~~~~~~~~~~~~~~^
        aot_state,
        ^^^^^^^^^^
    ...<4 lines>...
        inference_compiler,
        ^^^^^^^^^^^^^^^^^^^
    )
    ^
  File "/project/rise-batteries/photonics-fdtd/lib/python3.13/site-packages/torch/_functorch/_aot_autograd/graph_compile.py", line 364, in aot_stage2_compile
    return aot_stage2_inference(
        aot_state,
    ...<2 lines>...
        inference_compiler,
    )
  File "/project/rise-batteries/photonics-fdtd/lib/python3.13/site-packages/torch/_functorch/_aot_autograd/graph_compile.py", line 488, in aot_stage2_inference
    compiled_fw = _aot_stage2b_inference_compile(
        fw_module,
    ...<4 lines>...
        inference_compiler,
    )
  File "/project/rise-batteries/photonics-fdtd/lib/python3.13/site-packages/torch/_functorch/_aot_autograd/graph_compile.py", line 415, in _aot_stage2b_inference_compile
    return _aot_stage2b_compile_forward_or_inference(
           ~~~~~~~~~~~~~~~~~~~~~~~~~~~~~~~~~~~~~~~~~^
        fw_module,
        ^^^^^^^^^^
    ...<5 lines>...
        is_inference=True,
        ^^^^^^^^^^^^^^^^^^
    )[1]
    ^
  File "/project/rise-batteries/photonics-fdtd/lib/python3.13/site-packages/torch/_functorch/_aot_autograd/graph_compile.py", line 2800, in _aot_stage2b_compile_forward_or_inference
    compiled_fw_func = compiler(fw_module, adjusted_flat_args)
  File "/project/rise-batteries/photonics-fdtd/lib/python3.13/site-packages/torch/_functorch/_aot_autograd/schemas.py", line 1472, in __call__
    output_code = self.compiler_fn(gm, example_inputs)
  File "/project/rise-batteries/photonics-fdtd/lib/python3.13/site-packages/torch/_inductor/compile_fx.py", line 2924, in fw_compiler_base
    return compile_fx_forward(
        gm,
    ...<5 lines>...
        is_inference=is_inference,
    )
  File "/project/rise-batteries/photonics-fdtd/lib/python3.13/site-packages/torch/_inductor/compile_fx.py", line 2537, in compile_fx_forward
    result = inner_compile(
        gm,
    ...<5 lines>...
        boxed_forward_device_index=compiler_config_extra.forward_device,
    )
  File "/project/rise-batteries/photonics-fdtd/lib/python3.13/site-packages/torch/_inductor/compile_fx.py", line 837, in compile_fx_inner
    return wrap_compiler_debug(_compile_fx_inner, compiler_name="inductor")(
           ~~~~~~~~~~~~~~~~~~~~~~~~~~~~~~~~~~~~~~~~~~~~~~~~~~~~~~~~~~~~~~~~^
        gm,
        ^^^
    ...<2 lines>...
        **kwargs,
        ^^^^^^^^^
    )
    ^
  File "/project/rise-batteries/photonics-fdtd/lib/python3.13/site-packages/torch/_dynamo/repro/after_aot.py", line 317, in debug_wrapper
    inner_compiled_fn = compiler_fn(gm, example_inputs)
  File "/project/rise-batteries/photonics-fdtd/lib/python3.13/site-packages/torch/_inductor/compile_fx.py", line 1059, in _compile_fx_inner
    mb_compiled_graph = fx_codegen_and_compile(
        gm,
    ...<3 lines>...
        **graph_kwargs,
    )
  File "/project/rise-batteries/photonics-fdtd/lib/python3.13/site-packages/torch/_inductor/compile_fx.py", line 1847, in fx_codegen_and_compile
    return scheme.codegen_and_compile(gm, example_inputs, inputs_to_check, graph_kwargs)
           ~~~~~~~~~~~~~~~~~~~~~~~~~~^^^^^^^^^^^^^^^^^^^^^^^^^^^^^^^^^^^^^^^^^^^^^^^^^^^
  File "/project/rise-batteries/photonics-fdtd/lib/python3.13/site-packages/torch/_inductor/compile_fx.py", line 1608, in codegen_and_compile
    compiled_module = graph.compile_to_module()
  File "/project/rise-batteries/photonics-fdtd/lib/python3.13/site-packages/torch/_inductor/graph.py", line 2669, in compile_to_module
    return self._compile_to_module()
           ~~~~~~~~~~~~~~~~~~~~~~~^^
  File "/project/rise-batteries/photonics-fdtd/lib/python3.13/site-packages/torch/_inductor/graph.py", line 2679, in _compile_to_module
    mod = self._compile_to_module_lines(wrapper_code)
  File "/project/rise-batteries/photonics-fdtd/lib/python3.13/site-packages/torch/_inductor/graph.py", line 2754, in _compile_to_module_lines
    mod = PyCodeCache.load_by_key_path(
        key,
    ...<6 lines>...
        },
    )
  File "/project/rise-batteries/photonics-fdtd/lib/python3.13/site-packages/torch/_inductor/codecache.py", line 4622, in load_by_key_path
    mod = _reload_python_module(key, path, set_sys_modules=set_sys_modules)
  File "/project/rise-batteries/photonics-fdtd/lib/python3.13/site-packages/torch/_inductor/runtime/compile_tasks.py", line 35, in _reload_python_module
    exec(code, mod.__dict__, mod.__dict__)
    ~~~~^^^^^^^^^^^^^^^^^^^^^^^^^^^^^^^^^^
  File "/scratch/torchinductor_mcheung2/ry/cryfxz2nhh4luanvr6rb4wejg3up7d25wsztfia2ncke2nknphra.py", line 2587, in <module>
    async_compile.wait(globals())
    ~~~~~~~~~~~~~~~~~~^^^^^^^^^^^
  File "/project/rise-batteries/photonics-fdtd/lib/python3.13/site-packages/torch/_inductor/async_compile.py", line 818, in wait
    self._wait_futures(scope)
    ~~~~~~~~~~~~~~~~~~^^^^^^^
  File "/project/rise-batteries/photonics-fdtd/lib/python3.13/site-packages/torch/_inductor/async_compile.py", line 848, in _wait_futures
    kernel = result.result(timeout=wait_timeout)
  File "/project/rise-batteries/photonics-fdtd/lib/python3.13/site-packages/torch/_inductor/codecache.py", line 5306, in result
    return self.result_fn()
           ~~~~~~~~~~~~~~^^
  File "/project/rise-batteries/photonics-fdtd/lib/python3.13/site-packages/torch/_inductor/codecache.py", line 4076, in future
    result = get_result()
  File "/project/rise-batteries/photonics-fdtd/lib/python3.13/site-packages/torch/_inductor/codecache.py", line 3852, in load_fn
    future.result()
    ~~~~~~~~~~~~~^^
  File "/project/rise-batteries/photonics-fdtd/lib/python3.13/concurrent/futures/_base.py", line 455, in result
    self._condition.wait(timeout)
    ~~~~~~~~~~~~~~~~~~~~^^^^^^^^^
  File "/project/rise-batteries/photonics-fdtd/lib/python3.13/threading.py", line 359, in wait
    waiter.acquire()
    ~~~~~~~~~~~~~~^^
KeyboardInterrupt
