[log] mirroring all output to gpu_out_n8r60/logs/dataset_shard0_20260723_120112.log
================================================================
DATASET GENERATION (GPU FDTD)  [mode=FULL  solver=torch-FDTD(GPU)  supercell=7x7 (a_super=4550 nm)  res=60/um  decay_tol=0.0003  cap=2500  grid=12/2.5 nm  stack=air/Si(300)/ZnO(80)/Ag  device=auto fp32]
grid: 2 classes x 10 sigmas x 75 seeds + 50 random + ordered
================================================================
[device] cuda

[pre-flight validation]
[Drude-Lorentz fit ledger  (per band, fit vs table)]
    si    400- 700 nm: max|dn|=1.41e-02  max|dk|=9.25e-03  (rel k err where k>1e-3: 7.35%)  -> OK
    si    700- 950 nm: max|dn|=1.53e-03  max|dk|=7.12e-04  (rel k err where k>1e-3: 8.43%)  -> OK
    si    950-1100 nm: max|dn|=3.12e-03  max|dk|=3.64e-04  (rel k err where k>1e-3: 32.49%)  -> OK
    zno   400- 700 nm: max|dn|=2.47e-05  max|dk|=3.94e-09  (rel k err where k>1e-3: 0.00%)  -> OK
    zno   700- 950 nm: max|dn|=4.08e-06  max|dk|=6.92e-10  (rel k err where k>1e-3: 0.00%)  -> OK
    zno   950-1100 nm: max|dn|=7.02e-06  max|dk|=4.41e-10  (rel k err where k>1e-3: 0.00%)  -> OK
    ag    400- 700 nm: max|dn|=1.09e-03  max|dk|=4.06e-03  (rel k err where k>1e-3: 0.17%)  -> OK
    ag    700- 950 nm: max|dn|=2.21e-03  max|dk|=4.65e-03  (rel k err where k>1e-3: 0.08%)  -> OK
    ag    950-1100 nm: max|dn|=2.71e-03  max|dk|=7.93e-03  (rel k err where k>1e-3: 0.10%)  -> OK
    LABEL GATE planar: eta(table)=0.13968  eta(fit)=0.13853  (-0.82%, gate 1%)   max|dA_si|=2.429e-02
    LABEL GATE trapping (L_eff=15um): eta(table)=0.69847  eta(fit)=0.69512  (-0.48%, gate 2.5%)
[pseudo-1D planar stack: torch-FDTD vs fitted-material TMM, res=500/um, device=cuda]
    band 400-700 nm: max|dA_si| = 4.51e-03  (R err 4.51e-03, A_par err 1.84e-04)  -> OK
    band 700-950 nm: max|dA_si| = 3.43e-04  (R err 3.63e-04, A_par err 2.74e-05)  -> OK
    band 950-1100 nm: max|dA_si| = 2.54e-05  (R err 4.27e-05, A_par err 4.10e-05)  -> OK
[3D uniform slab @ res=120, cell=650 nm]
    band 400-700: max|dA_si| = 5.95e-02 (gate 8e-02)  -> OK
    band 700-950: max|dA_si| = 2.53e-03 (gate 2e-02)  -> OK
    band 950-1100: max|dA_si| = 2.35e-04 (gate 1e-02)  -> OK
  NOTE: skipping 48 previously QUARANTINED samples in this shard;
  inspect gpu_out_n8r60/quarantine and delete their files to force a re-solve.

shard 0/3: 287 samples to solve, one at a time on cuda
  [    1/287] sample   2211 (jitter  s=0.25) E=2.591   521.0s  ->  shard ETA 41.4 h
  [    2/287] sample   2214 (jitter  s=0.25) E=2.603   403.3s  ->  shard ETA 36.6 h
  [    3/287] sample   2217 (jitter  s=0.25) E=2.568   388.3s  ->  shard ETA 34.5 h
  [    4/287] sample   2220 (jitter  s=0.25) E=2.581   414.9s  ->  shard ETA 34.0 h
  [    5/287] sample   2223 (jitter  s=0.25) E=2.584   418.7s  ->  shard ETA 33.6 h
  [    6/287] sample   2226 (jitter  s=0.25) E=2.575   384.2s  ->  shard ETA 32.9 h
  [    7/287] sample   2229 (jitter  s=0.25) E=2.595   439.2s  ->  shard ETA 33.0 h
  [    8/287] sample   2232 (jitter  s=0.25) E=2.578   376.0s  ->  shard ETA 32.4 h
  [    9/287] sample   2235 (jitter  s=0.25) E=2.566   431.3s  ->  shard ETA 32.4 h
  [   10/287] sample   2238 (jitter  s=0.25) E=2.586   355.2s  ->  shard ETA 31.8 h
  [   11/287] sample   2241 (jitter  s=0.25) E=2.573   413.5s  ->  shard ETA 31.7 h
  [   12/287] sample   2244 (jitter  s=0.25) E=2.593   397.4s  ->  shard ETA 31.5 h
  [   13/287] sample   2247 (jitter  s=0.25) E=2.585   357.6s  ->  shard ETA 31.0 h
  [   14/287] sample   2250 (jitter  s=0.25) E=2.587   464.6s  ->  shard ETA 31.2 h
  [   15/287] sample   2253 (jitter  s=0.25) E=2.583   387.9s  ->  shard ETA 31.0 h
  [   16/287] sample   2256 (jitter  s=0.25) E=2.591   389.2s  ->  shard ETA 30.8 h
  [   17/287] sample   2259 (jitter  s=0.25) E=2.593   442.9s  ->  shard ETA 30.8 h
  [   18/287] sample   2262 (jitter  s=0.25) E=2.584   382.1s  ->  shard ETA 30.6 h
  [   19/287] sample   2265 (jitter  s=0.25) E=2.573   405.7s  ->  shard ETA 30.5 h
  [   20/287] sample   2268 (jitter  s=0.25) E=2.567   391.2s  ->  shard ETA 30.3 h
  [   21/287] sample   2271 (jitter  s=0.3) E=2.566   403.2s  ->  shard ETA 30.1 h
  [   22/287] sample   2274 (jitter  s=0.3) E=2.563   413.1s  ->  shard ETA 30.1 h
  [   23/287] sample   2277 (jitter  s=0.3) E=2.581   400.7s  ->  shard ETA 29.9 h
  [   24/287] sample   2280 (jitter  s=0.3) E=2.584   395.3s  ->  shard ETA 29.8 h
  [   25/287] sample   2283 (jitter  s=0.3) E=2.588   385.0s  ->  shard ETA 29.6 h
  [   26/287] sample   2286 (jitter  s=0.3) E=2.566   382.8s  ->  shard ETA 29.4 h
  [   27/287] sample   2289 (jitter  s=0.3) E=2.568   416.1s  ->  shard ETA 29.3 h
  [   28/287] sample   2292 (jitter  s=0.3) E=2.585   398.1s  ->  shard ETA 29.2 h
  [   29/287] sample   2295 (jitter  s=0.3) E=2.573   434.8s  ->  shard ETA 29.1 h
  [   30/287] sample   2298 (jitter  s=0.3) E=2.571   377.9s  ->  shard ETA 29.0 h
  [   31/287] sample   2301 (jitter  s=0.3) E=2.569   381.0s  ->  shard ETA 28.8 h
  [   32/287] sample   2304 (jitter  s=0.3) E=2.577   371.9s  ->  shard ETA 28.6 h
  [   33/287] sample   2307 (jitter  s=0.3) E=2.566   429.7s  ->  shard ETA 28.6 h
  [   34/287] sample   2310 (jitter  s=0.3) E=2.573   357.1s  ->  shard ETA 28.3 h
Traceback (most recent call last):
  File "/project/rise-batteries/Photonics_RISE/scripts/FDTD_GPU_test/run_dataset.py", line 833, in <module>
    main()
    ~~~~^^
  File "/project/rise-batteries/Photonics_RISE/scripts/FDTD_GPU_test/run_dataset.py", line 828, in main
    {"generate": cmd_generate, "plan": cmd_plan,
    ~~~~~~~~~~~~~~~~~~~~~~~~~~~~~~~~~~~~~~~~~~~~
     "analyze": cmd_analyze, "verify": cmd_verify}[cmd](args)
     ~~~~~~~~~~~~~~~~~~~~~~~~~~~~~~~~~~~~~~~~~~~~~~~~~~^^^^^^
  File "/project/rise-batteries/Photonics_RISE/scripts/FDTD_GPU_test/run_dataset.py", line 298, in cmd_generate
    A_si, A_par, info = solve_one(rec, wl, device)
                        ~~~~~~~~~^^^^^^^^^^^^^^^^^
  File "/project/rise-batteries/Photonics_RISE/scripts/FDTD_GPU_test/run_dataset.py", line 210, in solve_one
    return broadband_absorption_many(
        [holes], rec.get("a_super_nm", C.A_SUPER_NM), C.THICKNESS_NM, wl,
        m["fits"], C.BUFFER_NM, resolution or C.RESOLUTION,
        decay_tol or C.DECAY_TOL, max_time or C.MAX_TIME, NORM_DIR,
        device=device, n_cells_tag=f"sc{C.N_CELLS}")
  File "/project/rise-batteries/Photonics_RISE/scripts/FDTD_GPU_test/fdtd_torch.py", line 945, in broadband_absorption_many
    Rb, Ab, dt_s, cap, ns = run_single(
                            ~~~~~~~~~~^
        holes_list[g], a_super_nm, thickness_nm, buffer_nm, resolution,
        ^^^^^^^^^^^^^^^^^^^^^^^^^^^^^^^^^^^^^^^^^^^^^^^^^^^^^^^^^^^^^^^
        b, p, wl[idx], fits, norm_dir, device, bits, decay_tol,
        ^^^^^^^^^^^^^^^^^^^^^^^^^^^^^^^^^^^^^^^^^^^^^^^^^^^^^^^
        max_time, n_cells_tag)
        ^^^^^^^^^^^^^^^^^^^^^^
  File "/project/rise-batteries/Photonics_RISE/scripts/FDTD_GPU_test/fdtd_torch.py", line 877, in run_single
    res = sim.run(decay_tol=decay_tol, max_time=max_time)
  File "/project/rise-batteries/Photonics_RISE/scripts/FDTD_GPU_test/fdtd_torch.py", line 749, in run
    self._step(n)
    ~~~~~~~~~~^^^
  File "/project/rise-batteries/Photonics_RISE/scripts/FDTD_GPU_test/fdtd_torch.py", line 705, in _step
    (self._core_h_c or self._core_h)()
    ~~~~~~~~~~~~~~~~~~~~~~~~~~~~~~~~^^
  File "/project/rise-batteries/photonics-fdtd/lib/python3.13/site-packages/torch/_dynamo/eval_frame.py", line 1166, in compile_wrapper
    result = fn(*args, **kwargs)
  File "/project/rise-batteries/Photonics_RISE/scripts/FDTD_GPU_test/fdtd_torch.py", line 635, in _core_h
    def _core_h(self):
  File "/project/rise-batteries/photonics-fdtd/lib/python3.13/site-packages/torch/_dynamo/eval_frame.py", line 1446, in _fn
    return fn(*args, **kwargs)
  File "/project/rise-batteries/photonics-fdtd/lib/python3.13/site-packages/torch/_functorch/aot_autograd.py", line 1277, in forward
    return compiled_fn(full_args)
  File "/project/rise-batteries/photonics-fdtd/lib/python3.13/site-packages/torch/_functorch/_aot_autograd/runtime_wrappers.py", line 2548, in __call__
    return self.compiled_fn(*args, **kwargs)
           ~~~~~~~~~~~~~~~~^^^^^^^^^^^^^^^^^
  File "/project/rise-batteries/photonics-fdtd/lib/python3.13/site-packages/torch/_functorch/_aot_autograd/runtime_wrappers.py", line 1141, in runtime_wrapper
    result = _codegen_runtime_wrapper(
        _inner_compiled_fn,
    ...<2 lines>...
        args,
    )
  File "/project/rise-batteries/photonics-fdtd/lib/python3.13/site-packages/torch/_functorch/_aot_autograd/subclass_codegen.py:codegen(runtime_wrapper_orchestration)", line 9, in _runtime_wrapper
  File "/project/rise-batteries/photonics-fdtd/lib/python3.13/site-packages/torch/_inductor/output_code.py", line 763, in __call__
    return self.current_callable(inputs)
           ~~~~~~~~~~~~~~~~~~~~~^^^^^^^^
  File "/project/rise-batteries/photonics-fdtd/lib/python3.13/site-packages/torch/_inductor/utils.py", line 3835, in run
    out = model(new_inputs)
  File "/scratch/6837092.1.rp6k/torchinductor_jkopel/tf/ctfp2i7yzaanie4zatk3gjeteluuljpeeojldagsxf7r3zlzvggk.py", line 465, in call
    triton_poi_fused_add_cat_copy__div_mul_slice_sub_zeros_like_0.run(arg3_1, arg4_1, arg2_1, arg5_1, arg6_1, arg1_1, buf0, arg3_1, buf1, arg6_1, 1788696, stream=raw_stream0)
    ~~~~~~~~~~~~~~~~~~~~~~~~~~~~~~~~~~~~~~~~~~~~~~~~~~~~~~~~~~~~~~~~~^^^^^^^^^^^^^^^^^^^^^^^^^^^^^^^^^^^^^^^^^^^^^^^^^^^^^^^^^^^^^^^^^^^^^^^^^^^^^^^^^^^^^^^^^^^^^^^^^^^^^^^^^
  File "/project/rise-batteries/photonics-fdtd/lib/python3.13/site-packages/torch/_inductor/runtime/triton_heuristics.py", line 2086, in run
    return fast(*args, stream=stream)
  File "<string>", line 5, in launcher
KeyboardInterrupt
