[log] mirroring all output to gpu_out_n8r60/logs/dataset_shard0_20260717_101459.log
================================================================
DATASET GENERATION (GPU FDTD)  [mode=FULL  solver=torch-FDTD(GPU)  supercell=7x7 (a_super=4550 nm)  res=60/um  decay_tol=0.0003  cap=2500  grid=12/2.5 nm  stack=air/Si(300)/ZnO(80)/Ag  device=auto fp32]
grid: 2 classes x 10 sigmas x 75 seeds + 50 random + ordered
================================================================
[device] cuda

[pre-flight validation]
[Drude-Lorentz fit ledger  (per band, fit vs table)]
    si    400- 700 nm: max|dn|=1.41e-02  max|dk|=9.25e-03  (rel k err where k>1e-3: 7.35%)  -> OK
    si    700- 950 nm: max|dn|=1.53e-03  max|dk|=7.12e-04  (rel k err where k>1e-3: 8.43%)  -> OK
    si    950-1100 nm: max|dn|=3.12e-03  max|dk|=3.64e-04  (rel k err where k>1e-3: 32.49%)  -> OK
    zno   400- 700 nm: max|dn|=2.47e-05  max|dk|=3.94e-09  (rel k err where k>1e-3: 0.00%)  -> OK
    zno   700- 950 nm: max|dn|=4.08e-06  max|dk|=6.92e-10  (rel k err where k>1e-3: 0.00%)  -> OK
    zno   950-1100 nm: max|dn|=7.02e-06  max|dk|=4.41e-10  (rel k err where k>1e-3: 0.00%)  -> OK
    ag    400- 700 nm: max|dn|=1.09e-03  max|dk|=4.06e-03  (rel k err where k>1e-3: 0.17%)  -> OK
    ag    700- 950 nm: max|dn|=2.21e-03  max|dk|=4.65e-03  (rel k err where k>1e-3: 0.08%)  -> OK
    ag    950-1100 nm: max|dn|=2.71e-03  max|dk|=7.93e-03  (rel k err where k>1e-3: 0.10%)  -> OK
    LABEL GATE planar: eta(table)=0.13968  eta(fit)=0.13853  (-0.82%, gate 1%)   max|dA_si|=2.429e-02
    LABEL GATE trapping (L_eff=15um): eta(table)=0.69847  eta(fit)=0.69512  (-0.48%, gate 2.5%)
[pseudo-1D planar stack: torch-FDTD vs fitted-material TMM, res=500/um, device=cuda]
    band 400-700 nm: max|dA_si| = 4.51e-03  (R err 4.51e-03, A_par err 1.84e-04)  -> OK
    band 700-950 nm: max|dA_si| = 3.43e-04  (R err 3.63e-04, A_par err 2.74e-05)  -> OK
    band 950-1100 nm: max|dA_si| = 2.54e-05  (R err 4.27e-05, A_par err 4.10e-05)  -> OK
[3D uniform slab @ res=120, cell=650 nm]
    band 400-700: max|dA_si| = 5.95e-02 (gate 8e-02)  -> OK
    band 700-950: max|dA_si| = 2.53e-03 (gate 2e-02)  -> OK
    band 950-1100: max|dA_si| = 2.35e-04 (gate 1e-02)  -> OK
  NOTE: skipping 7 previously QUARANTINED samples in this shard;
  inspect gpu_out_n8r60/quarantine and delete their files to force a re-solve.

shard 0/3: 797 samples to solve, one at a time on cuda
  [    1/797] sample    558 (jitter  s=0.2) E=2.605   678.9s  ->  shard ETA 150.1 h
  [    2/797] sample    564 (jitter  s=0.2) E=2.589   602.5s  ->  shard ETA 141.5 h
  [    3/797] sample    567 (jitter  s=0.2) E=2.584   606.9s  ->  shard ETA 138.8 h
  [    4/797] sample    570 (jitter  s=0.2) E=2.587   605.7s  ->  shard ETA 137.4 h
  [    5/797] sample    573 (jitter  s=0.2) E=2.589   549.9s  ->  shard ETA 133.9 h
  [    6/797] sample    579 (jitter  s=0.2) E=2.595   581.8s  ->  shard ETA 132.8 h
  [    7/797] sample    582 (jitter  s=0.2) E=2.595   561.8s  ->  shard ETA 131.3 h
  [    8/797] sample    588 (jitter  s=0.2) E=2.577   586.1s  ->  shard ETA 130.8 h
  [    9/797] sample    591 (jitter  s=0.2) E=2.576   683.2s  ->  shard ETA 132.7 h
  [   10/797] sample    594 (jitter  s=0.2) E=2.604   553.9s  ->  shard ETA 131.4 h
  [   11/797] sample    597 (jitter  s=0.2) E=2.581   608.1s  ->  shard ETA 131.4 h
