[log] mirroring all output to gpu_out_n8r60/logs/dataset_shard1_20260722_150909.log
================================================================
DATASET GENERATION (GPU FDTD)  [mode=FULL  solver=torch-FDTD(GPU)  supercell=7x7 (a_super=4550 nm)  res=60/um  decay_tol=0.0003  cap=2500  grid=12/2.5 nm  stack=air/Si(300)/ZnO(80)/Ag  device=auto fp32]
grid: 2 classes x 10 sigmas x 75 seeds + 50 random + ordered
================================================================
[device] cuda

[pre-flight validation]
[Drude-Lorentz fit ledger  (per band, fit vs table)]
    si    400- 700 nm: max|dn|=1.41e-02  max|dk|=9.25e-03  (rel k err where k>1e-3: 7.35%)  -> OK
    si    700- 950 nm: max|dn|=1.53e-03  max|dk|=7.12e-04  (rel k err where k>1e-3: 8.43%)  -> OK
    si    950-1100 nm: max|dn|=3.12e-03  max|dk|=3.64e-04  (rel k err where k>1e-3: 32.49%)  -> OK
    zno   400- 700 nm: max|dn|=2.47e-05  max|dk|=3.94e-09  (rel k err where k>1e-3: 0.00%)  -> OK
    zno   700- 950 nm: max|dn|=4.08e-06  max|dk|=6.92e-10  (rel k err where k>1e-3: 0.00%)  -> OK
    zno   950-1100 nm: max|dn|=7.02e-06  max|dk|=4.41e-10  (rel k err where k>1e-3: 0.00%)  -> OK
    ag    400- 700 nm: max|dn|=1.09e-03  max|dk|=4.06e-03  (rel k err where k>1e-3: 0.17%)  -> OK
    ag    700- 950 nm: max|dn|=2.21e-03  max|dk|=4.65e-03  (rel k err where k>1e-3: 0.08%)  -> OK
    ag    950-1100 nm: max|dn|=2.71e-03  max|dk|=7.93e-03  (rel k err where k>1e-3: 0.10%)  -> OK
    LABEL GATE planar: eta(table)=0.13968  eta(fit)=0.13853  (-0.82%, gate 1%)   max|dA_si|=2.429e-02
    LABEL GATE trapping (L_eff=15um): eta(table)=0.69847  eta(fit)=0.69512  (-0.48%, gate 2.5%)
[pseudo-1D planar stack: torch-FDTD vs fitted-material TMM, res=500/um, device=cuda]
    band 400-700 nm: max|dA_si| = 4.51e-03  (R err 4.51e-03, A_par err 1.84e-04)  -> OK
    band 700-950 nm: max|dA_si| = 3.43e-04  (R err 3.63e-04, A_par err 2.74e-05)  -> OK
    band 950-1100 nm: max|dA_si| = 2.54e-05  (R err 4.27e-05, A_par err 4.10e-05)  -> OK
[3D uniform slab @ res=120, cell=650 nm]
    band 400-700: max|dA_si| = 5.95e-02 (gate 8e-02)  -> OK
    band 700-950: max|dA_si| = 2.53e-03 (gate 2e-02)  -> OK
    band 950-1100: max|dA_si| = 2.35e-04 (gate 1e-02)  -> OK
  NOTE: skipping 51 previously QUARANTINED samples in this shard;
  inspect gpu_out_n8r60/quarantine and delete their files to force a re-solve.

shard 1/3: 287 samples to solve, one at a time on cuda
  [    1/287] sample   2212 (jitter  s=0.25) E=2.589   689.4s  ->  shard ETA 54.8 h
  [    2/287] sample   2215 (jitter  s=0.25) E=2.602   592.4s  ->  shard ETA 50.7 h
  [    3/287] sample   2218 (jitter  s=0.25) E=2.607   653.9s  ->  shard ETA 50.9 h
  [    4/287] sample   2221 (jitter  s=0.25) E=2.582   698.6s  ->  shard ETA 51.8 h
  [    5/287] sample   2224 (jitter  s=0.25) E=2.576   596.8s  ->  shard ETA 50.6 h
  [    6/287] sample   2227 (jitter  s=0.25) E=2.569   657.2s  ->  shard ETA 50.6 h
  [    7/287] sample   2230 (jitter  s=0.25) E=2.565   592.9s  ->  shard ETA 49.8 h
  [    8/287] sample   2233 (jitter  s=0.25) E=2.559   522.5s  ->  shard ETA 48.5 h
  [    9/287] sample   2236 (jitter  s=0.25) E=2.570   532.1s  ->  shard ETA 47.5 h
  [   10/287] sample   2239 (jitter  s=0.25) E=2.585   559.7s  ->  shard ETA 46.9 h
  [   11/287] sample   2242 (jitter  s=0.25) E=2.581   565.8s  ->  shard ETA 46.4 h
  [   12/287] sample   2245 (jitter  s=0.25) E=2.568   644.4s  ->  shard ETA 46.5 h
  [   13/287] sample   2248 (jitter  s=0.25) E=2.588   584.4s  ->  shard ETA 46.2 h
  [   14/287] sample   2251 (jitter  s=0.25) E=2.581   766.4s  ->  shard ETA 46.9 h
  [   15/287] sample   2254 (jitter  s=0.25) E=2.587   564.5s  ->  shard ETA 46.5 h
  [   16/287] sample   2257 (jitter  s=0.25) E=2.605   596.6s  ->  shard ETA 46.2 h
  [   17/287] sample   2260 (jitter  s=0.25) E=2.591   732.9s  ->  shard ETA 46.6 h
  [   18/287] sample   2263 (jitter  s=0.25) E=2.589   699.9s  ->  shard ETA 46.7 h
  [   19/287] sample   2266 (jitter  s=0.25) E=2.582   466.4s  ->  shard ETA 45.9 h
Traceback (most recent call last):
  File "/project/rise-batteries/Photonics_RISE/scripts/FDTD_GPU_test/run_dataset.py", line 833, in <module>
    main()
    ~~~~^^
  File "/project/rise-batteries/Photonics_RISE/scripts/FDTD_GPU_test/run_dataset.py", line 828, in main
    {"generate": cmd_generate, "plan": cmd_plan,
    ~~~~~~~~~~~~~~~~~~~~~~~~~~~~~~~~~~~~~~~~~~~~
     "analyze": cmd_analyze, "verify": cmd_verify}[cmd](args)
     ~~~~~~~~~~~~~~~~~~~~~~~~~~~~~~~~~~~~~~~~~~~~~~~~~~^^^^^^
  File "/project/rise-batteries/Photonics_RISE/scripts/FDTD_GPU_test/run_dataset.py", line 298, in cmd_generate
    A_si, A_par, info = solve_one(rec, wl, device)
                        ~~~~~~~~~^^^^^^^^^^^^^^^^^
  File "/project/rise-batteries/Photonics_RISE/scripts/FDTD_GPU_test/run_dataset.py", line 210, in solve_one
    return broadband_absorption_many(
        [holes], rec.get("a_super_nm", C.A_SUPER_NM), C.THICKNESS_NM, wl,
        m["fits"], C.BUFFER_NM, resolution or C.RESOLUTION,
        decay_tol or C.DECAY_TOL, max_time or C.MAX_TIME, NORM_DIR,
        device=device, n_cells_tag=f"sc{C.N_CELLS}")
  File "/project/rise-batteries/Photonics_RISE/scripts/FDTD_GPU_test/fdtd_torch.py", line 945, in broadband_absorption_many
    Rb, Ab, dt_s, cap, ns = run_single(
                            ~~~~~~~~~~^
        holes_list[g], a_super_nm, thickness_nm, buffer_nm, resolution,
        ^^^^^^^^^^^^^^^^^^^^^^^^^^^^^^^^^^^^^^^^^^^^^^^^^^^^^^^^^^^^^^^
        b, p, wl[idx], fits, norm_dir, device, bits, decay_tol,
        ^^^^^^^^^^^^^^^^^^^^^^^^^^^^^^^^^^^^^^^^^^^^^^^^^^^^^^^
        max_time, n_cells_tag)
        ^^^^^^^^^^^^^^^^^^^^^^
  File "/project/rise-batteries/Photonics_RISE/scripts/FDTD_GPU_test/fdtd_torch.py", line 877, in run_single
    res = sim.run(decay_tol=decay_tol, max_time=max_time)
  File "/project/rise-batteries/Photonics_RISE/scripts/FDTD_GPU_test/fdtd_torch.py", line 749, in run
    self._step(n)
    ~~~~~~~~~~^^^
  File "/project/rise-batteries/Photonics_RISE/scripts/FDTD_GPU_test/fdtd_torch.py", line 709, in _step
    self.mon_refl.accumulate_H(torch, self.Hx, self.Hy, t_H,
    ~~~~~~~~~~~~~~~~~~~~~~~~~~^^^^^^^^^^^^^^^^^^^^^^^^^^^^^^
                               self.dt_eff)
                               ^^^^^^^^^^^^
  File "/project/rise-batteries/Photonics_RISE/scripts/FDTD_GPU_test/fdtd_torch.py", line 299, in accumulate_H
    hy = (0.5 * (Hy[:, :, k - 1] + Hy[:, :, k])).reshape(-1)
KeyboardInterrupt
Exception ignored in atexit callback <function shutdown_compile_workers at 0x1485287e0220>:
Traceback (most recent call last):
  File "/project/rise-batteries/photonics-fdtd/lib/python3.13/site-packages/torch/_inductor/async_compile.py", line 179, in shutdown_compile_workers
    pool.shutdown()
  File "/project/rise-batteries/photonics-fdtd/lib/python3.13/site-packages/torch/_inductor/compile_worker/subproc_pool.py", line 342, in shutdown
    self.process.wait(300)
  File "/project/rise-batteries/photonics-fdtd/lib/python3.13/subprocess.py", line 1280, in wait
    return self._wait(timeout=timeout)
  File "/project/rise-batteries/photonics-fdtd/lib/python3.13/subprocess.py", line 2079, in _wait
    time.sleep(delay)
KeyboardInterrupt: 
