[log] mirroring all output to gpu_out_n8r60/logs/dataset_shard2_20260716_204223.log
================================================================
DATASET GENERATION (GPU FDTD)  [mode=FULL  solver=torch-FDTD(GPU)  supercell=7x7 (a_super=4550 nm)  res=60/um  decay_tol=0.0003  cap=2500  grid=12/2.5 nm  stack=air/Si(300)/ZnO(80)/Ag  device=auto fp32]
grid: 2 classes x 10 sigmas x 75 seeds + 50 random + ordered
================================================================
[device] cuda

[pre-flight validation]
[Drude-Lorentz fit ledger  (per band, fit vs table)]
    si    400- 700 nm: max|dn|=1.41e-02  max|dk|=9.25e-03  (rel k err where k>1e-3: 7.35%)  -> OK
    si    700- 950 nm: max|dn|=1.53e-03  max|dk|=7.12e-04  (rel k err where k>1e-3: 8.43%)  -> OK
    si    950-1100 nm: max|dn|=3.12e-03  max|dk|=3.64e-04  (rel k err where k>1e-3: 32.49%)  -> OK
    zno   400- 700 nm: max|dn|=2.47e-05  max|dk|=3.94e-09  (rel k err where k>1e-3: 0.00%)  -> OK
    zno   700- 950 nm: max|dn|=4.08e-06  max|dk|=6.92e-10  (rel k err where k>1e-3: 0.00%)  -> OK
    zno   950-1100 nm: max|dn|=7.02e-06  max|dk|=4.41e-10  (rel k err where k>1e-3: 0.00%)  -> OK
    ag    400- 700 nm: max|dn|=1.09e-03  max|dk|=4.06e-03  (rel k err where k>1e-3: 0.17%)  -> OK
    ag    700- 950 nm: max|dn|=2.21e-03  max|dk|=4.65e-03  (rel k err where k>1e-3: 0.08%)  -> OK
    ag    950-1100 nm: max|dn|=2.71e-03  max|dk|=7.93e-03  (rel k err where k>1e-3: 0.10%)  -> OK
    LABEL GATE planar: eta(table)=0.13968  eta(fit)=0.13853  (-0.82%, gate 1%)   max|dA_si|=2.429e-02
    LABEL GATE trapping (L_eff=15um): eta(table)=0.69847  eta(fit)=0.69512  (-0.48%, gate 2.5%)
[pseudo-1D planar stack: torch-FDTD vs fitted-material TMM, res=500/um, device=cuda]
    band 400-700 nm: max|dA_si| = 4.51e-03  (R err 4.51e-03, A_par err 1.84e-04)  -> OK
    band 700-950 nm: max|dA_si| = 3.43e-04  (R err 3.63e-04, A_par err 2.74e-05)  -> OK
    band 950-1100 nm: max|dA_si| = 2.54e-05  (R err 4.27e-05, A_par err 4.10e-05)  -> OK
[3D uniform slab @ res=120, cell=650 nm]
    band 400-700: max|dA_si| = 5.95e-02 (gate 8e-02)  -> OK
    band 700-950: max|dA_si| = 2.53e-03 (gate 2e-02)  -> OK
    band 950-1100: max|dA_si| = 2.35e-04 (gate 1e-02)  -> OK
  NOTE: skipping 2 previously QUARANTINED samples in this shard;
  inspect gpu_out_n8r60/quarantine and delete their files to force a re-solve.

shard 2/3: 900 samples to solve, one at a time on cuda
  [    1/900] sample    125 (jitter  s=0.04) E=2.583   291.2s  ->  shard ETA 72.7 h
  [    2/900] sample    131 (jitter  s=0.04) E=2.589   274.0s  ->  shard ETA 70.5 h
  [    3/900] sample    143 (jitter  s=0.04) E=2.594   298.5s  ->  shard ETA 71.7 h
  [    4/900] sample    149 (jitter  s=0.04) E=2.572   297.6s  ->  shard ETA 72.3 h
  [    5/900] sample    155 (jitter  s=0.06) E=2.628   271.7s  ->  shard ETA 71.3 h
  [    6/900] sample    167 (jitter  s=0.06) E=2.620   295.1s  ->  shard ETA 71.5 h
  [    7/900] sample    170 (jitter  s=0.06) E=2.618   273.2s  ->  shard ETA 70.9 h
  [    8/900] sample    173 (jitter  s=0.06) E=2.627   277.9s  ->  shard ETA 70.6 h
  [    9/900] sample    179 (jitter  s=0.06) E=2.604   265.4s  ->  shard ETA 70.0 h
  [   10/900] sample    182 (jitter  s=0.06) E=2.612   281.8s  ->  shard ETA 69.9 h
  [   11/900] sample    188 (jitter  s=0.06) E=2.602   261.9s  ->  shard ETA 69.3 h
  [   12/900] sample    191 (jitter  s=0.06) E=2.607   292.4s  ->  shard ETA 69.5 h
  [   13/900] sample    194 (jitter  s=0.06) E=2.618   270.1s  ->  shard ETA 69.2 h
  [   14/900] sample    197 (jitter  s=0.06) E=2.620   301.3s  ->  shard ETA 69.5 h
  [   15/900] sample    203 (jitter  s=0.06) E=2.615   301.1s  ->  shard ETA 69.7 h
  [   16/900] sample    206 (jitter  s=0.06) E=2.622   301.9s  ->  shard ETA 69.9 h
  [   17/900] sample    212 (jitter  s=0.06) E=2.626   264.3s  ->  shard ETA 69.5 h
  [   18/900] sample    215 (jitter  s=0.06) E=2.631   308.0s  ->  shard ETA 69.8 h
  [   19/900] sample    218 (jitter  s=0.06) E=2.613   209.1s  ->  shard ETA 68.7 h
  [   20/900] sample    221 (jitter  s=0.06) E=2.607   217.0s  ->  shard ETA 67.9 h
  [   21/900] sample    227 (jitter  s=0.08) E=2.623   230.1s  ->  shard ETA 67.3 h
  [   22/900] sample    230 (jitter  s=0.08) E=2.614   234.3s  ->  shard ETA 66.7 h
  [   23/900] sample    236 (jitter  s=0.08) E=2.629   219.3s  ->  shard ETA 66.1 h
  [   24/900] sample    239 (jitter  s=0.08) E=2.613   229.4s  ->  shard ETA 65.6 h
  [   25/900] sample    242 (jitter  s=0.08) E=2.630   234.1s  ->  shard ETA 65.2 h
  [   26/900] sample    245 (jitter  s=0.08) E=2.623   212.5s  ->  shard ETA 64.6 h
  [   27/900] sample    251 (jitter  s=0.08) E=2.630   234.6s  ->  shard ETA 64.2 h
  [   28/900] sample    254 (jitter  s=0.08) E=2.623   248.5s  ->  shard ETA 64.0 h
  [   29/900] sample    260 (jitter  s=0.08) E=2.627   233.6s  ->  shard ETA 63.7 h
  [   30/900] sample    263 (jitter  s=0.08) E=2.645   271.1s  ->  shard ETA 63.7 h
  [   31/900] sample    266 (jitter  s=0.08) E=2.624   204.7s  ->  shard ETA 63.1 h
  [   32/900] sample    269 (jitter  s=0.08) E=2.617   237.1s  ->  shard ETA 62.9 h
  [   33/900] sample    275 (jitter  s=0.08) E=2.627   241.7s  ->  shard ETA 62.7 h
  [   34/900] sample    278 (jitter  s=0.08) E=2.629   227.7s  ->  shard ETA 62.4 h
  [   35/900] sample    284 (jitter  s=0.08) E=2.631   256.2s  ->  shard ETA 62.3 h
  [   36/900] sample    287 (jitter  s=0.08) E=2.629   223.6s  ->  shard ETA 62.0 h
  [   37/900] sample    290 (jitter  s=0.08) E=2.630   232.0s  ->  shard ETA 61.7 h
  [   38/900] sample    293 (jitter  s=0.08) E=2.624   208.1s  ->  shard ETA 61.3 h
  [   39/900] sample    299 (jitter  s=0.08) E=2.600   213.2s  ->  shard ETA 61.0 h
  [   40/900] sample    302 (jitter  s=0.1) E=2.617   226.3s  ->  shard ETA 60.8 h
  [   41/900] sample    308 (jitter  s=0.1) E=2.624   235.7s  ->  shard ETA 60.6 h
  [   42/900] sample    311 (jitter  s=0.1) E=2.613   237.5s  ->  shard ETA 60.4 h
  [   43/900] sample    314 (jitter  s=0.1) E=2.620   216.6s  ->  shard ETA 60.1 h
  [   44/900] sample    317 (jitter  s=0.1) E=2.636   214.0s  ->  shard ETA 59.9 h
  [   45/900] sample    323 (jitter  s=0.1) E=2.618   226.6s  ->  shard ETA 59.7 h
  [   46/900] sample    326 (jitter  s=0.1) E=2.621   219.7s  ->  shard ETA 59.4 h
  [   47/900] sample    332 (jitter  s=0.1) E=2.628   267.0s  ->  shard ETA 59.4 h
  [   48/900] sample    335 (jitter  s=0.1) E=2.609   245.2s  ->  shard ETA 59.3 h
  [   49/900] sample    338 (jitter  s=0.1) E=2.636   233.1s  ->  shard ETA 59.2 h
  [   50/900] sample    341 (jitter  s=0.1) E=2.633   223.6s  ->  shard ETA 59.0 h
  [   51/900] sample    347 (jitter  s=0.1) E=2.628   228.7s  ->  shard ETA 58.8 h
  [   52/900] sample    350 (jitter  s=0.1) E=2.620   265.1s  ->  shard ETA 58.8 h
  [   53/900] sample    356 (jitter  s=0.1) E=2.626   222.5s  ->  shard ETA 58.6 h
  [   54/900] sample    359 (jitter  s=0.1) E=2.618   252.6s  ->  shard ETA 58.6 h
  [   55/900] sample    362 (jitter  s=0.1) E=2.618   260.7s  ->  shard ETA 58.6 h
  [   56/900] sample    365 (jitter  s=0.1) E=2.624   223.9s  ->  shard ETA 58.4 h
  [   57/900] sample    371 (jitter  s=0.1) E=2.614   214.6s  ->  shard ETA 58.2 h
  [   58/900] sample    374 (jitter  s=0.1) E=2.633   235.8s  ->  shard ETA 58.1 h
  [   59/900] sample    380 (jitter  s=0.125) E=2.609   222.0s  ->  shard ETA 57.9 h
  [   60/900] sample    383 (jitter  s=0.125) E=2.607   283.8s  ->  shard ETA 57.9 h
  [   61/900] sample    386 (jitter  s=0.125) E=2.596   221.1s  ->  shard ETA 57.8 h
  [   62/900] sample    389 (jitter  s=0.125) E=2.602   254.5s  ->  shard ETA 57.7 h
  [   63/900] sample    395 (jitter  s=0.125) E=2.612   275.4s  ->  shard ETA 57.8 h
  [   64/900] sample    398 (jitter  s=0.125) E=2.609   270.7s  ->  shard ETA 57.8 h
  [   65/900] sample    404 (jitter  s=0.125) E=2.601   257.7s  ->  shard ETA 57.7 h
  [   66/900] sample    407 (jitter  s=0.125) E=2.592   233.2s  ->  shard ETA 57.6 h
  [   67/900] sample    410 (jitter  s=0.125) E=2.621   238.1s  ->  shard ETA 57.5 h
  [   68/900] sample    413 (jitter  s=0.125) E=2.619   256.1s  ->  shard ETA 57.5 h
  [   69/900] sample    419 (jitter  s=0.125) E=2.642   262.7s  ->  shard ETA 57.4 h
  [   70/900] sample    422 (jitter  s=0.125) E=2.606   233.8s  ->  shard ETA 57.3 h
  [   71/900] sample    428 (jitter  s=0.125) E=2.619   226.9s  ->  shard ETA 57.2 h
  [   72/900] sample    431 (jitter  s=0.125) E=2.631   208.5s  ->  shard ETA 57.0 h
  [   73/900] sample    434 (jitter  s=0.125) E=2.619   222.5s  ->  shard ETA 56.8 h
  [   74/900] sample    437 (jitter  s=0.125) E=2.635   215.5s  ->  shard ETA 56.7 h
  [   75/900] sample    443 (jitter  s=0.125) E=2.600   220.1s  ->  shard ETA 56.5 h
  [   76/900] sample    446 (jitter  s=0.125) E=2.609   257.9s  ->  shard ETA 56.5 h
  [   77/900] sample    452 (jitter  s=0.15) E=2.613   217.9s  ->  shard ETA 56.3 h
  [   78/900] sample    455 (jitter  s=0.15) E=2.606   236.6s  ->  shard ETA 56.2 h
  [   79/900] sample    458 (jitter  s=0.15) E=2.592   237.7s  ->  shard ETA 56.1 h
  [   80/900] sample    461 (jitter  s=0.15) E=2.605   237.9s  ->  shard ETA 56.1 h
  [   81/900] sample    467 (jitter  s=0.15) E=2.601   220.2s  ->  shard ETA 55.9 h
  [   82/900] sample    470 (jitter  s=0.15) E=2.628   228.1s  ->  shard ETA 55.8 h
  [   83/900] sample    476 (jitter  s=0.15) E=2.600   224.9s  ->  shard ETA 55.7 h
  [   84/900] sample    479 (jitter  s=0.15) E=2.602   232.9s  ->  shard ETA 55.6 h
  [   85/900] sample    482 (jitter  s=0.15) E=2.612   210.3s  ->  shard ETA 55.4 h
  [   86/900] sample    485 (jitter  s=0.15) E=2.621   227.7s  ->  shard ETA 55.3 h
  [   87/900] sample    491 (jitter  s=0.15) E=2.594   221.3s  ->  shard ETA 55.2 h
  [   88/900] sample    494 (jitter  s=0.15) E=2.593   251.5s  ->  shard ETA 55.1 h
  [   89/900] sample    500 (jitter  s=0.15) E=2.589   240.8s  ->  shard ETA 55.0 h
  [   90/900] sample    503 (jitter  s=0.15) E=2.597   249.8s  ->  shard ETA 55.0 h
  [   91/900] sample    506 (jitter  s=0.15) E=2.607   215.8s  ->  shard ETA 54.8 h
  [   92/900] sample    509 (jitter  s=0.15) E=2.594   200.2s  ->  shard ETA 54.7 h
  [   93/900] sample    515 (jitter  s=0.15) E=2.618   225.7s  ->  shard ETA 54.6 h
  [   94/900] sample    518 (jitter  s=0.15) E=2.594   218.8s  ->  shard ETA 54.4 h
  [   95/900] sample    524 (jitter  s=0.15) E=2.619   235.2s  ->  shard ETA 54.3 h
  [   96/900] sample    527 (jitter  s=0.2) E=2.602   201.3s  ->  shard ETA 54.2 h
  [   97/900] sample    530 (jitter  s=0.2) E=2.585   251.4s  ->  shard ETA 54.1 h
  [   98/900] sample    533 (jitter  s=0.2) E=2.590   207.5s  ->  shard ETA 54.0 h
  [   99/900] sample    539 (jitter  s=0.2) E=2.592   224.0s  ->  shard ETA 53.9 h
  [  100/900] sample    542 (jitter  s=0.2) E=2.578   212.1s  ->  shard ETA 53.7 h
  [  101/900] sample    548 (jitter  s=0.2) E=2.590   214.9s  ->  shard ETA 53.6 h
  [  102/900] sample    551 (jitter  s=0.2) E=2.598   207.8s  ->  shard ETA 53.5 h
  [  103/900] sample    554 (jitter  s=0.2) E=2.589   214.1s  ->  shard ETA 53.4 h
  [  104/900] sample    557 (jitter  s=0.2) E=2.605   244.0s  ->  shard ETA 53.3 h
  [  105/900] sample    563 (jitter  s=0.2) E=2.588   233.5s  ->  shard ETA 53.2 h
  [  106/900] sample    566 (jitter  s=0.2) E=2.560   213.0s  ->  shard ETA 53.1 h
  [  107/900] sample    572 (jitter  s=0.2) E=2.600   233.6s  ->  shard ETA 53.0 h
  [  108/900] sample    575 (jitter  s=0.2) E=2.588   204.7s  ->  shard ETA 52.9 h
  [  109/900] sample    578 (jitter  s=0.2) E=2.601   285.7s  ->  shard ETA 52.9 h
  [  110/900] sample    581 (jitter  s=0.2) E=2.584   228.0s  ->  shard ETA 52.8 h
  [  111/900] sample    587 (jitter  s=0.2) E=2.578   237.2s  ->  shard ETA 52.7 h
  [  112/900] sample    590 (jitter  s=0.2) E=2.571   250.0s  ->  shard ETA 52.7 h
  [  113/900] sample    596 (jitter  s=0.2) E=2.587   227.8s  ->  shard ETA 52.6 h
  [  114/900] sample    599 (jitter  s=0.2) E=2.580   259.4s  ->  shard ETA 52.6 h
  [  115/900] sample    602 (jitter  s=0.25) E=2.573   255.4s  ->  shard ETA 52.5 h
  [  116/900] sample    605 (jitter  s=0.25) E=2.565   230.0s  ->  shard ETA 52.4 h
  [  117/900] sample    611 (jitter  s=0.25) E=2.566   250.0s  ->  shard ETA 52.4 h
  [  118/900] sample    614 (jitter  s=0.25) E=2.576   251.5s  ->  shard ETA 52.3 h
  [  119/900] sample    620 (jitter  s=0.25) E=2.582   264.7s  ->  shard ETA 52.3 h
  [  120/900] sample    623 (jitter  s=0.25) E=2.578   257.7s  ->  shard ETA 52.3 h
  [  121/900] sample    626 (jitter  s=0.25) E=2.591   216.6s  ->  shard ETA 52.2 h
  [  122/900] sample    629 (jitter  s=0.25) E=2.584   242.5s  ->  shard ETA 52.1 h
  [  123/900] sample    635 (jitter  s=0.25) E=2.582   215.3s  ->  shard ETA 52.0 h
  [  124/900] sample    638 (jitter  s=0.25) E=2.573   203.2s  ->  shard ETA 51.9 h
  [  125/900] sample    644 (jitter  s=0.25) E=2.575   266.5s  ->  shard ETA 51.8 h
  [  126/900] sample    647 (jitter  s=0.25) E=2.579   262.9s  ->  shard ETA 51.8 h
  [  127/900] sample    650 (jitter  s=0.25) E=2.562   216.2s  ->  shard ETA 51.7 h
  [  128/900] sample    653 (jitter  s=0.25) E=2.572   244.8s  ->  shard ETA 51.6 h
  [  129/900] sample    659 (jitter  s=0.25) E=2.576   238.0s  ->  shard ETA 51.6 h
  [  130/900] sample    662 (jitter  s=0.25) E=2.567   222.1s  ->  shard ETA 51.5 h
  [  131/900] sample    668 (jitter  s=0.25) E=2.589   209.4s  ->  shard ETA 51.3 h
  [  132/900] sample    671 (jitter  s=0.25) E=2.587   224.1s  ->  shard ETA 51.3 h
  [  133/900] sample    674 (jitter  s=0.25) E=2.585   231.6s  ->  shard ETA 51.2 h
  [  134/900] sample    677 (jitter  s=0.3) E=2.547   234.0s  ->  shard ETA 51.1 h
  [  135/900] sample    683 (jitter  s=0.3) E=2.567   243.6s  ->  shard ETA 51.0 h
  [  136/900] sample    686 (jitter  s=0.3) E=2.583   211.0s  ->  shard ETA 50.9 h
  [  137/900] sample    692 (jitter  s=0.3) E=2.586   241.9s  ->  shard ETA 50.9 h
  [  138/900] sample    695 (jitter  s=0.3) E=2.571   225.2s  ->  shard ETA 50.8 h
  [  139/900] sample    698 (jitter  s=0.3) E=2.583   209.4s  ->  shard ETA 50.7 h
  [  140/900] sample    701 (jitter  s=0.3) E=2.584   243.4s  ->  shard ETA 50.6 h
  [  141/900] sample    707 (jitter  s=0.3) E=2.568   221.4s  ->  shard ETA 50.5 h
  [  142/900] sample    710 (jitter  s=0.3) E=2.590   220.6s  ->  shard ETA 50.4 h
  [  143/900] sample    716 (jitter  s=0.3) E=2.571   238.7s  ->  shard ETA 50.3 h
  [  144/900] sample    719 (jitter  s=0.3) E=2.556   222.7s  ->  shard ETA 50.2 h
  [  145/900] sample    722 (jitter  s=0.3) E=2.559   275.2s  ->  shard ETA 50.2 h
  [  146/900] sample    725 (jitter  s=0.3) E=2.572   233.6s  ->  shard ETA 50.2 h
  [  147/900] sample    731 (jitter  s=0.3) E=2.575   217.1s  ->  shard ETA 50.1 h
  [  148/900] sample    734 (jitter  s=0.3) E=2.569   214.8s  ->  shard ETA 50.0 h
  [  149/900] sample    740 (jitter  s=0.3) E=2.565   239.4s  ->  shard ETA 49.9 h
  [  150/900] sample    743 (jitter  s=0.3) E=2.566   255.1s  ->  shard ETA 49.8 h
  [  151/900] sample    746 (jitter  s=0.3) E=2.562   210.3s  ->  shard ETA 49.7 h
  [  152/900] sample    749 (jitter  s=0.3) E=2.592   252.4s  ->  shard ETA 49.7 h
  [  153/900] sample    827 (radius  s=0.04) E=2.514   254.9s  ->  shard ETA 49.6 h
    QUARANTINED sample 830 (radius, sigma=0.04): A_si out of [0,1]: [0.0436,4.01e+09]
  [  154/900] sample    830 (radius  s=0.04) E=3.784   605.2s  ->  shard ETA 50.1 h
    QUARANTINED sample 833 (radius, sigma=0.04): A_si out of [0,1]: [0.0438,6.53e+06]
  [  155/900] sample    833 (radius  s=0.04) E=3.790   453.7s  ->  shard ETA 50.3 h
    QUARANTINED sample 836 (radius, sigma=0.04): A_si out of [0,1]: [0.0438,6.84e+06]
  [  156/900] sample    836 (radius  s=0.04) E=3.783   613.9s  ->  shard ETA 50.7 h
    QUARANTINED sample 839 (radius, sigma=0.04): A_si out of [0,1]: [0.0448,9.64e+05]
  [  157/900] sample    839 (radius  s=0.04) E=3.791   439.2s  ->  shard ETA 50.9 h
    QUARANTINED sample 842 (radius, sigma=0.04): A_si out of [0,1]: [0.0431,2.11e+06]
  [  158/900] sample    842 (radius  s=0.04) E=3.788   483.1s  ->  shard ETA 51.1 h
  [  159/900] sample    845 (radius  s=0.04) E=2.508   261.0s  ->  shard ETA 51.1 h
    QUARANTINED sample 848 (radius, sigma=0.04): A_si out of [0,1]: [0.0436,3.09e+06]
  [  160/900] sample    848 (radius  s=0.04) E=3.775   475.6s  ->  shard ETA 51.3 h
    QUARANTINED sample 851 (radius, sigma=0.04): A_si out of [0,1]: [0.0427,4.72e+06]
  [  161/900] sample    851 (radius  s=0.04) E=3.776   620.4s  ->  shard ETA 51.7 h
  [  162/900] sample    854 (radius  s=0.04) E=2.517   270.5s  ->  shard ETA 51.7 h
    QUARANTINED sample 857 (radius, sigma=0.04): A_si out of [0,1]: [0.0424,1.16e+08]
  [  163/900] sample    857 (radius  s=0.04) E=3.770   462.8s  ->  shard ETA 51.9 h
    QUARANTINED sample 860 (radius, sigma=0.04): A_si out of [0,1]: [0.0438,1.43e+07]
  [  164/900] sample    860 (radius  s=0.04) E=3.777   431.1s  ->  shard ETA 52.0 h
    QUARANTINED sample 863 (radius, sigma=0.04): A_si out of [0,1]: [0.0466,1.85e+06]
  [  165/900] sample    863 (radius  s=0.04) E=3.799   445.7s  ->  shard ETA 52.2 h
  [  166/900] sample    866 (radius  s=0.04) E=2.505   361.1s  ->  shard ETA 52.2 h
    QUARANTINED sample 869 (radius, sigma=0.04): A_si out of [0,1]: [0.0438,8.98e+05]
  [  167/900] sample    869 (radius  s=0.04) E=3.776   440.6s  ->  shard ETA 52.4 h
    QUARANTINED sample 872 (radius, sigma=0.04): A_si out of [0,1]: [0.0448,1.49e+07]
  [  168/900] sample    872 (radius  s=0.04) E=3.792   602.2s  ->  shard ETA 52.7 h
  [  169/900] sample    875 (radius  s=0.04) E=2.505   325.7s  ->  shard ETA 52.7 h
  [  170/900] sample    878 (radius  s=0.04) E=2.515   239.6s  ->  shard ETA 52.7 h
    QUARANTINED sample 881 (radius, sigma=0.04): A_si out of [0,1]: [0.0457,6.14e+06]
  [  171/900] sample    881 (radius  s=0.04) E=3.794   610.4s  ->  shard ETA 53.0 h
    QUARANTINED sample 884 (radius, sigma=0.04): A_si out of [0,1]: [0.0454,1.86e+07]
  [  172/900] sample    884 (radius  s=0.04) E=3.792   636.9s  ->  shard ETA 53.4 h
    QUARANTINED sample 887 (radius, sigma=0.04): A_si out of [0,1]: [0.0456,9.5e+05]
  [  173/900] sample    887 (radius  s=0.04) E=3.783   438.5s  ->  shard ETA 53.5 h
    QUARANTINED sample 890 (radius, sigma=0.04): A_si out of [0,1]: [0.0427,3.78e+06]
  [  174/900] sample    890 (radius  s=0.04) E=3.778   449.9s  ->  shard ETA 53.6 h
    QUARANTINED sample 893 (radius, sigma=0.04): A_si out of [0,1]: [0.0442,7.46e+05]
  [  175/900] sample    893 (radius  s=0.04) E=3.619   677.8s  ->  shard ETA 54.0 h
    QUARANTINED sample 896 (radius, sigma=0.04): A_si out of [0,1]: [0.00387,5.34e+03]
  [  176/900] sample    896 (radius  s=0.04) E=2.827   434.4s  ->  shard ETA 54.1 h
  [  177/900] sample    899 (radius  s=0.04) E=2.515   255.8s  ->  shard ETA 54.1 h
  [  178/900] sample    902 (radius  s=0.06) E=2.527   272.9s  ->  shard ETA 54.0 h
  [  179/900] sample    905 (radius  s=0.06) E=2.536   302.0s  ->  shard ETA 54.0 h
    QUARANTINED sample 908 (radius, sigma=0.06): A_si out of [0,1]: [0.0137,1.1e+04]
  [  180/900] sample    908 (radius  s=0.06) E=2.938   586.6s  ->  shard ETA 54.2 h
  [  181/900] sample    911 (radius  s=0.06) E=2.551   257.3s  ->  shard ETA 54.1 h
    QUARANTINED sample 914 (radius, sigma=0.06): A_si out of [0,1]: [0.0482,6.12e+05]
  [  182/900] sample    914 (radius  s=0.06) E=3.821   475.6s  ->  shard ETA 54.3 h
    QUARANTINED sample 917 (radius, sigma=0.06): A_si out of [0,1]: [0.0457,2.22e+05]
  [  183/900] sample    917 (radius  s=0.06) E=3.293   599.5s  ->  shard ETA 54.6 h
  [  184/900] sample    920 (radius  s=0.06) E=2.542   281.6s  ->  shard ETA 54.5 h
    QUARANTINED sample 923 (radius, sigma=0.06): A_si out of [0,1]: [0.0469,1.75e+08]
  [  185/900] sample    923 (radius  s=0.06) E=3.814   596.6s  ->  shard ETA 54.8 h
  [  186/900] sample    926 (radius  s=0.06) E=2.532   266.4s  ->  shard ETA 54.7 h
    QUARANTINED sample 929 (radius, sigma=0.06): A_si out of [0,1]: [0.0337,3.24e+04]
  [  187/900] sample    929 (radius  s=0.06) E=3.133   455.9s  ->  shard ETA 54.8 h
    QUARANTINED sample 932 (radius, sigma=0.06): A_si out of [0,1]: [0.0486,1.98e+07]
  [  188/900] sample    932 (radius  s=0.06) E=3.802   601.9s  ->  shard ETA 55.1 h
    QUARANTINED sample 935 (radius, sigma=0.06): A_si out of [0,1]: [0.018,3.81e+04]
  [  189/900] sample    935 (radius  s=0.06) E=3.019   443.7s  ->  shard ETA 55.2 h
    QUARANTINED sample 938 (radius, sigma=0.06): A_si out of [0,1]: [0.047,4.06e+05]
  [  190/900] sample    938 (radius  s=0.06) E=3.638   619.3s  ->  shard ETA 55.4 h
    QUARANTINED sample 941 (radius, sigma=0.06): A_si out of [0,1]: [0.0477,2.93e+05]
  [  191/900] sample    941 (radius  s=0.06) E=3.624   600.8s  ->  shard ETA 55.7 h
    QUARANTINED sample 944 (radius, sigma=0.06): A_si out of [0,1]: [0.0454,1.44e+09]
  [  192/900] sample    944 (radius  s=0.06) E=3.799   619.7s  ->  shard ETA 56.0 h
    QUARANTINED sample 947 (radius, sigma=0.06): A_si out of [0,1]: [0.046,4.56e+05]
  [  193/900] sample    947 (radius  s=0.06) E=3.549   666.5s  ->  shard ETA 56.3 h
    QUARANTINED sample 950 (radius, sigma=0.06): A_si out of [0,1]: [-0.0776,3.69e+04]
  [  194/900] sample    950 (radius  s=0.06) E=3.052   459.6s  ->  shard ETA 56.4 h
  [  195/900] sample    953 (radius  s=0.06) E=2.538   238.3s  ->  shard ETA 56.2 h
    QUARANTINED sample 956 (radius, sigma=0.06): A_si out of [0,1]: [0.0486,5.22e+06]
  [  196/900] sample    956 (radius  s=0.06) E=3.824   603.3s  ->  shard ETA 56.5 h
    QUARANTINED sample 959 (radius, sigma=0.06): A_si out of [0,1]: [0.0503,1.74e+05]
  [  197/900] sample    959 (radius  s=0.06) E=3.297   595.1s  ->  shard ETA 56.7 h
    QUARANTINED sample 962 (radius, sigma=0.06): A_si out of [0,1]: [0.0449,4.55e+04]
  [  198/900] sample    962 (radius  s=0.06) E=3.279   430.3s  ->  shard ETA 56.7 h
    QUARANTINED sample 965 (radius, sigma=0.06): A_si out of [0,1]: [0.0498,7.61e+04]
  [  199/900] sample    965 (radius  s=0.06) E=3.263   428.3s  ->  shard ETA 56.8 h
  [  200/900] sample    968 (radius  s=0.06) E=2.521   277.4s  ->  shard ETA 56.7 h
    QUARANTINED sample 971 (radius, sigma=0.06): A_si out of [0,1]: [-0.00286,5.78e+03]
  [  201/900] sample    971 (radius  s=0.06) E=2.840   425.1s  ->  shard ETA 56.8 h
    QUARANTINED sample 974 (radius, sigma=0.06): A_si out of [0,1]: [0.0503,3.46e+06]
  [  202/900] sample    974 (radius  s=0.06) E=3.815   633.9s  ->  shard ETA 57.0 h
  [  203/900] sample    977 (radius  s=0.08) E=2.574   264.0s  ->  shard ETA 56.9 h
  [  204/900] sample    980 (radius  s=0.08) E=2.556   265.7s  ->  shard ETA 56.8 h
