[log] mirroring all output to gpu_out_n8r60/logs/dataset_shard0_20260725_194855.log
================================================================
DATASET GENERATION (GPU FDTD)  [mode=FULL  solver=torch-FDTD(GPU)  supercell=7x7 (a_super=4550 nm)  res=60/um  decay_tol=0.0003  cap=2500  grid=12/2.5 nm  stack=air/Si(300)/ZnO(80)/Ag  device=auto fp32]
grid: 2 classes x 10 sigmas x 75 seeds + 50 random + ordered
================================================================
[device] cuda

[pre-flight validation]
[Drude-Lorentz fit ledger  (per band, fit vs table)]
    si    400- 700 nm: max|dn|=1.41e-02  max|dk|=9.25e-03  (rel k err where k>1e-3: 7.35%)  -> OK
    si    700- 950 nm: max|dn|=1.53e-03  max|dk|=7.12e-04  (rel k err where k>1e-3: 8.43%)  -> OK
    si    950-1100 nm: max|dn|=3.12e-03  max|dk|=3.64e-04  (rel k err where k>1e-3: 32.49%)  -> OK
    zno   400- 700 nm: max|dn|=2.47e-05  max|dk|=3.94e-09  (rel k err where k>1e-3: 0.00%)  -> OK
    zno   700- 950 nm: max|dn|=4.08e-06  max|dk|=6.92e-10  (rel k err where k>1e-3: 0.00%)  -> OK
    zno   950-1100 nm: max|dn|=7.02e-06  max|dk|=4.41e-10  (rel k err where k>1e-3: 0.00%)  -> OK
    ag    400- 700 nm: max|dn|=1.09e-03  max|dk|=4.06e-03  (rel k err where k>1e-3: 0.17%)  -> OK
    ag    700- 950 nm: max|dn|=2.21e-03  max|dk|=4.65e-03  (rel k err where k>1e-3: 0.08%)  -> OK
    ag    950-1100 nm: max|dn|=2.71e-03  max|dk|=7.93e-03  (rel k err where k>1e-3: 0.10%)  -> OK
    LABEL GATE planar: eta(table)=0.13968  eta(fit)=0.13853  (-0.82%, gate 1%)   max|dA_si|=2.429e-02
    LABEL GATE trapping (L_eff=15um): eta(table)=0.69847  eta(fit)=0.69512  (-0.48%, gate 2.5%)
[pseudo-1D planar stack: torch-FDTD vs fitted-material TMM, res=500/um, device=cuda]
    band 400-700 nm: max|dA_si| = 4.51e-03  (R err 4.51e-03, A_par err 1.84e-04)  -> OK
    band 700-950 nm: max|dA_si| = 3.43e-04  (R err 3.63e-04, A_par err 2.74e-05)  -> OK
    band 950-1100 nm: max|dA_si| = 2.54e-05  (R err 4.27e-05, A_par err 4.10e-05)  -> OK
[3D uniform slab @ res=120, cell=650 nm]
    band 400-700: max|dA_si| = 5.95e-02 (gate 8e-02)  -> OK
    band 700-950: max|dA_si| = 2.53e-03 (gate 2e-02)  -> OK
    band 950-1100: max|dA_si| = 2.35e-04 (gate 1e-02)  -> OK
  NOTE: skipping 88 previously QUARANTINED samples in this shard;
  inspect gpu_out_n8r60/quarantine and delete their files to force a re-solve.

shard 0/3: 175 samples to solve, one at a time on cuda
  [    1/175] sample   2628 (radius  s=0.08) E=2.571   938.7s  ->  shard ETA 45.4 h
  [    2/175] sample   2631 (radius  s=0.08) E=2.556  1131.7s  ->  shard ETA 49.7 h
  [    3/175] sample   2634 (radius  s=0.08) E=2.566  1024.3s  ->  shard ETA 49.3 h
    QUARANTINED sample 2637 (radius, sigma=0.08): A_si out of [0,1]: [-0.0118,0.754]
  [    4/175] sample   2637 (radius  s=0.08) E=2.557  1227.5s  ->  shard ETA 51.3 h
  [    5/175] sample   2640 (radius  s=0.08) E=2.530  1250.5s  ->  shard ETA 52.6 h
  [    6/175] sample   2643 (radius  s=0.08) E=2.563   954.9s  ->  shard ETA 51.1 h
    QUARANTINED sample 2646 (radius, sigma=0.08): A_si out of [0,1]: [0.00435,2.44e+04]
  [    7/175] sample   2646 (radius  s=0.08) E=2.947  2582.0s  ->  shard ETA 60.7 h
  [    8/175] sample   2649 (radius  s=0.08) E=2.564  1103.1s  ->  shard ETA 59.2 h
    QUARANTINED sample 2652 (radius, sigma=0.08): A_si out of [0,1]: [-0.00422,51.8]
  [    9/175] sample   2652 (radius  s=0.08) E=2.656  1648.4s  ->  shard ETA 60.8 h
  [   10/175] sample   2655 (radius  s=0.08) E=2.565  1010.3s  ->  shard ETA 59.0 h
  [   11/175] sample   2658 (radius  s=0.08) E=2.551  1056.7s  ->  shard ETA 57.7 h
  [   12/175] sample   2661 (radius  s=0.08) E=2.547  1200.0s  ->  shard ETA 57.1 h
  [   13/175] sample   2664 (radius  s=0.08) E=2.563  1175.7s  ->  shard ETA 56.4 h
  [   14/175] sample   2667 (radius  s=0.08) E=2.556   989.5s  ->  shard ETA 55.2 h
  [   15/175] sample   2670 (radius  s=0.08) E=2.545   998.0s  ->  shard ETA 54.2 h
  [   16/175] sample   2673 (radius  s=0.1) E=2.554  1175.2s  ->  shard ETA 53.7 h
  [   17/175] sample   2676 (radius  s=0.1) E=2.567   883.5s  ->  shard ETA 52.5 h
  [   18/175] sample   2679 (radius  s=0.1) E=2.583   923.0s  ->  shard ETA 51.5 h
  [   19/175] sample   2682 (radius  s=0.1) E=2.580   916.5s  ->  shard ETA 50.6 h
  [   20/175] sample   2685 (radius  s=0.1) E=2.577  1109.9s  ->  shard ETA 50.2 h
  [   21/175] sample   2688 (radius  s=0.1) E=2.595   810.7s  ->  shard ETA 49.1 h
  [   22/175] sample   2691 (radius  s=0.1) E=2.561  1069.9s  ->  shard ETA 48.6 h
  [   23/175] sample   2694 (radius  s=0.1) E=2.573  1062.6s  ->  shard ETA 48.2 h
  [   24/175] sample   2697 (radius  s=0.1) E=2.570   948.7s  ->  shard ETA 47.5 h
  [   25/175] sample   2700 (radius  s=0.1) E=2.570   980.5s  ->  shard ETA 47.0 h
  [   26/175] sample   2703 (radius  s=0.1) E=2.568  1013.3s  ->  shard ETA 46.5 h
  [   27/175] sample   2706 (radius  s=0.1) E=2.576   890.5s  ->  shard ETA 45.8 h
  [   28/175] sample   2709 (radius  s=0.1) E=2.565  1004.8s  ->  shard ETA 45.3 h
  [   29/175] sample   2712 (radius  s=0.1) E=2.576   904.3s  ->  shard ETA 44.7 h
  [   30/175] sample   2715 (radius  s=0.1) E=2.565  1017.6s  ->  shard ETA 44.3 h
  [   31/175] sample   2718 (radius  s=0.1) E=2.570   890.7s  ->  shard ETA 43.7 h
  [   32/175] sample   2721 (radius  s=0.1) E=2.573   889.2s  ->  shard ETA 43.2 h
  [   33/175] sample   2724 (radius  s=0.1) E=2.586   821.0s  ->  shard ETA 42.6 h
  [   34/175] sample   2727 (radius  s=0.1) E=2.555  1048.2s  ->  shard ETA 42.2 h
  [   35/175] sample   2730 (radius  s=0.1) E=2.582   864.4s  ->  shard ETA 41.7 h
  [   36/175] sample   2733 (radius  s=0.1) E=2.580   875.6s  ->  shard ETA 41.2 h
Traceback (most recent call last):
  File "/project/rise-batteries/Photonics_RISE/scripts/FDTD_GPU_test/run_dataset.py", line 833, in <module>
    main()
    ~~~~^^
  File "/project/rise-batteries/Photonics_RISE/scripts/FDTD_GPU_test/run_dataset.py", line 828, in main
    {"generate": cmd_generate, "plan": cmd_plan,
    ~~~~~~~~~~~~~~~~~~~~~~~~~~~~~~~~~~~~~~~~~~~~
     "analyze": cmd_analyze, "verify": cmd_verify}[cmd](args)
     ~~~~~~~~~~~~~~~~~~~~~~~~~~~~~~~~~~~~~~~~~~~~~~~~~~^^^^^^
  File "/project/rise-batteries/Photonics_RISE/scripts/FDTD_GPU_test/run_dataset.py", line 298, in cmd_generate
    A_si, A_par, info = solve_one(rec, wl, device)
                        ~~~~~~~~~^^^^^^^^^^^^^^^^^
  File "/project/rise-batteries/Photonics_RISE/scripts/FDTD_GPU_test/run_dataset.py", line 210, in solve_one
    return broadband_absorption_many(
        [holes], rec.get("a_super_nm", C.A_SUPER_NM), C.THICKNESS_NM, wl,
        m["fits"], C.BUFFER_NM, resolution or C.RESOLUTION,
        decay_tol or C.DECAY_TOL, max_time or C.MAX_TIME, NORM_DIR,
        device=device, n_cells_tag=f"sc{C.N_CELLS}")
  File "/project/rise-batteries/Photonics_RISE/scripts/FDTD_GPU_test/fdtd_torch.py", line 945, in broadband_absorption_many
    Rb, Ab, dt_s, cap, ns = run_single(
                            ~~~~~~~~~~^
        holes_list[g], a_super_nm, thickness_nm, buffer_nm, resolution,
        ^^^^^^^^^^^^^^^^^^^^^^^^^^^^^^^^^^^^^^^^^^^^^^^^^^^^^^^^^^^^^^^
        b, p, wl[idx], fits, norm_dir, device, bits, decay_tol,
        ^^^^^^^^^^^^^^^^^^^^^^^^^^^^^^^^^^^^^^^^^^^^^^^^^^^^^^^
        max_time, n_cells_tag)
        ^^^^^^^^^^^^^^^^^^^^^^
  File "/project/rise-batteries/Photonics_RISE/scripts/FDTD_GPU_test/fdtd_torch.py", line 877, in run_single
    res = sim.run(decay_tol=decay_tol, max_time=max_time)
  File "/project/rise-batteries/Photonics_RISE/scripts/FDTD_GPU_test/fdtd_torch.py", line 749, in run
    self._step(n)
    ~~~~~~~~~~^^^
  File "/project/rise-batteries/Photonics_RISE/scripts/FDTD_GPU_test/fdtd_torch.py", line 709, in _step
    self.mon_refl.accumulate_H(torch, self.Hx, self.Hy, t_H,
    ~~~~~~~~~~~~~~~~~~~~~~~~~~^^^^^^^^^^^^^^^^^^^^^^^^^^^^^^
                               self.dt_eff)
                               ^^^^^^^^^^^^
  File "/project/rise-batteries/Photonics_RISE/scripts/FDTD_GPU_test/fdtd_torch.py", line 298, in accumulate_H
    hx = (0.5 * (Hx[:, :, k - 1] + Hx[:, :, k])).reshape(-1)
KeyboardInterrupt
Exception ignored in atexit callback <function shutdown_compile_workers at 0x14d093450220>:
Traceback (most recent call last):
  File "/project/rise-batteries/photonics-fdtd/lib/python3.13/site-packages/torch/_inductor/async_compile.py", line 179, in shutdown_compile_workers
    pool.shutdown()
  File "/project/rise-batteries/photonics-fdtd/lib/python3.13/site-packages/torch/_inductor/compile_worker/subproc_pool.py", line 342, in shutdown
    self.process.wait(300)
  File "/project/rise-batteries/photonics-fdtd/lib/python3.13/subprocess.py", line 1280, in wait
    return self._wait(timeout=timeout)
  File "/project/rise-batteries/photonics-fdtd/lib/python3.13/subprocess.py", line 2079, in _wait
    time.sleep(delay)
KeyboardInterrupt: 
