[log] mirroring all output to gpu_out_n8r60/logs/dataset_shard2_20260717_210255.log
================================================================
DATASET GENERATION (GPU FDTD)  [mode=FULL  solver=torch-FDTD(GPU)  supercell=7x7 (a_super=4550 nm)  res=60/um  decay_tol=0.0003  cap=2500  grid=12/2.5 nm  stack=air/Si(300)/ZnO(80)/Ag  device=auto fp32]
grid: 2 classes x 10 sigmas x 75 seeds + 50 random + ordered
================================================================
[device] cuda

[pre-flight validation]
[Drude-Lorentz fit ledger  (per band, fit vs table)]
    si    400- 700 nm: max|dn|=1.41e-02  max|dk|=9.25e-03  (rel k err where k>1e-3: 7.35%)  -> OK
    si    700- 950 nm: max|dn|=1.53e-03  max|dk|=7.12e-04  (rel k err where k>1e-3: 8.43%)  -> OK
    si    950-1100 nm: max|dn|=3.12e-03  max|dk|=3.64e-04  (rel k err where k>1e-3: 32.49%)  -> OK
    zno   400- 700 nm: max|dn|=2.47e-05  max|dk|=3.94e-09  (rel k err where k>1e-3: 0.00%)  -> OK
    zno   700- 950 nm: max|dn|=4.08e-06  max|dk|=6.92e-10  (rel k err where k>1e-3: 0.00%)  -> OK
    zno   950-1100 nm: max|dn|=7.02e-06  max|dk|=4.41e-10  (rel k err where k>1e-3: 0.00%)  -> OK
    ag    400- 700 nm: max|dn|=1.09e-03  max|dk|=4.06e-03  (rel k err where k>1e-3: 0.17%)  -> OK
    ag    700- 950 nm: max|dn|=2.21e-03  max|dk|=4.65e-03  (rel k err where k>1e-3: 0.08%)  -> OK
    ag    950-1100 nm: max|dn|=2.71e-03  max|dk|=7.93e-03  (rel k err where k>1e-3: 0.10%)  -> OK
    LABEL GATE planar: eta(table)=0.13968  eta(fit)=0.13853  (-0.82%, gate 1%)   max|dA_si|=2.429e-02
    LABEL GATE trapping (L_eff=15um): eta(table)=0.69847  eta(fit)=0.69512  (-0.48%, gate 2.5%)
[pseudo-1D planar stack: torch-FDTD vs fitted-material TMM, res=500/um, device=cuda]
    band 400-700 nm: max|dA_si| = 4.51e-03  (R err 4.51e-03, A_par err 1.84e-04)  -> OK
    band 700-950 nm: max|dA_si| = 3.43e-04  (R err 3.63e-04, A_par err 2.74e-05)  -> OK
    band 950-1100 nm: max|dA_si| = 2.54e-05  (R err 4.27e-05, A_par err 4.10e-05)  -> OK
[3D uniform slab @ res=120, cell=650 nm]
    band 400-700: max|dA_si| = 5.95e-02 (gate 8e-02)  -> OK
    band 700-950: max|dA_si| = 2.53e-03 (gate 2e-02)  -> OK
    band 950-1100: max|dA_si| = 2.35e-04 (gate 1e-02)  -> OK
  NOTE: skipping 44 previously QUARANTINED samples in this shard;
  inspect gpu_out_n8r60/quarantine and delete their files to force a re-solve.

shard 2/3: 616 samples to solve, one at a time on cuda
  [    1/616] sample   1223 (radius  s=0.15) E=2.590   556.8s  ->  shard ETA 95.1 h
  [    2/616] sample   1226 (radius  s=0.15) E=2.619   562.5s  ->  shard ETA 95.5 h
  [    3/616] sample   1229 (radius  s=0.15) E=2.579   616.2s  ->  shard ETA 98.5 h
  [    4/616] sample   1232 (radius  s=0.15) E=2.604   535.1s  ->  shard ETA 96.5 h
  [    5/616] sample   1235 (radius  s=0.15) E=2.613   589.5s  ->  shard ETA 97.1 h
  [    6/616] sample   1238 (radius  s=0.15) E=2.607   624.6s  ->  shard ETA 98.4 h
  [    7/616] sample   1241 (radius  s=0.15) E=2.604   514.5s  ->  shard ETA 96.7 h
  [    8/616] sample   1244 (radius  s=0.15) E=2.612   590.0s  ->  shard ETA 96.9 h
  [    9/616] sample   1247 (radius  s=0.15) E=2.579   588.1s  ->  shard ETA 97.0 h
  [   10/616] sample   1250 (radius  s=0.15) E=2.575   643.2s  ->  shard ETA 98.0 h
  [   11/616] sample   1253 (radius  s=0.15) E=2.608   569.0s  ->  shard ETA 97.6 h
  [   12/616] sample   1256 (radius  s=0.15) E=2.596   551.5s  ->  shard ETA 97.1 h
  [   13/616] sample   1259 (radius  s=0.15) E=2.621   540.1s  ->  shard ETA 96.4 h
  [   14/616] sample   1262 (radius  s=0.15) E=2.620   591.9s  ->  shard ETA 96.4 h
  [   15/616] sample   1265 (radius  s=0.15) E=2.605   550.2s  ->  shard ETA 96.0 h
  [   16/616] sample   1268 (radius  s=0.15) E=2.599   586.1s  ->  shard ETA 95.9 h
  [   17/616] sample   1271 (radius  s=0.15) E=2.591   547.9s  ->  shard ETA 95.5 h
  [   18/616] sample   1274 (radius  s=0.15) E=2.611   528.8s  ->  shard ETA 94.9 h
  [   19/616] sample   1277 (radius  s=0.2) E=2.587   455.8s  ->  shard ETA 93.8 h
  [   20/616] sample   1280 (radius  s=0.2) E=2.603   459.1s  ->  shard ETA 92.7 h
  [   21/616] sample   1283 (radius  s=0.2) E=2.600   444.9s  ->  shard ETA 91.7 h
  [   22/616] sample   1286 (radius  s=0.2) E=2.606   404.3s  ->  shard ETA 90.4 h
  [   23/616] sample   1289 (radius  s=0.2) E=2.598   449.8s  ->  shard ETA 89.5 h
  [   24/616] sample   1292 (radius  s=0.2) E=2.594   396.7s  ->  shard ETA 88.4 h
  [   25/616] sample   1295 (radius  s=0.2) E=2.603   447.8s  ->  shard ETA 87.6 h
  [   26/616] sample   1298 (radius  s=0.2) E=2.586   450.8s  ->  shard ETA 87.0 h
  [   27/616] sample   1301 (radius  s=0.2) E=2.603   405.9s  ->  shard ETA 86.1 h
  [   28/616] sample   1304 (radius  s=0.2) E=2.607   430.4s  ->  shard ETA 85.4 h
  [   29/616] sample   1307 (radius  s=0.2) E=2.615   450.3s  ->  shard ETA 84.8 h
  [   30/616] sample   1310 (radius  s=0.2) E=2.608   491.9s  ->  shard ETA 84.5 h
  [   31/616] sample   1313 (radius  s=0.2) E=2.610   451.2s  ->  shard ETA 84.0 h
  [   32/616] sample   1316 (radius  s=0.2) E=2.606   412.2s  ->  shard ETA 83.3 h
  [   33/616] sample   1319 (radius  s=0.2) E=2.611   442.2s  ->  shard ETA 82.8 h
  [   34/616] sample   1322 (radius  s=0.2) E=2.598   402.9s  ->  shard ETA 82.2 h
  [   35/616] sample   1325 (radius  s=0.2) E=2.612   454.8s  ->  shard ETA 81.8 h
  [   36/616] sample   1328 (radius  s=0.2) E=2.592   419.0s  ->  shard ETA 81.3 h
  [   37/616] sample   1331 (radius  s=0.2) E=2.607   433.0s  ->  shard ETA 80.8 h
  [   38/616] sample   1334 (radius  s=0.2) E=2.613   412.7s  ->  shard ETA 80.3 h
  [   39/616] sample   1337 (radius  s=0.2) E=2.603   468.9s  ->  shard ETA 80.0 h
  [   40/616] sample   1340 (radius  s=0.2) E=2.613   395.0s  ->  shard ETA 79.5 h
  [   41/616] sample   1343 (radius  s=0.2) E=2.605   506.9s  ->  shard ETA 79.4 h
  [   42/616] sample   1346 (radius  s=0.2) E=2.601   487.4s  ->  shard ETA 79.2 h
  [   43/616] sample   1349 (radius  s=0.2) E=2.606   466.1s  ->  shard ETA 78.9 h
  [   44/616] sample   1352 (radius  s=0.25) E=2.594   431.9s  ->  shard ETA 78.6 h
  [   45/616] sample   1355 (radius  s=0.25) E=2.589   509.8s  ->  shard ETA 78.5 h
  [   46/616] sample   1358 (radius  s=0.25) E=2.606   487.7s  ->  shard ETA 78.3 h
  [   47/616] sample   1361 (radius  s=0.25) E=2.580   398.8s  ->  shard ETA 77.9 h
  [   48/616] sample   1364 (radius  s=0.25) E=2.574   438.6s  ->  shard ETA 77.6 h
  [   49/616] sample   1367 (radius  s=0.25) E=2.597   456.1s  ->  shard ETA 77.3 h
  [   50/616] sample   1370 (radius  s=0.25) E=2.571   460.1s  ->  shard ETA 77.1 h
  [   51/616] sample   1373 (radius  s=0.25) E=2.585   480.9s  ->  shard ETA 76.9 h
  [   52/616] sample   1376 (radius  s=0.25) E=2.585   425.8s  ->  shard ETA 76.6 h
  [   53/616] sample   1379 (radius  s=0.25) E=2.584   502.9s  ->  shard ETA 76.5 h
  [   54/616] sample   1382 (radius  s=0.25) E=2.588   422.9s  ->  shard ETA 76.2 h
  [   55/616] sample   1385 (radius  s=0.25) E=2.610   463.9s  ->  shard ETA 76.0 h
  [   56/616] sample   1388 (radius  s=0.25) E=2.601   446.8s  ->  shard ETA 75.7 h
  [   57/616] sample   1391 (radius  s=0.25) E=2.585   422.4s  ->  shard ETA 75.4 h
  [   58/616] sample   1394 (radius  s=0.25) E=2.587   438.6s  ->  shard ETA 75.1 h
  [   59/616] sample   1397 (radius  s=0.25) E=2.589   454.6s  ->  shard ETA 74.9 h
  [   60/616] sample   1400 (radius  s=0.25) E=2.583   464.3s  ->  shard ETA 74.7 h
  [   61/616] sample   1403 (radius  s=0.25) E=2.591   505.8s  ->  shard ETA 74.7 h
  [   62/616] sample   1406 (radius  s=0.25) E=2.581   411.0s  ->  shard ETA 74.3 h
  [   63/616] sample   1409 (radius  s=0.25) E=2.591   410.9s  ->  shard ETA 74.0 h
  [   64/616] sample   1412 (radius  s=0.25) E=2.579   456.3s  ->  shard ETA 73.8 h
  [   65/616] sample   1415 (radius  s=0.25) E=2.584   466.9s  ->  shard ETA 73.7 h
  [   66/616] sample   1418 (radius  s=0.25) E=2.585   447.6s  ->  shard ETA 73.5 h
  [   67/616] sample   1421 (radius  s=0.25) E=2.570   510.7s  ->  shard ETA 73.4 h
  [   68/616] sample   1424 (radius  s=0.25) E=2.592   439.7s  ->  shard ETA 73.2 h
  [   69/616] sample   1427 (radius  s=0.3) E=2.569   460.2s  ->  shard ETA 73.0 h
  [   70/616] sample   1430 (radius  s=0.3) E=2.572   431.0s  ->  shard ETA 72.7 h
  [   71/616] sample   1433 (radius  s=0.3) E=2.531   517.7s  ->  shard ETA 72.7 h
  [   72/616] sample   1436 (radius  s=0.3) E=2.535   424.4s  ->  shard ETA 72.4 h
  [   73/616] sample   1439 (radius  s=0.3) E=2.567   579.2s  ->  shard ETA 72.5 h
  [   74/616] sample   1442 (radius  s=0.3) E=2.577   450.1s  ->  shard ETA 72.3 h
  [   75/616] sample   1445 (radius  s=0.3) E=2.572   473.5s  ->  shard ETA 72.2 h
  [   76/616] sample   1448 (radius  s=0.3) E=2.554   471.1s  ->  shard ETA 72.0 h
    QUARANTINED sample 1451 (radius, sigma=0.3): A_si out of [0,1]: [-0.0108,0.716]
  [   77/616] sample   1451 (radius  s=0.3) E=2.583   476.5s  ->  shard ETA 71.9 h
  [   78/616] sample   1454 (radius  s=0.3) E=2.567   435.8s  ->  shard ETA 71.7 h
  [   79/616] sample   1457 (radius  s=0.3) E=2.587   460.4s  ->  shard ETA 71.5 h
  [   80/616] sample   1460 (radius  s=0.3) E=2.571   474.6s  ->  shard ETA 71.4 h
  [   81/616] sample   1463 (radius  s=0.3) E=2.558   478.4s  ->  shard ETA 71.2 h
  [   82/616] sample   1466 (radius  s=0.3) E=2.575   483.2s  ->  shard ETA 71.1 h
  [   83/616] sample   1469 (radius  s=0.3) E=2.553   437.6s  ->  shard ETA 70.9 h
  [   84/616] sample   1472 (radius  s=0.3) E=2.579   416.7s  ->  shard ETA 70.6 h
  [   85/616] sample   1475 (radius  s=0.3) E=2.559   548.8s  ->  shard ETA 70.6 h
  [   86/616] sample   1478 (radius  s=0.3) E=2.538   470.2s  ->  shard ETA 70.5 h
  [   87/616] sample   1481 (radius  s=0.3) E=2.579   475.7s  ->  shard ETA 70.3 h
  [   88/616] sample   1484 (radius  s=0.3) E=2.571   520.4s  ->  shard ETA 70.3 h
  [   89/616] sample   1487 (radius  s=0.3) E=2.588   435.0s  ->  shard ETA 70.1 h
  [   90/616] sample   1490 (radius  s=0.3) E=2.572   433.2s  ->  shard ETA 69.9 h
  [   91/616] sample   1493 (radius  s=0.3) E=2.561   461.8s  ->  shard ETA 69.7 h
  [   92/616] sample   1496 (radius  s=0.3) E=2.575   434.8s  ->  shard ETA 69.5 h
  [   93/616] sample   1499 (radius  s=0.3) E=2.573   488.6s  ->  shard ETA 69.4 h
  [   94/616] sample   1502 (random  s=nan) E=2.550   435.9s  ->  shard ETA 69.2 h
  [   95/616] sample   1505 (random  s=nan) E=2.543   482.2s  ->  shard ETA 69.1 h
  [   96/616] sample   1508 (random  s=nan) E=2.527   475.3s  ->  shard ETA 68.9 h
  [   97/616] sample   1511 (random  s=nan) E=2.542   440.0s  ->  shard ETA 68.7 h
  [   98/616] sample   1514 (random  s=nan) E=2.542   424.9s  ->  shard ETA 68.5 h
  [   99/616] sample   1517 (random  s=nan) E=2.541   484.6s  ->  shard ETA 68.4 h
  [  100/616] sample   1520 (random  s=nan) E=2.531   453.1s  ->  shard ETA 68.3 h
  [  101/616] sample   1523 (random  s=nan) E=2.546   486.0s  ->  shard ETA 68.1 h
  [  102/616] sample   1526 (random  s=nan) E=2.545   445.7s  ->  shard ETA 68.0 h
  [  103/616] sample   1529 (random  s=nan) E=2.551   457.4s  ->  shard ETA 67.8 h
  [  104/616] sample   1532 (random  s=nan) E=2.536   455.9s  ->  shard ETA 67.6 h
  [  105/616] sample   1535 (random  s=nan) E=2.556   438.7s  ->  shard ETA 67.5 h
  [  106/616] sample   1538 (random  s=nan) E=2.541   440.6s  ->  shard ETA 67.3 h
  [  107/616] sample   1541 (random  s=nan) E=2.529   493.9s  ->  shard ETA 67.2 h
  [  108/616] sample   1544 (random  s=nan) E=2.520   472.5s  ->  shard ETA 67.0 h
  [  109/616] sample   1547 (random  s=nan) E=2.556   434.3s  ->  shard ETA 66.9 h
  [  110/616] sample   1550 (random  s=nan) E=2.567   434.2s  ->  shard ETA 66.7 h
  [  111/616] sample   1553 (jitter  s=0.02) E=2.551   514.8s  ->  shard ETA 66.6 h
  [  112/616] sample   1556 (jitter  s=0.02) E=2.538   531.1s  ->  shard ETA 66.5 h
  [  113/616] sample   1559 (jitter  s=0.02) E=2.539   501.5s  ->  shard ETA 66.4 h
  [  114/616] sample   1562 (jitter  s=0.02) E=2.539   497.2s  ->  shard ETA 66.3 h
  [  115/616] sample   1565 (jitter  s=0.02) E=2.562   513.2s  ->  shard ETA 66.2 h
  [  116/616] sample   1568 (jitter  s=0.02) E=2.535   519.1s  ->  shard ETA 66.2 h
  [  117/616] sample   1571 (jitter  s=0.02) E=2.548   488.3s  ->  shard ETA 66.0 h
  [  118/616] sample   1574 (jitter  s=0.02) E=2.531   545.3s  ->  shard ETA 66.0 h
  [  119/616] sample   1577 (jitter  s=0.02) E=2.540   529.1s  ->  shard ETA 65.9 h
  [  120/616] sample   1580 (jitter  s=0.02) E=2.546   525.1s  ->  shard ETA 65.8 h
  [  121/616] sample   1583 (jitter  s=0.02) E=2.538   509.8s  ->  shard ETA 65.7 h
  [  122/616] sample   1586 (jitter  s=0.02) E=2.549   499.7s  ->  shard ETA 65.6 h
  [  123/616] sample   1589 (jitter  s=0.02) E=2.549   519.6s  ->  shard ETA 65.5 h
  [  124/616] sample   1592 (jitter  s=0.02) E=2.553   512.5s  ->  shard ETA 65.5 h
    QUARANTINED sample 1595 (jitter, sigma=0.02): A_si out of [0,1]: [0.00118,2.71]
  [  125/616] sample   1595 (jitter  s=0.02) E=2.573   874.2s  ->  shard ETA 65.8 h
  [  126/616] sample   1598 (jitter  s=0.02) E=2.545   536.6s  ->  shard ETA 65.7 h
  [  127/616] sample   1601 (jitter  s=0.02) E=2.534   507.2s  ->  shard ETA 65.6 h
  [  128/616] sample   1604 (jitter  s=0.02) E=2.536   617.8s  ->  shard ETA 65.6 h
  [  129/616] sample   1607 (jitter  s=0.02) E=2.534   562.9s  ->  shard ETA 65.5 h
  [  130/616] sample   1610 (jitter  s=0.02) E=2.542   565.2s  ->  shard ETA 65.5 h
  [  131/616] sample   1613 (jitter  s=0.02) E=2.533   568.6s  ->  shard ETA 65.4 h
  [  132/616] sample   1616 (jitter  s=0.02) E=2.537   520.1s  ->  shard ETA 65.3 h
  [  133/616] sample   1619 (jitter  s=0.02) E=2.533   525.9s  ->  shard ETA 65.2 h
  [  134/616] sample   1622 (jitter  s=0.02) E=2.539   508.8s  ->  shard ETA 65.1 h
  [  135/616] sample   1625 (jitter  s=0.02) E=2.544   565.9s  ->  shard ETA 65.1 h
  [  136/616] sample   1628 (jitter  s=0.02) E=2.547   478.1s  ->  shard ETA 64.9 h
  [  137/616] sample   1631 (jitter  s=0.04) E=2.583   459.1s  ->  shard ETA 64.8 h
  [  138/616] sample   1634 (jitter  s=0.04) E=2.591   442.2s  ->  shard ETA 64.6 h
  [  139/616] sample   1637 (jitter  s=0.04) E=2.593   395.4s  ->  shard ETA 64.4 h
  [  140/616] sample   1640 (jitter  s=0.04) E=2.593   421.6s  ->  shard ETA 64.2 h
  [  141/616] sample   1643 (jitter  s=0.04) E=2.593   448.8s  ->  shard ETA 64.0 h
  [  142/616] sample   1646 (jitter  s=0.04) E=2.610   443.1s  ->  shard ETA 63.8 h
  [  143/616] sample   1649 (jitter  s=0.04) E=2.586   445.7s  ->  shard ETA 63.6 h
  [  144/616] sample   1652 (jitter  s=0.04) E=2.584   422.5s  ->  shard ETA 63.5 h
  [  145/616] sample   1655 (jitter  s=0.04) E=2.592   432.2s  ->  shard ETA 63.3 h
  [  146/616] sample   1658 (jitter  s=0.04) E=2.606   416.6s  ->  shard ETA 63.1 h
  [  147/616] sample   1661 (jitter  s=0.04) E=2.579   433.5s  ->  shard ETA 62.9 h
  [  148/616] sample   1664 (jitter  s=0.04) E=2.594   406.6s  ->  shard ETA 62.7 h
  [  149/616] sample   1667 (jitter  s=0.04) E=2.587   389.9s  ->  shard ETA 62.5 h
  [  150/616] sample   1670 (jitter  s=0.04) E=2.593   416.9s  ->  shard ETA 62.3 h
  [  151/616] sample   1673 (jitter  s=0.04) E=2.588   448.5s  ->  shard ETA 62.1 h
  [  152/616] sample   1676 (jitter  s=0.04) E=2.601   410.9s  ->  shard ETA 61.9 h
  [  153/616] sample   1679 (jitter  s=0.04) E=2.584   426.3s  ->  shard ETA 61.8 h
  [  154/616] sample   1682 (jitter  s=0.04) E=2.577   455.2s  ->  shard ETA 61.6 h
  [  155/616] sample   1685 (jitter  s=0.04) E=2.595   453.5s  ->  shard ETA 61.5 h
  [  156/616] sample   1688 (jitter  s=0.04) E=2.595   446.4s  ->  shard ETA 61.3 h
  [  157/616] sample   1691 (jitter  s=0.04) E=2.581   428.3s  ->  shard ETA 61.1 h
  [  158/616] sample   1694 (jitter  s=0.04) E=2.585   413.9s  ->  shard ETA 60.9 h
  [  159/616] sample   1697 (jitter  s=0.04) E=2.582   411.7s  ->  shard ETA 60.7 h
  [  160/616] sample   1700 (jitter  s=0.04) E=2.586   452.4s  ->  shard ETA 60.6 h
  [  161/616] sample   1703 (jitter  s=0.04) E=2.608   391.2s  ->  shard ETA 60.4 h
  [  162/616] sample   1706 (jitter  s=0.04) E=2.594   443.5s  ->  shard ETA 60.2 h
  [  163/616] sample   1709 (jitter  s=0.04) E=2.581   491.0s  ->  shard ETA 60.1 h
  [  164/616] sample   1712 (jitter  s=0.06) E=2.608   414.6s  ->  shard ETA 59.9 h
  [  165/616] sample   1715 (jitter  s=0.06) E=2.613   402.6s  ->  shard ETA 59.7 h
  [  166/616] sample   1718 (jitter  s=0.06) E=2.618   440.4s  ->  shard ETA 59.6 h
  [  167/616] sample   1721 (jitter  s=0.06) E=2.601   390.1s  ->  shard ETA 59.4 h
  [  168/616] sample   1724 (jitter  s=0.06) E=2.615   446.7s  ->  shard ETA 59.2 h
  [  169/616] sample   1727 (jitter  s=0.06) E=2.621   418.1s  ->  shard ETA 59.1 h
  [  170/616] sample   1730 (jitter  s=0.06) E=2.622   411.0s  ->  shard ETA 58.9 h
  [  171/616] sample   1733 (jitter  s=0.06) E=2.613   449.5s  ->  shard ETA 58.7 h
  [  172/616] sample   1736 (jitter  s=0.06) E=2.615   416.6s  ->  shard ETA 58.6 h
  [  173/616] sample   1739 (jitter  s=0.06) E=2.607   410.6s  ->  shard ETA 58.4 h
  [  174/616] sample   1742 (jitter  s=0.06) E=2.619   487.9s  ->  shard ETA 58.3 h
  [  175/616] sample   1745 (jitter  s=0.06) E=2.620   413.0s  ->  shard ETA 58.1 h
  [  176/616] sample   1748 (jitter  s=0.06) E=2.609   370.9s  ->  shard ETA 57.9 h
  [  177/616] sample   1751 (jitter  s=0.06) E=2.598   429.0s  ->  shard ETA 57.7 h
  [  178/616] sample   1754 (jitter  s=0.06) E=2.620   417.0s  ->  shard ETA 57.5 h
  [  179/616] sample   1757 (jitter  s=0.06) E=2.616   399.0s  ->  shard ETA 57.4 h
  [  180/616] sample   1760 (jitter  s=0.06) E=2.626   564.7s  ->  shard ETA 57.3 h
  [  181/616] sample   1763 (jitter  s=0.06) E=2.615   419.2s  ->  shard ETA 57.1 h
  [  182/616] sample   1766 (jitter  s=0.06) E=2.613   398.0s  ->  shard ETA 56.9 h
