[log] mirroring all output to gpu_out_n8r60/logs/dataset_shard0_20260722_131010.log
================================================================
DATASET GENERATION (GPU FDTD)  [mode=FULL  solver=torch-FDTD(GPU)  supercell=7x7 (a_super=4550 nm)  res=60/um  decay_tol=0.0003  cap=2500  grid=12/2.5 nm  stack=air/Si(300)/ZnO(80)/Ag  device=auto fp32]
grid: 2 classes x 10 sigmas x 75 seeds + 50 random + ordered
================================================================
[device] cuda

[pre-flight validation]
[Drude-Lorentz fit ledger  (per band, fit vs table)]
    si    400- 700 nm: max|dn|=1.41e-02  max|dk|=9.25e-03  (rel k err where k>1e-3: 7.35%)  -> OK
    si    700- 950 nm: max|dn|=1.53e-03  max|dk|=7.12e-04  (rel k err where k>1e-3: 8.43%)  -> OK
    si    950-1100 nm: max|dn|=3.12e-03  max|dk|=3.64e-04  (rel k err where k>1e-3: 32.49%)  -> OK
    zno   400- 700 nm: max|dn|=2.47e-05  max|dk|=3.94e-09  (rel k err where k>1e-3: 0.00%)  -> OK
    zno   700- 950 nm: max|dn|=4.08e-06  max|dk|=6.92e-10  (rel k err where k>1e-3: 0.00%)  -> OK
    zno   950-1100 nm: max|dn|=7.02e-06  max|dk|=4.41e-10  (rel k err where k>1e-3: 0.00%)  -> OK
    ag    400- 700 nm: max|dn|=1.09e-03  max|dk|=4.06e-03  (rel k err where k>1e-3: 0.17%)  -> OK
    ag    700- 950 nm: max|dn|=2.21e-03  max|dk|=4.65e-03  (rel k err where k>1e-3: 0.08%)  -> OK
    ag    950-1100 nm: max|dn|=2.71e-03  max|dk|=7.93e-03  (rel k err where k>1e-3: 0.10%)  -> OK
    LABEL GATE planar: eta(table)=0.13968  eta(fit)=0.13853  (-0.82%, gate 1%)   max|dA_si|=2.429e-02
    LABEL GATE trapping (L_eff=15um): eta(table)=0.69847  eta(fit)=0.69512  (-0.48%, gate 2.5%)
[pseudo-1D planar stack: torch-FDTD vs fitted-material TMM, res=500/um, device=cuda]
    band 400-700 nm: max|dA_si| = 4.51e-03  (R err 4.51e-03, A_par err 1.84e-04)  -> OK
    band 700-950 nm: max|dA_si| = 3.43e-04  (R err 3.63e-04, A_par err 2.74e-05)  -> OK
    band 950-1100 nm: max|dA_si| = 2.54e-05  (R err 4.27e-05, A_par err 4.10e-05)  -> OK
[3D uniform slab @ res=120, cell=650 nm]
    band 400-700: max|dA_si| = 5.95e-02 (gate 8e-02)  -> OK
    band 700-950: max|dA_si| = 2.53e-03 (gate 2e-02)  -> OK
    band 950-1100: max|dA_si| = 2.35e-04 (gate 1e-02)  -> OK
  NOTE: skipping 48 previously QUARANTINED samples in this shard;
  inspect gpu_out_n8r60/quarantine and delete their files to force a re-solve.

shard 0/3: 395 samples to solve, one at a time on cuda
  [    1/395] sample   1887 (jitter  s=0.1) E=2.623   419.3s  ->  shard ETA 45.9 h
  [    2/395] sample   1890 (jitter  s=0.1) E=2.633   428.6s  ->  shard ETA 46.3 h
  [    3/395] sample   1893 (jitter  s=0.1) E=2.608   380.6s  ->  shard ETA 44.6 h
  [    4/395] sample   1896 (jitter  s=0.1) E=2.600   387.3s  ->  shard ETA 43.9 h
  [    5/395] sample   1899 (jitter  s=0.1) E=2.616   380.7s  ->  shard ETA 43.3 h
  [    6/395] sample   1902 (jitter  s=0.1) E=2.610   380.5s  ->  shard ETA 42.8 h
  [    7/395] sample   1905 (jitter  s=0.1) E=2.624   453.6s  ->  shard ETA 43.6 h
  [    8/395] sample   1908 (jitter  s=0.1) E=2.625   407.7s  ->  shard ETA 43.5 h
  [    9/395] sample   1911 (jitter  s=0.1) E=2.628   460.1s  ->  shard ETA 44.1 h
  [   10/395] sample   1914 (jitter  s=0.1) E=2.609   422.4s  ->  shard ETA 44.1 h
  [   11/395] sample   1917 (jitter  s=0.1) E=2.616   433.9s  ->  shard ETA 44.2 h
  [   12/395] sample   1920 (jitter  s=0.1) E=2.638   400.5s  ->  shard ETA 43.9 h
  [   13/395] sample   1923 (jitter  s=0.1) E=2.621   441.7s  ->  shard ETA 44.1 h
  [   14/395] sample   1926 (jitter  s=0.1) E=2.620   381.9s  ->  shard ETA 43.7 h
  [   15/395] sample   1929 (jitter  s=0.1) E=2.614   381.6s  ->  shard ETA 43.4 h
  [   16/395] sample   1932 (jitter  s=0.1) E=2.615   446.9s  ->  shard ETA 43.5 h
  [   17/395] sample   1935 (jitter  s=0.1) E=2.613   454.7s  ->  shard ETA 43.6 h
  [   18/395] sample   1938 (jitter  s=0.1) E=2.626   395.2s  ->  shard ETA 43.4 h
  [   19/395] sample   1941 (jitter  s=0.1) E=2.622   369.6s  ->  shard ETA 43.0 h
  [   20/395] sample   1944 (jitter  s=0.1) E=2.630   371.1s  ->  shard ETA 42.7 h
  [   21/395] sample   1947 (jitter  s=0.1) E=2.624   443.4s  ->  shard ETA 42.8 h
  [   22/395] sample   1950 (jitter  s=0.1) E=2.626   431.6s  ->  shard ETA 42.7 h
  [   23/395] sample   1953 (jitter  s=0.125) E=2.618   388.2s  ->  shard ETA 42.5 h
  [   24/395] sample   1956 (jitter  s=0.125) E=2.613   406.9s  ->  shard ETA 42.4 h
  [   25/395] sample   1959 (jitter  s=0.125) E=2.622   456.1s  ->  shard ETA 42.4 h
  [   26/395] sample   1962 (jitter  s=0.125) E=2.606   416.9s  ->  shard ETA 42.4 h
  [   27/395] sample   1965 (jitter  s=0.125) E=2.609   387.5s  ->  shard ETA 42.1 h
  [   28/395] sample   1968 (jitter  s=0.125) E=2.613   452.5s  ->  shard ETA 42.2 h
  [   29/395] sample   1971 (jitter  s=0.125) E=2.614   421.4s  ->  shard ETA 42.1 h
  [   30/395] sample   1974 (jitter  s=0.125) E=2.608   375.3s  ->  shard ETA 41.8 h
  [   31/395] sample   1977 (jitter  s=0.125) E=2.627   426.1s  ->  shard ETA 41.8 h
  [   32/395] sample   1980 (jitter  s=0.125) E=2.616   404.9s  ->  shard ETA 41.6 h
  [   33/395] sample   1983 (jitter  s=0.125) E=2.621   429.7s  ->  shard ETA 41.6 h
  [   34/395] sample   1986 (jitter  s=0.125) E=2.609   411.0s  ->  shard ETA 41.4 h
  [   35/395] sample   1989 (jitter  s=0.125) E=2.595   417.7s  ->  shard ETA 41.3 h
  [   36/395] sample   1992 (jitter  s=0.125) E=2.623   419.0s  ->  shard ETA 41.2 h
  [   37/395] sample   1995 (jitter  s=0.125) E=2.617   506.3s  ->  shard ETA 41.4 h
  [   38/395] sample   1998 (jitter  s=0.125) E=2.626   429.9s  ->  shard ETA 41.3 h
  [   39/395] sample   2001 (jitter  s=0.125) E=2.598   396.8s  ->  shard ETA 41.1 h
  [   40/395] sample   2004 (jitter  s=0.125) E=2.618   420.5s  ->  shard ETA 41.0 h
  [   41/395] sample   2007 (jitter  s=0.125) E=2.607   422.3s  ->  shard ETA 40.9 h
  [   42/395] sample   2010 (jitter  s=0.125) E=2.613   384.5s  ->  shard ETA 40.7 h
  [   43/395] sample   2013 (jitter  s=0.125) E=2.608   433.3s  ->  shard ETA 40.7 h
  [   44/395] sample   2016 (jitter  s=0.125) E=2.595   376.7s  ->  shard ETA 40.5 h
  [   45/395] sample   2019 (jitter  s=0.125) E=2.618   393.6s  ->  shard ETA 40.3 h
  [   46/395] sample   2022 (jitter  s=0.125) E=2.620   426.2s  ->  shard ETA 40.2 h
  [   47/395] sample   2025 (jitter  s=0.125) E=2.621   387.5s  ->  shard ETA 40.0 h
  [   48/395] sample   2028 (jitter  s=0.125) E=2.617   461.8s  ->  shard ETA 40.0 h
  [   49/395] sample   2031 (jitter  s=0.15) E=2.598   390.1s  ->  shard ETA 39.9 h
  [   50/395] sample   2034 (jitter  s=0.15) E=2.595   417.1s  ->  shard ETA 39.7 h
