[log] mirroring all output to gpu_out_n8r60/logs/dataset_shard1_20260722_210102.log
================================================================
DATASET GENERATION (GPU FDTD)  [mode=FULL  solver=torch-FDTD(GPU)  supercell=7x7 (a_super=4550 nm)  res=60/um  decay_tol=0.0003  cap=2500  grid=12/2.5 nm  stack=air/Si(300)/ZnO(80)/Ag  device=auto fp32]
grid: 2 classes x 10 sigmas x 75 seeds + 50 random + ordered
================================================================
[device] cuda

[pre-flight validation]
[Drude-Lorentz fit ledger  (per band, fit vs table)]
    si    400- 700 nm: max|dn|=1.41e-02  max|dk|=9.25e-03  (rel k err where k>1e-3: 7.35%)  -> OK
    si    700- 950 nm: max|dn|=1.53e-03  max|dk|=7.12e-04  (rel k err where k>1e-3: 8.43%)  -> OK
    si    950-1100 nm: max|dn|=3.12e-03  max|dk|=3.64e-04  (rel k err where k>1e-3: 32.49%)  -> OK
    zno   400- 700 nm: max|dn|=2.47e-05  max|dk|=3.94e-09  (rel k err where k>1e-3: 0.00%)  -> OK
    zno   700- 950 nm: max|dn|=4.08e-06  max|dk|=6.92e-10  (rel k err where k>1e-3: 0.00%)  -> OK
    zno   950-1100 nm: max|dn|=7.02e-06  max|dk|=4.41e-10  (rel k err where k>1e-3: 0.00%)  -> OK
    ag    400- 700 nm: max|dn|=1.09e-03  max|dk|=4.06e-03  (rel k err where k>1e-3: 0.17%)  -> OK
    ag    700- 950 nm: max|dn|=2.21e-03  max|dk|=4.65e-03  (rel k err where k>1e-3: 0.08%)  -> OK
    ag    950-1100 nm: max|dn|=2.71e-03  max|dk|=7.93e-03  (rel k err where k>1e-3: 0.10%)  -> OK
    LABEL GATE planar: eta(table)=0.13968  eta(fit)=0.13853  (-0.82%, gate 1%)   max|dA_si|=2.429e-02
    LABEL GATE trapping (L_eff=15um): eta(table)=0.69847  eta(fit)=0.69512  (-0.48%, gate 2.5%)
[pseudo-1D planar stack: torch-FDTD vs fitted-material TMM, res=500/um, device=cuda]
    band 400-700 nm: max|dA_si| = 4.51e-03  (R err 4.51e-03, A_par err 1.84e-04)  -> OK
    band 700-950 nm: max|dA_si| = 3.43e-04  (R err 3.63e-04, A_par err 2.74e-05)  -> OK
    band 950-1100 nm: max|dA_si| = 2.54e-05  (R err 4.27e-05, A_par err 4.10e-05)  -> OK
[3D uniform slab @ res=120, cell=650 nm]
    band 400-700: max|dA_si| = 5.95e-02 (gate 8e-02)  -> OK
    band 700-950: max|dA_si| = 2.53e-03 (gate 2e-02)  -> OK
    band 950-1100: max|dA_si| = 2.35e-04 (gate 1e-02)  -> OK
  NOTE: skipping 51 previously QUARANTINED samples in this shard;
  inspect gpu_out_n8r60/quarantine and delete their files to force a re-solve.

shard 1/3: 264 samples to solve, one at a time on cuda
  [    1/264] sample   2281 (jitter  s=0.3) E=2.571   634.8s  ->  shard ETA 46.4 h
  [    2/264] sample   2284 (jitter  s=0.3) E=2.577   654.1s  ->  shard ETA 46.9 h
  [    3/264] sample   2287 (jitter  s=0.3) E=2.579   620.4s  ->  shard ETA 46.1 h
  [    4/264] sample   2290 (jitter  s=0.3) E=2.587   657.1s  ->  shard ETA 46.3 h
  [    5/264] sample   2293 (jitter  s=0.3) E=2.588   540.8s  ->  shard ETA 44.7 h
  [    6/264] sample   2296 (jitter  s=0.3) E=2.563   666.4s  ->  shard ETA 45.1 h
  [    7/264] sample   2299 (jitter  s=0.3) E=2.582   688.4s  ->  shard ETA 45.5 h
  [    8/264] sample   2302 (jitter  s=0.3) E=2.561   585.4s  ->  shard ETA 44.9 h
  [    9/264] sample   2305 (jitter  s=0.3) E=2.562   561.5s  ->  shard ETA 44.2 h
  [   10/264] sample   2308 (jitter  s=0.3) E=2.558   618.3s  ->  shard ETA 43.9 h
  [   11/264] sample   2311 (jitter  s=0.3) E=2.569   569.1s  ->  shard ETA 43.4 h
  [   12/264] sample   2314 (jitter  s=0.3) E=2.579   566.1s  ->  shard ETA 43.0 h
  [   13/264] sample   2317 (jitter  s=0.3) E=2.568   569.0s  ->  shard ETA 42.5 h
  [   14/264] sample   2320 (jitter  s=0.3) E=2.565   566.7s  ->  shard ETA 42.2 h
  [   15/264] sample   2323 (jitter  s=0.3) E=2.571   599.5s  ->  shard ETA 42.0 h
  [   16/264] sample   2326 (jitter  s=0.3) E=2.564   602.3s  ->  shard ETA 41.8 h
  [   17/264] sample   2329 (jitter  s=0.3) E=2.562   634.6s  ->  shard ETA 41.7 h
  [   18/264] sample   2332 (jitter  s=0.3) E=2.569   594.3s  ->  shard ETA 41.5 h
  [   19/264] sample   2335 (jitter  s=0.3) E=2.578   502.9s  ->  shard ETA 41.0 h
  [   20/264] sample   2338 (jitter  s=0.3) E=2.566   484.0s  ->  shard ETA 40.4 h
  [   21/264] sample   2341 (jitter  s=0.3) E=2.575   487.0s  ->  shard ETA 39.9 h
  [   22/264] sample   2344 (jitter  s=0.3) E=2.559   439.8s  ->  shard ETA 39.2 h
  [   23/264] sample   2347 (jitter  s=0.3) E=2.568   522.9s  ->  shard ETA 38.9 h
  [   24/264] sample   2350 (jitter  s=0.3) E=2.567   466.9s  ->  shard ETA 38.4 h
    QUARANTINED sample 2431 (radius, sigma=0.04): A_si out of [0,1]: [0.0441,1.13e+09]
  [   25/264] sample   2431 (radius  s=0.04) E=3.794  1227.1s  ->  shard ETA 40.0 h
    QUARANTINED sample 2434 (radius, sigma=0.04): A_si out of [0,1]: [0.044,4.9e+06]
  [   26/264] sample   2434 (radius  s=0.04) E=3.784  1227.6s  ->  shard ETA 41.4 h
    QUARANTINED sample 2437 (radius, sigma=0.04): A_si out of [0,1]: [0.0447,5.26e+08]
  [   27/264] sample   2437 (radius  s=0.04) E=3.784  1228.8s  ->  shard ETA 42.7 h
    QUARANTINED sample 2440 (radius, sigma=0.04): A_si out of [0,1]: [0.045,7.54e+06]
  [   28/264] sample   2440 (radius  s=0.04) E=3.788  1218.4s  ->  shard ETA 43.9 h
    QUARANTINED sample 2443 (radius, sigma=0.04): A_si out of [0,1]: [0.0483,5.92e+05]
  [   29/264] sample   2443 (radius  s=0.04) E=3.795   875.0s  ->  shard ETA 44.1 h
  [   30/264] sample   2446 (radius  s=0.04) E=2.491   786.6s  ->  shard ETA 44.2 h
    QUARANTINED sample 2449 (radius, sigma=0.04): A_si out of [0,1]: [0.0445,1.27e+07]
  [   31/264] sample   2449 (radius  s=0.04) E=3.778  1228.0s  ->  shard ETA 45.2 h
    QUARANTINED sample 2452 (radius, sigma=0.04): A_si out of [0,1]: [0.0439,4.47e+07]
  [   32/264] sample   2452 (radius  s=0.04) E=3.782  1234.9s  ->  shard ETA 46.0 h
  [   33/264] sample   2455 (radius  s=0.04) E=2.511   497.8s  ->  shard ETA 45.4 h
    QUARANTINED sample 2458 (radius, sigma=0.04): A_si out of [0,1]: [0.0421,1.07e+08]
  [   34/264] sample   2458 (radius  s=0.04) E=3.779  1239.4s  ->  shard ETA 46.2 h
    QUARANTINED sample 2461 (radius, sigma=0.04): A_si out of [0,1]: [0.0442,1.66e+06]
  [   35/264] sample   2461 (radius  s=0.04) E=3.782  1292.5s  ->  shard ETA 47.1 h
    QUARANTINED sample 2464 (radius, sigma=0.04): A_si out of [0,1]: [0.045,8.87e+06]
  [   36/264] sample   2464 (radius  s=0.04) E=3.801  1225.7s  ->  shard ETA 47.7 h
    QUARANTINED sample 2467 (radius, sigma=0.04): A_si out of [0,1]: [0.044,1.27e+05]
  [   37/264] sample   2467 (radius  s=0.04) E=3.322  1032.1s  ->  shard ETA 48.0 h
    QUARANTINED sample 2470 (radius, sigma=0.04): A_si out of [0,1]: [0.0439,7.35e+06]
  [   38/264] sample   2470 (radius  s=0.04) E=3.786  1233.8s  ->  shard ETA 48.5 h
    QUARANTINED sample 2473 (radius, sigma=0.04): A_si out of [0,1]: [0.043,1.59e+08]
  [   39/264] sample   2473 (radius  s=0.04) E=3.774  1262.1s  ->  shard ETA 49.1 h
    QUARANTINED sample 2476 (radius, sigma=0.04): A_si out of [0,1]: [0.0444,1.76e+07]
  [   40/264] sample   2476 (radius  s=0.04) E=3.783   927.8s  ->  shard ETA 49.1 h
    QUARANTINED sample 2479 (radius, sigma=0.04): A_si out of [0,1]: [0.0446,4.58e+05]
  [   41/264] sample   2479 (radius  s=0.04) E=3.583  1229.9s  ->  shard ETA 49.6 h
  [   42/264] sample   2482 (radius  s=0.04) E=2.499   651.3s  ->  shard ETA 49.1 h
    QUARANTINED sample 2485 (radius, sigma=0.04): A_si out of [0,1]: [0.045,1.56e+07]
  [   43/264] sample   2485 (radius  s=0.04) E=3.799   873.0s  ->  shard ETA 49.0 h
    QUARANTINED sample 2488 (radius, sigma=0.04): A_si out of [0,1]: [0.046,1.98e+06]
  [   44/264] sample   2488 (radius  s=0.04) E=3.788   913.4s  ->  shard ETA 48.9 h
    QUARANTINED sample 2491 (radius, sigma=0.04): A_si out of [0,1]: [0.0443,1.49e+07]
  [   45/264] sample   2491 (radius  s=0.04) E=3.777   893.0s  ->  shard ETA 48.8 h
    QUARANTINED sample 2494 (radius, sigma=0.04): A_si out of [0,1]: [0.0448,4.02e+08]
  [   46/264] sample   2494 (radius  s=0.04) E=3.800  1212.2s  ->  shard ETA 49.2 h
    QUARANTINED sample 2497 (radius, sigma=0.04): A_si out of [0,1]: [0.0445,3.28e+07]
  [   47/264] sample   2497 (radius  s=0.04) E=3.782   933.5s  ->  shard ETA 49.1 h
    QUARANTINED sample 2500 (radius, sigma=0.04): A_si out of [0,1]: [0.0458,1.53e+05]
  [   48/264] sample   2500 (radius  s=0.04) E=3.393   890.0s  ->  shard ETA 49.0 h
  [   49/264] sample   2503 (radius  s=0.04) E=2.513   552.1s  ->  shard ETA 48.4 h
    QUARANTINED sample 2506 (radius, sigma=0.04): A_si out of [0,1]: [-0.00148,2.76e+04]
  [   50/264] sample   2506 (radius  s=0.04) E=2.979   916.9s  ->  shard ETA 48.3 h
    QUARANTINED sample 2509 (radius, sigma=0.04): A_si out of [0,1]: [0.0282,2.98e+04]
  [   51/264] sample   2509 (radius  s=0.04) E=3.127   920.5s  ->  shard ETA 48.2 h
    QUARANTINED sample 2512 (radius, sigma=0.06): A_si out of [0,1]: [0.0474,6.51e+05]
  [   52/264] sample   2512 (radius  s=0.06) E=3.818   849.9s  ->  shard ETA 48.0 h
    QUARANTINED sample 2515 (radius, sigma=0.06): A_si out of [0,1]: [0.0146,1.97e+04]
  [   53/264] sample   2515 (radius  s=0.06) E=2.979   890.1s  ->  shard ETA 47.9 h
    QUARANTINED sample 2518 (radius, sigma=0.06): A_si out of [0,1]: [-0.000804,5.06e+03]
  [   54/264] sample   2518 (radius  s=0.06) E=2.827   918.4s  ->  shard ETA 47.8 h
    QUARANTINED sample 2521 (radius, sigma=0.06): A_si out of [0,1]: [0.0459,5e+06]
  [   55/264] sample   2521 (radius  s=0.06) E=3.813  1267.4s  ->  shard ETA 48.0 h
  [   56/264] sample   2524 (radius  s=0.06) E=2.553   503.1s  ->  shard ETA 47.4 h
  [   57/264] sample   2527 (radius  s=0.06) E=2.541   546.3s  ->  shard ETA 46.9 h
  [   58/264] sample   2530 (radius  s=0.06) E=2.523   520.3s  ->  shard ETA 46.4 h
  [   59/264] sample   2533 (radius  s=0.06) E=2.528   503.4s  ->  shard ETA 45.9 h
  [   60/264] sample   2536 (radius  s=0.06) E=2.540   633.5s  ->  shard ETA 45.5 h
    QUARANTINED sample 2539 (radius, sigma=0.06): A_si out of [0,1]: [0.0472,4.79e+06]
  [   61/264] sample   2539 (radius  s=0.06) E=3.810  1298.5s  ->  shard ETA 45.8 h
    QUARANTINED sample 2542 (radius, sigma=0.06): A_si out of [0,1]: [0.0472,3.38e+05]
  [   62/264] sample   2542 (radius  s=0.06) E=3.680   965.5s  ->  shard ETA 45.7 h
    QUARANTINED sample 2545 (radius, sigma=0.06): A_si out of [0,1]: [0.0112,1.91e+04]
  [   63/264] sample   2545 (radius  s=0.06) E=2.956  1212.9s  ->  shard ETA 45.8 h
    QUARANTINED sample 2548 (radius, sigma=0.06): A_si out of [0,1]: [0.0463,9.18e+06]
  [   64/264] sample   2548 (radius  s=0.06) E=3.804   895.6s  ->  shard ETA 45.6 h
  [   65/264] sample   2551 (radius  s=0.06) E=2.531   608.2s  ->  shard ETA 45.2 h
  [   66/264] sample   2554 (radius  s=0.06) E=2.529   517.3s  ->  shard ETA 44.7 h
    QUARANTINED sample 2557 (radius, sigma=0.06): A_si out of [0,1]: [0.0472,3.69e+05]
  [   67/264] sample   2557 (radius  s=0.06) E=3.696  1217.6s  ->  shard ETA 44.8 h
    QUARANTINED sample 2560 (radius, sigma=0.06): A_si out of [0,1]: [-0.0617,4.14e+03]
  [   68/264] sample   2560 (radius  s=0.06) E=2.808   879.5s  ->  shard ETA 44.7 h
  [   69/264] sample   2563 (radius  s=0.06) E=2.507   557.6s  ->  shard ETA 44.2 h
    QUARANTINED sample 2566 (radius, sigma=0.06): A_si out of [0,1]: [0.0471,4.16e+05]
  [   70/264] sample   2566 (radius  s=0.06) E=3.498  1279.1s  ->  shard ETA 44.4 h
  [   71/264] sample   2569 (radius  s=0.06) E=2.530   577.4s  ->  shard ETA 43.9 h
    QUARANTINED sample 2572 (radius, sigma=0.06): A_si out of [0,1]: [0.0157,1.67e+04]
  [   72/264] sample   2572 (radius  s=0.06) E=2.999   892.2s  ->  shard ETA 43.8 h
    QUARANTINED sample 2575 (radius, sigma=0.06): A_si out of [0,1]: [-0.00238,246]
  [   73/264] sample   2575 (radius  s=0.06) E=2.716   949.0s  ->  shard ETA 43.6 h
  [   74/264] sample   2578 (radius  s=0.06) E=2.550   532.4s  ->  shard ETA 43.2 h
    QUARANTINED sample 2581 (radius, sigma=0.06): A_si out of [0,1]: [0.00538,4.58e+03]
  [   75/264] sample   2581 (radius  s=0.06) E=2.851   856.8s  ->  shard ETA 43.0 h
    QUARANTINED sample 2584 (radius, sigma=0.06): A_si out of [0,1]: [0.0523,3.4e+04]
  [   76/264] sample   2584 (radius  s=0.06) E=3.122   909.9s  ->  shard ETA 42.8 h
    QUARANTINED sample 2587 (radius, sigma=0.06): A_si out of [0,1]: [0.0473,4.17e+05]
  [   77/264] sample   2587 (radius  s=0.06) E=3.583   965.3s  ->  shard ETA 42.7 h
    QUARANTINED sample 2590 (radius, sigma=0.06): A_si out of [0,1]: [-0.0663,1.28e+04]
  [   78/264] sample   2590 (radius  s=0.06) E=2.870  1267.6s  ->  shard ETA 42.8 h
