[log] mirroring all output to gpu_out_n8r60/logs/dataset_shard1_20260724_172109.log
================================================================
DATASET GENERATION (GPU FDTD)  [mode=FULL  solver=torch-FDTD(GPU)  supercell=7x7 (a_super=4550 nm)  res=60/um  decay_tol=0.0003  cap=2500  grid=12/2.5 nm  stack=air/Si(300)/ZnO(80)/Ag  device=auto fp32]
grid: 2 classes x 10 sigmas x 75 seeds + 50 random + ordered
================================================================
[device] cuda

[pre-flight validation]
[Drude-Lorentz fit ledger  (per band, fit vs table)]
    si    400- 700 nm: max|dn|=1.41e-02  max|dk|=9.25e-03  (rel k err where k>1e-3: 7.35%)  -> OK
    si    700- 950 nm: max|dn|=1.53e-03  max|dk|=7.12e-04  (rel k err where k>1e-3: 8.43%)  -> OK
    si    950-1100 nm: max|dn|=3.12e-03  max|dk|=3.64e-04  (rel k err where k>1e-3: 32.49%)  -> OK
    zno   400- 700 nm: max|dn|=2.47e-05  max|dk|=3.94e-09  (rel k err where k>1e-3: 0.00%)  -> OK
    zno   700- 950 nm: max|dn|=4.08e-06  max|dk|=6.92e-10  (rel k err where k>1e-3: 0.00%)  -> OK
    zno   950-1100 nm: max|dn|=7.02e-06  max|dk|=4.41e-10  (rel k err where k>1e-3: 0.00%)  -> OK
    ag    400- 700 nm: max|dn|=1.09e-03  max|dk|=4.06e-03  (rel k err where k>1e-3: 0.17%)  -> OK
    ag    700- 950 nm: max|dn|=2.21e-03  max|dk|=4.65e-03  (rel k err where k>1e-3: 0.08%)  -> OK
    ag    950-1100 nm: max|dn|=2.71e-03  max|dk|=7.93e-03  (rel k err where k>1e-3: 0.10%)  -> OK
    LABEL GATE planar: eta(table)=0.13968  eta(fit)=0.13853  (-0.82%, gate 1%)   max|dA_si|=2.429e-02
    LABEL GATE trapping (L_eff=15um): eta(table)=0.69847  eta(fit)=0.69512  (-0.48%, gate 2.5%)
[pseudo-1D planar stack: torch-FDTD vs fitted-material TMM, res=500/um, device=cuda]
    band 400-700 nm: max|dA_si| = 4.51e-03  (R err 4.51e-03, A_par err 1.84e-04)  -> OK
    band 700-950 nm: max|dA_si| = 3.43e-04  (R err 3.63e-04, A_par err 2.74e-05)  -> OK
    band 950-1100 nm: max|dA_si| = 2.54e-05  (R err 4.27e-05, A_par err 4.10e-05)  -> OK
[3D uniform slab @ res=120, cell=650 nm]
    band 400-700: max|dA_si| = 5.95e-02 (gate 8e-02)  -> OK
    band 700-950: max|dA_si| = 2.53e-03 (gate 2e-02)  -> OK
    band 950-1100: max|dA_si| = 2.35e-04 (gate 1e-02)  -> OK
  NOTE: skipping 94 previously QUARANTINED samples in this shard;
  inspect gpu_out_n8r60/quarantine and delete their files to force a re-solve.

shard 1/3: 19 samples to solve, one at a time on cuda
  [    1/19] sample   3094 (radius  s=0.3) E=2.577   581.7s  ->  shard ETA 2.9 h
  [    2/19] sample   3097 (radius  s=0.3) E=2.556   565.0s  ->  shard ETA 2.7 h
  [    3/19] sample   3100 (radius  s=0.3) E=2.572   572.6s  ->  shard ETA 2.5 h
  [    4/19] sample   3103 (radius  s=0.3) E=2.577   612.9s  ->  shard ETA 2.4 h
  [    5/19] sample   3106 (radius  s=0.3) E=2.543   592.6s  ->  shard ETA 2.3 h
  [    6/19] sample   3109 (radius  s=0.3) E=2.578   642.8s  ->  shard ETA 2.1 h
  [    7/19] sample   3112 (radius  s=0.3) E=2.591   528.3s  ->  shard ETA 2.0 h
  [    8/19] sample   3115 (radius  s=0.3) E=2.560   596.4s  ->  shard ETA 1.8 h
  [    9/19] sample   3118 (radius  s=0.3) E=2.557   676.4s  ->  shard ETA 1.7 h
  [   10/19] sample   3121 (radius  s=0.3) E=2.549   615.5s  ->  shard ETA 1.5 h
  [   11/19] sample   3124 (radius  s=0.3) E=2.575   610.2s  ->  shard ETA 1.3 h
  [   12/19] sample   3127 (radius  s=0.3) E=2.579   554.6s  ->  shard ETA 1.2 h
  [   13/19] sample   3130 (radius  s=0.3) E=2.556   548.1s  ->  shard ETA 1.0 h
  [   14/19] sample   3133 (radius  s=0.3) E=2.591   562.2s  ->  shard ETA 0.8 h
  [   15/19] sample   3136 (radius  s=0.3) E=2.589   533.6s  ->  shard ETA 0.7 h
  [   16/19] sample   3139 (radius  s=0.3) E=2.559   629.6s  ->  shard ETA 0.5 h
  [   17/19] sample   3142 (radius  s=0.3) E=2.530   640.5s  ->  shard ETA 0.3 h
  [   18/19] sample   3145 (radius  s=0.3) E=2.568   628.4s  ->  shard ETA 0.2 h
  [   19/19] sample   3148 (radius  s=0.3) E=2.575   497.0s  ->  shard ETA 0.0 h
shard complete.
