[log] mirroring all output to gpu_out_n8r60/logs/dataset_shard1_20260721_192915.log
================================================================
DATASET GENERATION (GPU FDTD)  [mode=FULL  solver=torch-FDTD(GPU)  supercell=7x7 (a_super=4550 nm)  res=60/um  decay_tol=0.0003  cap=2500  grid=12/2.5 nm  stack=air/Si(300)/ZnO(80)/Ag  device=auto fp32]
grid: 2 classes x 10 sigmas x 75 seeds + 50 random + ordered
================================================================
[device] cuda

[pre-flight validation]
[Drude-Lorentz fit ledger  (per band, fit vs table)]
    si    400- 700 nm: max|dn|=1.41e-02  max|dk|=9.25e-03  (rel k err where k>1e-3: 7.35%)  -> OK
    si    700- 950 nm: max|dn|=1.53e-03  max|dk|=7.12e-04  (rel k err where k>1e-3: 8.43%)  -> OK
    si    950-1100 nm: max|dn|=3.12e-03  max|dk|=3.64e-04  (rel k err where k>1e-3: 32.49%)  -> OK
    zno   400- 700 nm: max|dn|=2.47e-05  max|dk|=3.94e-09  (rel k err where k>1e-3: 0.00%)  -> OK
    zno   700- 950 nm: max|dn|=4.08e-06  max|dk|=6.92e-10  (rel k err where k>1e-3: 0.00%)  -> OK
    zno   950-1100 nm: max|dn|=7.02e-06  max|dk|=4.41e-10  (rel k err where k>1e-3: 0.00%)  -> OK
    ag    400- 700 nm: max|dn|=1.09e-03  max|dk|=4.06e-03  (rel k err where k>1e-3: 0.17%)  -> OK
    ag    700- 950 nm: max|dn|=2.21e-03  max|dk|=4.65e-03  (rel k err where k>1e-3: 0.08%)  -> OK
    ag    950-1100 nm: max|dn|=2.71e-03  max|dk|=7.93e-03  (rel k err where k>1e-3: 0.10%)  -> OK
    LABEL GATE planar: eta(table)=0.13968  eta(fit)=0.13853  (-0.82%, gate 1%)   max|dA_si|=2.429e-02
    LABEL GATE trapping (L_eff=15um): eta(table)=0.69847  eta(fit)=0.69512  (-0.48%, gate 2.5%)
[pseudo-1D planar stack: torch-FDTD vs fitted-material TMM, res=500/um, device=cuda]
    band 400-700 nm: max|dA_si| = 4.51e-03  (R err 4.51e-03, A_par err 1.84e-04)  -> OK
    band 700-950 nm: max|dA_si| = 3.43e-04  (R err 3.63e-04, A_par err 2.74e-05)  -> OK
    band 950-1100 nm: max|dA_si| = 2.54e-05  (R err 4.27e-05, A_par err 4.10e-05)  -> OK
[3D uniform slab @ res=120, cell=650 nm]
    band 400-700: max|dA_si| = 5.95e-02 (gate 8e-02)  -> OK
    band 700-950: max|dA_si| = 2.53e-03 (gate 2e-02)  -> OK
    band 950-1100: max|dA_si| = 2.35e-04 (gate 1e-02)  -> OK
  NOTE: skipping 50 previously QUARANTINED samples in this shard;
  inspect gpu_out_n8r60/quarantine and delete their files to force a re-solve.

shard 1/3: 339 samples to solve, one at a time on cuda
  [    1/339] sample   2056 (jitter  s=0.15) E=2.602   935.3s  ->  shard ETA 87.8 h
  [    2/339] sample   2059 (jitter  s=0.15) E=2.594  1018.7s  ->  shard ETA 91.5 h
  [    3/339] sample   2062 (jitter  s=0.15) E=2.593   980.9s  ->  shard ETA 91.3 h
  [    4/339] sample   2065 (jitter  s=0.15) E=2.606   987.2s  ->  shard ETA 91.3 h
  [    5/339] sample   2068 (jitter  s=0.15) E=2.600   875.1s  ->  shard ETA 89.0 h
  [    6/339] sample   2071 (jitter  s=0.15) E=2.606   869.6s  ->  shard ETA 87.4 h
  [    7/339] sample   2074 (jitter  s=0.15) E=2.599  1002.5s  ->  shard ETA 87.9 h
  [    8/339] sample   2077 (jitter  s=0.15) E=2.607   994.8s  ->  shard ETA 88.1 h
  [    9/339] sample   2080 (jitter  s=0.15) E=2.615  1016.7s  ->  shard ETA 88.4 h
  [   10/339] sample   2083 (jitter  s=0.15) E=2.599  1008.0s  ->  shard ETA 88.6 h
  [   11/339] sample   2086 (jitter  s=0.15) E=2.611   898.6s  ->  shard ETA 87.7 h
  [   12/339] sample   2089 (jitter  s=0.15) E=2.595   867.8s  ->  shard ETA 86.7 h
  [   13/339] sample   2092 (jitter  s=0.15) E=2.596  1035.9s  ->  shard ETA 87.0 h
  [   14/339] sample   2095 (jitter  s=0.15) E=2.618   892.2s  ->  shard ETA 86.3 h
  [   15/339] sample   2098 (jitter  s=0.15) E=2.614  1072.4s  ->  shard ETA 86.7 h
  [   16/339] sample   2101 (jitter  s=0.15) E=2.609   998.1s  ->  shard ETA 86.7 h
  [   17/339] sample   2104 (jitter  s=0.15) E=2.609  1016.8s  ->  shard ETA 86.7 h
  [   18/339] sample   2107 (jitter  s=0.15) E=2.615   883.7s  ->  shard ETA 86.0 h
Traceback (most recent call last):
  File "/project/rise-batteries/Photonics_RISE/scripts/FDTD_GPU_test/run_dataset.py", line 833, in <module>
    main()
    ~~~~^^
  File "/project/rise-batteries/Photonics_RISE/scripts/FDTD_GPU_test/run_dataset.py", line 828, in main
    {"generate": cmd_generate, "plan": cmd_plan,
    ~~~~~~~~~~~~~~~~~~~~~~~~~~~~~~~~~~~~~~~~~~~~
     "analyze": cmd_analyze, "verify": cmd_verify}[cmd](args)
     ~~~~~~~~~~~~~~~~~~~~~~~~~~~~~~~~~~~~~~~~~~~~~~~~~~^^^^^^
  File "/project/rise-batteries/Photonics_RISE/scripts/FDTD_GPU_test/run_dataset.py", line 298, in cmd_generate
    A_si, A_par, info = solve_one(rec, wl, device)
                        ~~~~~~~~~^^^^^^^^^^^^^^^^^
  File "/project/rise-batteries/Photonics_RISE/scripts/FDTD_GPU_test/run_dataset.py", line 210, in solve_one
    return broadband_absorption_many(
        [holes], rec.get("a_super_nm", C.A_SUPER_NM), C.THICKNESS_NM, wl,
        m["fits"], C.BUFFER_NM, resolution or C.RESOLUTION,
        decay_tol or C.DECAY_TOL, max_time or C.MAX_TIME, NORM_DIR,
        device=device, n_cells_tag=f"sc{C.N_CELLS}")
  File "/project/rise-batteries/Photonics_RISE/scripts/FDTD_GPU_test/fdtd_torch.py", line 945, in broadband_absorption_many
    Rb, Ab, dt_s, cap, ns = run_single(
                            ~~~~~~~~~~^
        holes_list[g], a_super_nm, thickness_nm, buffer_nm, resolution,
        ^^^^^^^^^^^^^^^^^^^^^^^^^^^^^^^^^^^^^^^^^^^^^^^^^^^^^^^^^^^^^^^
        b, p, wl[idx], fits, norm_dir, device, bits, decay_tol,
        ^^^^^^^^^^^^^^^^^^^^^^^^^^^^^^^^^^^^^^^^^^^^^^^^^^^^^^^
        max_time, n_cells_tag)
        ^^^^^^^^^^^^^^^^^^^^^^
  File "/project/rise-batteries/Photonics_RISE/scripts/FDTD_GPU_test/fdtd_torch.py", line 877, in run_single
    res = sim.run(decay_tol=decay_tol, max_time=max_time)
  File "/project/rise-batteries/Photonics_RISE/scripts/FDTD_GPU_test/fdtd_torch.py", line 749, in run
    self._step(n)
    ~~~~~~~~~~^^^
  File "/project/rise-batteries/Photonics_RISE/scripts/FDTD_GPU_test/fdtd_torch.py", line 715, in _step
    (self._core_e_c or self._core_e)(self._g)
    ~~~~~~~~~~~~~~~~~~~~~~~~~~~~~~~~^^^^^^^^^
  File "/project/rise-batteries/photonics-fdtd/lib/python3.13/site-packages/torch/_dynamo/eval_frame.py", line 1166, in compile_wrapper
    result = fn(*args, **kwargs)
  File "/project/rise-batteries/Photonics_RISE/scripts/FDTD_GPU_test/fdtd_torch.py", line 654, in _core_e
    def _core_e(self, g):
  File "/project/rise-batteries/photonics-fdtd/lib/python3.13/site-packages/torch/_dynamo/eval_frame.py", line 1446, in _fn
    return fn(*args, **kwargs)
  File "/project/rise-batteries/photonics-fdtd/lib/python3.13/site-packages/torch/_functorch/aot_autograd.py", line 1277, in forward
    return compiled_fn(full_args)
  File "/project/rise-batteries/photonics-fdtd/lib/python3.13/site-packages/torch/_functorch/_aot_autograd/runtime_wrappers.py", line 1141, in runtime_wrapper
    result = _codegen_runtime_wrapper(
        _inner_compiled_fn,
    ...<2 lines>...
        args,
    )
  File "/project/rise-batteries/photonics-fdtd/lib/python3.13/site-packages/torch/_functorch/_aot_autograd/subclass_codegen.py:codegen(runtime_wrapper_orchestration)", line 9, in _runtime_wrapper
  File "/project/rise-batteries/photonics-fdtd/lib/python3.13/site-packages/torch/_functorch/_aot_autograd/runtime_wrappers.py", line 2548, in __call__
    return self.compiled_fn(*args, **kwargs)
           ~~~~~~~~~~~~~~~~^^^^^^^^^^^^^^^^^
  File "/project/rise-batteries/photonics-fdtd/lib/python3.13/site-packages/torch/_inductor/output_code.py", line 763, in __call__
    return self.current_callable(inputs)
           ~~~~~~~~~~~~~~~~~~~~~^^^^^^^^
  File "/project/rise-batteries/photonics-fdtd/lib/python3.13/site-packages/torch/_inductor/utils.py", line 3835, in run
    out = model(new_inputs)
  File "/scratch/6806239.1.l40s/torchinductor_taikis/3u/c3u65sd6wvz7mhnrczvogknqmaxfvdsqhpc66npmgm6eigmmtste.py", line 1590, in call
    triton_red_fused__to_copy_add_mul_slice_sub_sum_4.run(arg30_1, arg27_1, arg31_1, arg32_1, arg33_1, arg25_1, arg28_1, arg29_1, buf3, buf4, 1416051, s34, stream=raw_stream0)
    ~~~~~~~~~~~~~~~~~~~~~~~~~~~~~~~~~~~~~~~~~~~~~~~~~~~~~^^^^^^^^^^^^^^^^^^^^^^^^^^^^^^^^^^^^^^^^^^^^^^^^^^^^^^^^^^^^^^^^^^^^^^^^^^^^^^^^^^^^^^^^^^^^^^^^^^^^^^^^^^^^^^^^^^^^^^
  File "/project/rise-batteries/photonics-fdtd/lib/python3.13/site-packages/torch/_inductor/runtime/triton_heuristics.py", line 2086, in run
    return fast(*args, stream=stream)
  File "<string>", line 5, in launcher
KeyboardInterrupt
Exception ignored in atexit callback <function shutdown_compile_workers at 0x153bceaf8220>:
Traceback (most recent call last):
  File "/project/rise-batteries/photonics-fdtd/lib/python3.13/site-packages/torch/_inductor/async_compile.py", line 179, in shutdown_compile_workers
    pool.shutdown()
  File "/project/rise-batteries/photonics-fdtd/lib/python3.13/site-packages/torch/_inductor/compile_worker/subproc_pool.py", line 342, in shutdown
    self.process.wait(300)
  File "/project/rise-batteries/photonics-fdtd/lib/python3.13/subprocess.py", line 1280, in wait
    return self._wait(timeout=timeout)
  File "/project/rise-batteries/photonics-fdtd/lib/python3.13/subprocess.py", line 2079, in _wait
    time.sleep(delay)
KeyboardInterrupt: 
