[log] mirroring all output to runs/inverse_v2/jitter_s015/logs/verify_candidates_20260805_014337.log
[verify] 20 candidates, jitter sigma=0.15, bank=/project/rise-batteries/Photonics_RISE/scripts/FDTD_solver/data_production, device=cuda
[verify] numerics: campaign wl grid, decay_tol=0.0003, cap=2500 (res60) -- identical to the bank
[verify] gates: floor 0.30 % (Test 9, res-120 referee); elite rung res 120
[bank cell] n=155  mean=2.6036  p95=2.6193  max=2.6283

============================================================================
VERIFICATION TABLE (res 60 -- same numerics as the bank)
============================================================================
  candidate        method     pred E  true E60 pred-true gain vs cell mean  verdict
  candidate_0002   cmaes      2.6411    2.6675   -0.0264            +2.46%  CLAIMABLE
  candidate_0012   gradient   2.6386    2.6670   -0.0284            +2.43%  CLAIMABLE
  candidate_0014   gradient   2.6384    2.6562   -0.0178            +2.02%  CLAIMABLE
  candidate_0008   cmaes      2.6392    2.6556   -0.0164            +2.00%  CLAIMABLE
  candidate_0004   cmaes      2.6407    2.6552   -0.0144            +1.98%  CLAIMABLE
  candidate_0019   gradient   2.6371    2.6543   -0.0172            +1.95%  CLAIMABLE
  candidate_0010   gradient   2.6391    2.6508   -0.0117            +1.81%  CLAIMABLE
  candidate_0016   cmaes      2.6383    2.6485   -0.0102            +1.73%  CLAIMABLE
  candidate_0009   cmaes      2.6392    2.6485   -0.0093            +1.72%  CLAIMABLE
  candidate_0013   gradient   2.6385    2.6473   -0.0088            +1.68%  CLAIMABLE
  candidate_0018   gradient   2.6377    2.6472   -0.0095            +1.68%  CLAIMABLE
  candidate_0000   cmaes      2.6417    2.6462   -0.0045            +1.64%  CLAIMABLE
  candidate_0006   cmaes      2.6401    2.6459   -0.0058            +1.62%  CLAIMABLE
  candidate_0003   cmaes      2.6410    2.6449   -0.0039            +1.59%  CLAIMABLE
  candidate_0001   cmaes      2.6411    2.6449   -0.0038            +1.59%  CLAIMABLE
  candidate_0015   gradient   2.6384    2.6436   -0.0052            +1.54%  CLAIMABLE
  candidate_0017   gradient   2.6380    2.6365   +0.0015            +1.26%  CLAIMABLE
  candidate_0005   cmaes      2.6405    2.6329   +0.0075            +1.13%  CLAIMABLE
  candidate_0007   cmaes      2.6397    2.6311   +0.0085            +1.06%  CLAIMABLE
  candidate_0011   cmaes      2.6387    2.6200   +0.0187            +0.63%  CLAIMABLE

  surrogate bias on champions (pred - true): -0.0078 (-0.30 %)  <- winner's-curse check
  rank agreement Spearman(pred, true): -0.071  (n=20)

  CHAMPION: candidate_0002  true E60 = 2.6675
    vs cell mean 2.6036: +2.46 % (floor 0.30 %)
    vs cell p95  2.6193: +1.84 %
    vs cell MAX  2.6283: +1.49 %  <- beats every random draw in the bank?
    candidates above the banked max: 19/20

============================================================================
ELITE VERIFICATION (res 120)
============================================================================
[solve] candidate_0002 @ res 120  (~117 min)...
        E(res120) = 2.6111   (3588s)

  layout                      E60      E120  shift %
  candidate_0002           2.6675    2.6111    -2.12

[out] verification.csv + verdict JSON -> runs/inverse_v2/jitter_s015
[out] 20 bank-schema records -> runs/inverse_v2/jitter_s015/verified_samples (active learning; sample_id 900000+)
