[log] mirroring all output to /project/rise-batteries/Photonics_RISE/runs/ablation/random_baseline/jitter_s008/logs/verify_candidates_20260804_141355.log
[verify] 20 candidates, jitter sigma=0.08, bank=/project/rise-batteries/Photonics_RISE/scripts/FDTD_solver/data_production, device=cuda
[verify] numerics: campaign wl grid, decay_tol=0.0003, cap=2500 (res60) -- identical to the bank
[verify] gates: floor 0.30 % (Test 9, res-120 referee); elite rung res 120
[bank cell] n=155  mean=2.6239  p95=2.6375  max=2.6449
[solve] candidate_0000 @ res 60  (~7 min)...
        E(res60) = 2.6244   (222s)
[solve] candidate_0001 @ res 60  (~7 min)...
        E(res60) = 2.6256   (217s)
[solve] candidate_0002 @ res 60  (~7 min)...
        E(res60) = 2.6138   (221s)
[solve] candidate_0003 @ res 60  (~7 min)...
        E(res60) = 2.6034   (202s)
[solve] candidate_0004 @ res 60  (~7 min)...
        E(res60) = 2.6250   (225s)
[solve] candidate_0005 @ res 60  (~7 min)...
        E(res60) = 2.6306   (225s)
[solve] candidate_0006 @ res 60  (~7 min)...
        E(res60) = 2.6244   (234s)
[solve] candidate_0007 @ res 60  (~7 min)...
        E(res60) = 2.6183   (235s)
[solve] candidate_0008 @ res 60  (~7 min)...
        E(res60) = 2.6146   (221s)
[solve] candidate_0009 @ res 60  (~7 min)...
        E(res60) = 2.6170   (220s)
[solve] candidate_0010 @ res 60  (~7 min)...
        E(res60) = 2.6317   (228s)
[solve] candidate_0011 @ res 60  (~7 min)...
        E(res60) = 2.6341   (234s)
[solve] candidate_0012 @ res 60  (~7 min)...
        E(res60) = 2.6233   (232s)
[solve] candidate_0013 @ res 60  (~7 min)...
        E(res60) = 2.6314   (208s)
[solve] candidate_0014 @ res 60  (~7 min)...
        E(res60) = 2.6283   (202s)
[solve] candidate_0015 @ res 60  (~7 min)...
        E(res60) = 2.6232   (210s)
[solve] candidate_0016 @ res 60  (~7 min)...
        E(res60) = 2.6291   (274s)
[solve] candidate_0017 @ res 60  (~7 min)...
        E(res60) = 2.6123   (236s)
[solve] candidate_0018 @ res 60  (~7 min)...
        E(res60) = 2.6279   (220s)
[solve] candidate_0019 @ res 60  (~7 min)...
        E(res60) = 2.6324   (216s)

============================================================================
VERIFICATION TABLE (res 60 -- same numerics as the bank)
============================================================================
  candidate        method     pred E  true E60 pred-true gain vs cell mean  verdict
  candidate_0011   random     2.6300    2.6341   -0.0041            +0.39%  CLAIMABLE
  candidate_0019   random     2.6269    2.6324   -0.0055            +0.32%  CLAIMABLE
  candidate_0010   random     2.6279    2.6317   -0.0038            +0.29%  ELITE-VERIFY
  candidate_0013   random     2.6244    2.6314   -0.0070            +0.29%  ELITE-VERIFY
  candidate_0005   random     2.6260    2.6306   -0.0045            +0.25%  ELITE-VERIFY
  candidate_0016   random     2.6260    2.6291   -0.0031            +0.20%  ELITE-VERIFY
  candidate_0014   random     2.6243    2.6283   -0.0040            +0.17%  ELITE-VERIFY
  candidate_0018   random     2.6241    2.6279   -0.0038            +0.15%  ELITE-VERIFY
  candidate_0001   random     2.6259    2.6256   +0.0003            +0.06%  ELITE-VERIFY
  candidate_0004   random     2.6255    2.6250   +0.0005            +0.04%  ELITE-VERIFY
  candidate_0000   random     2.6235    2.6244   -0.0009            +0.02%  ELITE-VERIFY
  candidate_0006   random     2.6236    2.6244   -0.0007            +0.02%  ELITE-VERIFY
  candidate_0012   random     2.6277    2.6233   +0.0044            -0.02%  below mean
  candidate_0015   random     2.6231    2.6232   -0.0001            -0.03%  below mean
  candidate_0007   random     2.6234    2.6183   +0.0051            -0.22%  below mean
  candidate_0009   random     2.6230    2.6170   +0.0060            -0.26%  below mean
  candidate_0008   random     2.6192    2.6146   +0.0046            -0.36%  below mean
  candidate_0002   random     2.6237    2.6138   +0.0099            -0.39%  below mean
  candidate_0017   random     2.6193    2.6123   +0.0069            -0.44%  below mean
  candidate_0003   random     2.6201    2.6034   +0.0167            -0.78%  below mean

  surrogate bias on champions (pred - true): +0.0008 (+0.03 %)  <- winner's-curse check
  rank agreement Spearman(pred, true): +0.835  (n=20)

  CHAMPION: candidate_0011  true E60 = 2.6341
    vs cell mean 2.6239: +0.39 % (floor 0.30 %)
    vs cell p95  2.6375: -0.13 %
    vs cell MAX  2.6449: -0.41 %  <- beats every random draw in the bank?
    candidates above the banked max: 0/20

[out] verification.csv + verdict JSON -> /project/rise-batteries/Photonics_RISE/runs/ablation/random_baseline/jitter_s008
[out] 20 bank-schema records -> /project/rise-batteries/Photonics_RISE/runs/ablation/random_baseline/jitter_s008/verified_samples (active learning; sample_id 900000+)
